Archive member included to satisfy reference by file (symbol)

C:/ST/STM32CubeIDE_1.15.1/STM32CubeIDE/plugins/com.st.stm32cube.ide.mcu.externaltools.gnu-tools-for-stm32.12.3.rel1.win32_1.0.100.202403111256/tools/bin/../lib/gcc/arm-none-eabi/12.3.1/../../../../arm-none-eabi/lib/thumb/v7e-m+dp/hard\libstdc++_nano.a(del_ops.o)
                              ./Core_CPP/Src/BlinkingLed.o (operator delete(void*, unsigned int))
C:/ST/STM32CubeIDE_1.15.1/STM32CubeIDE/plugins/com.st.stm32cube.ide.mcu.externaltools.gnu-tools-for-stm32.12.3.rel1.win32_1.0.100.202403111256/tools/bin/../lib/gcc/arm-none-eabi/12.3.1/../../../../arm-none-eabi/lib/thumb/v7e-m+dp/hard\libstdc++_nano.a(del_op.o)
                              C:/ST/STM32CubeIDE_1.15.1/STM32CubeIDE/plugins/com.st.stm32cube.ide.mcu.externaltools.gnu-tools-for-stm32.12.3.rel1.win32_1.0.100.202403111256/tools/bin/../lib/gcc/arm-none-eabi/12.3.1/../../../../arm-none-eabi/lib/thumb/v7e-m+dp/hard\libstdc++_nano.a(del_ops.o) (operator delete(void*))
C:/ST/STM32CubeIDE_1.15.1/STM32CubeIDE/plugins/com.st.stm32cube.ide.mcu.externaltools.gnu-tools-for-stm32.12.3.rel1.win32_1.0.100.202403111256/tools/bin/../lib/gcc/arm-none-eabi/12.3.1/../../../../arm-none-eabi/lib/thumb/v7e-m+dp/hard\libc_nano.a(libc_a-exit.o)
                              C:/ST/STM32CubeIDE_1.15.1/STM32CubeIDE/plugins/com.st.stm32cube.ide.mcu.externaltools.gnu-tools-for-stm32.12.3.rel1.win32_1.0.100.202403111256/tools/bin/../lib/gcc/arm-none-eabi/12.3.1/../../../../arm-none-eabi/lib/thumb/v7e-m+dp/hard/crt0.o (exit)
C:/ST/STM32CubeIDE_1.15.1/STM32CubeIDE/plugins/com.st.stm32cube.ide.mcu.externaltools.gnu-tools-for-stm32.12.3.rel1.win32_1.0.100.202403111256/tools/bin/../lib/gcc/arm-none-eabi/12.3.1/../../../../arm-none-eabi/lib/thumb/v7e-m+dp/hard\libc_nano.a(libc_a-malloc.o)
                              C:/ST/STM32CubeIDE_1.15.1/STM32CubeIDE/plugins/com.st.stm32cube.ide.mcu.externaltools.gnu-tools-for-stm32.12.3.rel1.win32_1.0.100.202403111256/tools/bin/../lib/gcc/arm-none-eabi/12.3.1/../../../../arm-none-eabi/lib/thumb/v7e-m+dp/hard\libstdc++_nano.a(del_op.o) (free)
C:/ST/STM32CubeIDE_1.15.1/STM32CubeIDE/plugins/com.st.stm32cube.ide.mcu.externaltools.gnu-tools-for-stm32.12.3.rel1.win32_1.0.100.202403111256/tools/bin/../lib/gcc/arm-none-eabi/12.3.1/../../../../arm-none-eabi/lib/thumb/v7e-m+dp/hard\libc_nano.a(libc_a-mallocr.o)
                              C:/ST/STM32CubeIDE_1.15.1/STM32CubeIDE/plugins/com.st.stm32cube.ide.mcu.externaltools.gnu-tools-for-stm32.12.3.rel1.win32_1.0.100.202403111256/tools/bin/../lib/gcc/arm-none-eabi/12.3.1/../../../../arm-none-eabi/lib/thumb/v7e-m+dp/hard\libc_nano.a(libc_a-malloc.o) (_malloc_r)
C:/ST/STM32CubeIDE_1.15.1/STM32CubeIDE/plugins/com.st.stm32cube.ide.mcu.externaltools.gnu-tools-for-stm32.12.3.rel1.win32_1.0.100.202403111256/tools/bin/../lib/gcc/arm-none-eabi/12.3.1/../../../../arm-none-eabi/lib/thumb/v7e-m+dp/hard\libc_nano.a(libc_a-mlock.o)
                              C:/ST/STM32CubeIDE_1.15.1/STM32CubeIDE/plugins/com.st.stm32cube.ide.mcu.externaltools.gnu-tools-for-stm32.12.3.rel1.win32_1.0.100.202403111256/tools/bin/../lib/gcc/arm-none-eabi/12.3.1/../../../../arm-none-eabi/lib/thumb/v7e-m+dp/hard\libc_nano.a(libc_a-mallocr.o) (__malloc_lock)
C:/ST/STM32CubeIDE_1.15.1/STM32CubeIDE/plugins/com.st.stm32cube.ide.mcu.externaltools.gnu-tools-for-stm32.12.3.rel1.win32_1.0.100.202403111256/tools/bin/../lib/gcc/arm-none-eabi/12.3.1/../../../../arm-none-eabi/lib/thumb/v7e-m+dp/hard\libc_nano.a(libc_a-findfp.o)
                              C:/ST/STM32CubeIDE_1.15.1/STM32CubeIDE/plugins/com.st.stm32cube.ide.mcu.externaltools.gnu-tools-for-stm32.12.3.rel1.win32_1.0.100.202403111256/tools/bin/../lib/gcc/arm-none-eabi/12.3.1/../../../../arm-none-eabi/lib/thumb/v7e-m+dp/hard\libc_nano.a(libc_a-exit.o) (__stdio_exit_handler)
C:/ST/STM32CubeIDE_1.15.1/STM32CubeIDE/plugins/com.st.stm32cube.ide.mcu.externaltools.gnu-tools-for-stm32.12.3.rel1.win32_1.0.100.202403111256/tools/bin/../lib/gcc/arm-none-eabi/12.3.1/../../../../arm-none-eabi/lib/thumb/v7e-m+dp/hard\libc_nano.a(libc_a-fwalk.o)
                              C:/ST/STM32CubeIDE_1.15.1/STM32CubeIDE/plugins/com.st.stm32cube.ide.mcu.externaltools.gnu-tools-for-stm32.12.3.rel1.win32_1.0.100.202403111256/tools/bin/../lib/gcc/arm-none-eabi/12.3.1/../../../../arm-none-eabi/lib/thumb/v7e-m+dp/hard\libc_nano.a(libc_a-findfp.o) (_fwalk_sglue)
C:/ST/STM32CubeIDE_1.15.1/STM32CubeIDE/plugins/com.st.stm32cube.ide.mcu.externaltools.gnu-tools-for-stm32.12.3.rel1.win32_1.0.100.202403111256/tools/bin/../lib/gcc/arm-none-eabi/12.3.1/../../../../arm-none-eabi/lib/thumb/v7e-m+dp/hard\libc_nano.a(libc_a-stdio.o)
                              C:/ST/STM32CubeIDE_1.15.1/STM32CubeIDE/plugins/com.st.stm32cube.ide.mcu.externaltools.gnu-tools-for-stm32.12.3.rel1.win32_1.0.100.202403111256/tools/bin/../lib/gcc/arm-none-eabi/12.3.1/../../../../arm-none-eabi/lib/thumb/v7e-m+dp/hard\libc_nano.a(libc_a-findfp.o) (__sread)
[...]
Memory Configuration

Name             Origin             Length             Attributes
RAM_D1           0x24000000         0x00080000         xrw
FLASH            0x08000000         0x00100000         xr
DTCMRAM          0x20000000         0x00020000         xrw
RAM_D2           0x30000000         0x00048000         xrw
RAM_D3           0x38000000         0x00010000         xrw
ITCMRAM          0x00000000         0x00010000         xrw
*default*        0x00000000         0xffffffff

Linker script and memory map

LOAD C:/ST/STM32CubeIDE_1.15.1/STM32CubeIDE/plugins/com.st.stm32cube.ide.mcu.externaltools.gnu-tools-for-stm32.12.3.rel1.win32_1.0.100.202403111256/tools/bin/../lib/gcc/arm-none-eabi/12.3.1/thumb/v7e-m+dp/hard/crti.o
LOAD C:/ST/STM32CubeIDE_1.15.1/STM32CubeIDE/plugins/com.st.stm32cube.ide.mcu.externaltools.gnu-tools-for-stm32.12.3.rel1.win32_1.0.100.202403111256/tools/bin/../lib/gcc/arm-none-eabi/12.3.1/thumb/v7e-m+dp/hard/crtbegin.o
LOAD C:/ST/STM32CubeIDE_1.15.1/STM32CubeIDE/plugins/com.st.stm32cube.ide.mcu.externaltools.gnu-tools-for-stm32.12.3.rel1.win32_1.0.100.202403111256/tools/bin/../lib/gcc/arm-none-eabi/12.3.1/../../../../arm-none-eabi/lib/thumb/v7e-m+dp/hard/crt0.o
LOAD ./Common/Src/system_stm32h7xx_dualcore_boot_cm4_cm7.o
LOAD ./Core/Src/cpp_main.o
LOAD ./Core/Src/main.o
LOAD ./Core/Src/stm32h7xx_hal_msp.o
LOAD ./Core/Src/stm32h7xx_it.o
LOAD ./Core/Src/syscalls.o
LOAD ./Core/Src/sysmem.o
LOAD ./Core/Startup/startup_stm32h745zitx.o
LOAD ./Core_CPP/Src/BlinkingLed.o
LOAD ./Core_CPP/Src/NoneBlockSystemTickDelay.o
LOAD ./Core_CPP/Src/STM32H7Led.o
LOAD ./Drivers/STM32H7xx_HAL_Driver/stm32h7xx_hal.o
LOAD ./Drivers/STM32H7xx_HAL_Driver/stm32h7xx_hal_cortex.o
LOAD ./Drivers/STM32H7xx_HAL_Driver/stm32h7xx_hal_dma.o
LOAD ./Drivers/STM32H7xx_HAL_Driver/stm32h7xx_hal_dma_ex.o
LOAD ./Drivers/STM32H7xx_HAL_Driver/stm32h7xx_hal_eth.o
LOAD ./Drivers/STM32H7xx_HAL_Driver/stm32h7xx_hal_eth_ex.o
LOAD ./Drivers/STM32H7xx_HAL_Driver/stm32h7xx_hal_exti.o
LOAD ./Drivers/STM32H7xx_HAL_Driver/stm32h7xx_hal_flash.o
LOAD ./Drivers/STM32H7xx_HAL_Driver/stm32h7xx_hal_flash_ex.o
LOAD ./Drivers/STM32H7xx_HAL_Driver/stm32h7xx_hal_gpio.o
LOAD ./Drivers/STM32H7xx_HAL_Driver/stm32h7xx_hal_hsem.o
LOAD ./Drivers/STM32H7xx_HAL_Driver/stm32h7xx_hal_i2c.o
LOAD ./Drivers/STM32H7xx_HAL_Driver/stm32h7xx_hal_i2c_ex.o
LOAD ./Drivers/STM32H7xx_HAL_Driver/stm32h7xx_hal_mdma.o
LOAD ./Drivers/STM32H7xx_HAL_Driver/stm32h7xx_hal_pcd.o
LOAD ./Drivers/STM32H7xx_HAL_Driver/stm32h7xx_hal_pcd_ex.o
LOAD ./Drivers/STM32H7xx_HAL_Driver/stm32h7xx_hal_pwr.o
LOAD ./Drivers/STM32H7xx_HAL_Driver/stm32h7xx_hal_pwr_ex.o
LOAD ./Drivers/STM32H7xx_HAL_Driver/stm32h7xx_hal_rcc.o
LOAD ./Drivers/STM32H7xx_HAL_Driver/stm32h7xx_hal_rcc_ex.o
LOAD ./Drivers/STM32H7xx_HAL_Driver/stm32h7xx_hal_tim.o
LOAD ./Drivers/STM32H7xx_HAL_Driver/stm32h7xx_hal_tim_ex.o
LOAD ./Drivers/STM32H7xx_HAL_Driver/stm32h7xx_hal_uart.o
LOAD ./Drivers/STM32H7xx_HAL_Driver/stm32h7xx_hal_uart_ex.o
LOAD ./Drivers/STM32H7xx_HAL_Driver/stm32h7xx_ll_usb.o
START GROUP
LOAD C:/ST/STM32CubeIDE_1.15.1/STM32CubeIDE/plugins/com.st.stm32cube.ide.mcu.externaltools.gnu-tools-for-stm32.12.3.rel1.win32_1.0.100.202403111256/tools/bin/../lib/gcc/arm-none-eabi/12.3.1/../../../../arm-none-eabi/lib/thumb/v7e-m+dp/hard\libstdc++_nano.a
LOAD C:/ST/STM32CubeIDE_1.15.1/STM32CubeIDE/plugins/com.st.stm32cube.ide.mcu.externaltools.gnu-tools-for-stm32.12.3.rel1.win32_1.0.100.202403111256/tools/bin/../lib/gcc/arm-none-eabi/12.3.1/../../../../arm-none-eabi/lib/thumb/v7e-m+dp/hard\libsupc++_nano.a
END GROUP
LOAD C:/ST/STM32CubeIDE_1.15.1/STM32CubeIDE/plugins/com.st.stm32cube.ide.mcu.externaltools.gnu-tools-for-stm32.12.3.rel1.win32_1.0.100.202403111256/tools/bin/../lib/gcc/arm-none-eabi/12.3.1/../../../../arm-none-eabi/lib/thumb/v7e-m+dp/hard\libstdc++_nano.a
LOAD C:/ST/STM32CubeIDE_1.15.1/STM32CubeIDE/plugins/com.st.stm32cube.ide.mcu.externaltools.gnu-tools-for-stm32.12.3.rel1.win32_1.0.100.202403111256/tools/bin/../lib/gcc/arm-none-eabi/12.3.1/../../../../arm-none-eabi/lib/thumb/v7e-m+dp/hard\libm.a
LOAD C:/ST/STM32CubeIDE_1.15.1/STM32CubeIDE/plugins/com.st.stm32cube.ide.mcu.externaltools.gnu-tools-for-stm32.12.3.rel1.win32_1.0.100.202403111256/tools/bin/../lib/gcc/arm-none-eabi/12.3.1/../../../../arm-none-eabi/lib/thumb/v7e-m+dp/hard\libc_nano.a
START GROUP
LOAD C:/ST/STM32CubeIDE_1.15.1/STM32CubeIDE/plugins/com.st.stm32cube.ide.mcu.externaltools.gnu-tools-for-stm32.12.3.rel1.win32_1.0.100.202403111256/tools/bin/../lib/gcc/arm-none-eabi/12.3.1/thumb/v7e-m+dp/hard\libgcc.a
LOAD C:/ST/STM32CubeIDE_1.15.1/STM32CubeIDE/plugins/com.st.stm32cube.ide.mcu.externaltools.gnu-tools-for-stm32.12.3.rel1.win32_1.0.100.202403111256/tools/bin/../lib/gcc/arm-none-eabi/12.3.1/../../../../arm-none-eabi/lib/thumb/v7e-m+dp/hard\libc_nano.a
END GROUP
START GROUP
LOAD C:/ST/STM32CubeIDE_1.15.1/STM32CubeIDE/plugins/com.st.stm32cube.ide.mcu.externaltools.gnu-tools-for-stm32.12.3.rel1.win32_1.0.100.202403111256/tools/bin/../lib/gcc/arm-none-eabi/12.3.1/thumb/v7e-m+dp/hard\libgcc.a
LOAD C:/ST/STM32CubeIDE_1.15.1/STM32CubeIDE/plugins/com.st.stm32cube.ide.mcu.externaltools.gnu-tools-for-stm32.12.3.rel1.win32_1.0.100.202403111256/tools/bin/../lib/gcc/arm-none-eabi/12.3.1/../../../../arm-none-eabi/lib/thumb/v7e-m+dp/hard\libc_nano.a
LOAD C:/ST/STM32CubeIDE_1.15.1/STM32CubeIDE/plugins/com.st.stm32cube.ide.mcu.externaltools.gnu-tools-for-stm32.12.3.rel1.win32_1.0.100.202403111256/tools/bin/../lib/gcc/arm-none-eabi/12.3.1/../../../../arm-none-eabi/lib/thumb/v7e-m+dp/hard\libnosys.a
END GROUP
START GROUP
LOAD C:/ST/STM32CubeIDE_1.15.1/STM32CubeIDE/plugins/com.st.stm32cube.ide.mcu.externaltools.gnu-tools-for-stm32.12.3.rel1.win32_1.0.100.202403111256/tools/bin/../lib/gcc/arm-none-eabi/12.3.1/thumb/v7e-m+dp/hard\libgcc.a
LOAD C:/ST/STM32CubeIDE_1.15.1/STM32CubeIDE/plugins/com.st.stm32cube.ide.mcu.externaltools.gnu-tools-for-stm32.12.3.rel1.win32_1.0.100.202403111256/tools/bin/../lib/gcc/arm-none-eabi/12.3.1/../../../../arm-none-eabi/lib/thumb/v7e-m+dp/hard\libc_nano.a
LOAD C:/ST/STM32CubeIDE_1.15.1/STM32CubeIDE/plugins/com.st.stm32cube.ide.mcu.externaltools.gnu-tools-for-stm32.12.3.rel1.win32_1.0.100.202403111256/tools/bin/../lib/gcc/arm-none-eabi/12.3.1/../../../../arm-none-eabi/lib/thumb/v7e-m+dp/hard\libnosys.a
END GROUP
LOAD C:/ST/STM32CubeIDE_1.15.1/STM32CubeIDE/plugins/com.st.stm32cube.ide.mcu.externaltools.gnu-tools-for-stm32.12.3.rel1.win32_1.0.100.202403111256/tools/bin/../lib/gcc/arm-none-eabi/12.3.1/thumb/v7e-m+dp/hard/crtend.o
LOAD C:/ST/STM32CubeIDE_1.15.1/STM32CubeIDE/plugins/com.st.stm32cube.ide.mcu.externaltools.gnu-tools-for-stm32.12.3.rel1.win32_1.0.100.202403111256/tools/bin/../lib/gcc/arm-none-eabi/12.3.1/thumb/v7e-m+dp/hard/crtn.o
                0x24080000                        _estack = (ORIGIN (RAM_D1) + LENGTH (RAM_D1))
                0x00000200                        _Min_Heap_Size = 0x200
                0x00000400                        _Min_Stack_Size = 0x400

.isr_vector     0x08000000      0x298
                0x08000000                        . = ALIGN (0x4)
 *(.isr_vector)
 .isr_vector    0x08000000      0x298 ./Core/Startup/startup_stm32h745zitx.o
                0x08000000                g_pfnVectors
                0x08000298                        . = ALIGN (0x4)

.text           0x08000298     0x6238
                0x08000298                        . = ALIGN (0x4)
 *(.text)
 .text          0x08000298       0x40 C:/ST/STM32CubeIDE_1.15.1/STM32CubeIDE/plugins/com.st.stm32cube.ide.mcu.externaltools.gnu-tools-for-stm32.12.3.rel1.win32_1.0.100.202403111256/tools/bin/../lib/gcc/arm-none-eabi/12.3.1/thumb/v7e-m+dp/hard/crtbegin.o
 .text          0x080002d8       0x30 C:/ST/STM32CubeIDE_1.15.1/STM32CubeIDE/plugins/com.st.stm32cube.ide.mcu.externaltools.gnu-tools-for-stm32.12.3.rel1.win32_1.0.100.202403111256/tools/bin/../lib/gcc/arm-none-eabi/12.3.1/thumb/v7e-m+dp/hard\libgcc.a(_aeabi_uldivmod.o)
                0x080002d8                __aeabi_uldivmod
 .text          0x08000308      0x2bc C:/ST/STM32CubeIDE_1.15.1/STM32CubeIDE/plugins/com.st.stm32cube.ide.mcu.externaltools.gnu-tools-for-stm32.12.3.rel1.win32_1.0.100.202403111256/tools/bin/../lib/gcc/arm-none-eabi/12.3.1/thumb/v7e-m+dp/hard\libgcc.a(_udivmoddi4.o)
                0x08000308                __udivmoddi4
 .text          0x080005c4        0x4 C:/ST/STM32CubeIDE_1.15.1/STM32CubeIDE/plugins/com.st.stm32cube.ide.mcu.externaltools.gnu-tools-for-stm32.12.3.rel1.win32_1.0.100.202403111256/tools/bin/../lib/gcc/arm-none-eabi/12.3.1/thumb/v7e-m+dp/hard\libgcc.a(_dvmd_tls.o)
                0x080005c4                __aeabi_idiv0
                0x080005c4                __aeabi_ldiv0
 *(.text*)
 .text.SystemInit
                0x080005c8      0x12c ./Common/Src/system_stm32h7xx_dualcore_boot_cm4_cm7.o
                0x080005c8                SystemInit
 .text.cpp_main
                0x080006f4       0x80 ./Core/Src/cpp_main.o
                0x080006f4                cpp_main
 .text.main     0x08000774       0xa4 ./Core/Src/main.o
                0x08000774                main
 .text.SystemClock_Config
                0x08000818      0x108 ./Core/Src/main.o
                0x08000818                SystemClock_Config
 .text.MX_ETH_Init
                0x08000920       0x98 ./Core/Src/main.o
 .text.MX_USART3_UART_Init
                0x080009b8       0x98 ./Core/Src/main.o
 .text.MX_USB_OTG_FS_PCD_Init
                0x08000a50       0x64 ./Core/Src/main.o
 .text.MX_GPIO_Init
                0x08000ab4      0x14c ./Core/Src/main.o
 .text.Error_Handler
                0x08000c00        0xc ./Core/Src/main.o
                0x08000c00                Error_Handler
 .text.HAL_MspInit
                0x08000c0c       0x34 ./Core/Src/stm32h7xx_hal_msp.o
                0x08000c0c                HAL_MspInit
 .text.HAL_ETH_MspInit
                0x08000c40      0x19c ./Core/Src/stm32h7xx_hal_msp.o
                0x08000c40                HAL_ETH_MspInit
 .text.HAL_UART_MspInit
                0x08000ddc       0xcc ./Core/Src/stm32h7xx_hal_msp.o
                0x08000ddc                HAL_UART_MspInit
 .text.HAL_PCD_MspInit
                0x08000ea8      0x110 ./Core/Src/stm32h7xx_hal_msp.o
                0x08000ea8                HAL_PCD_MspInit
 .text.NMI_Handler
                0x08000fb8        0x8 ./Core/Src/stm32h7xx_it.o
                0x08000fb8                NMI_Handler
 .text.HardFault_Handler
                0x08000fc0        0x8 ./Core/Src/stm32h7xx_it.o
                0x08000fc0                HardFault_Handler
 .text.MemManage_Handler
                0x08000fc8        0x8 ./Core/Src/stm32h7xx_it.o
                0x08000fc8                MemManage_Handler
 .text.BusFault_Handler
                0x08000fd0        0x8 ./Core/Src/stm32h7xx_it.o
                0x08000fd0                BusFault_Handler
 .text.UsageFault_Handler
                0x08000fd8        0x8 ./Core/Src/stm32h7xx_it.o
                0x08000fd8                UsageFault_Handler
 .text.SVC_Handler
                0x08000fe0        0xe ./Core/Src/stm32h7xx_it.o
                0x08000fe0                SVC_Handler
 .text.DebugMon_Handler
                0x08000fee        0xe ./Core/Src/stm32h7xx_it.o
                0x08000fee                DebugMon_Handler
 .text.PendSV_Handler
                0x08000ffc        0xe ./Core/Src/stm32h7xx_it.o
                0x08000ffc                PendSV_Handler
 .text.SysTick_Handler
                0x0800100a        0xc ./Core/Src/stm32h7xx_it.o
                0x0800100a                SysTick_Handler
 *fill*         0x08001016        0x2 
 .text.Reset_Handler
                0x08001018       0x50 ./Core/Startup/startup_stm32h745zitx.o
                0x08001018                Reset_Handler
 .text.Default_Handler
                0x08001068        0x2 ./Core/Startup/startup_stm32h745zitx.o
                0x08001068                RTC_Alarm_IRQHandler
                0x08001068                EXTI2_IRQHandler
                0x08001068                TIM8_CC_IRQHandler
                0x08001068                HRTIM1_Master_IRQHandler
                0x08001068                UART8_IRQHandler
                0x08001068                SPI4_IRQHandler
                0x08001068                TIM1_CC_IRQHandler
                0x08001068                BDMA_Channel6_IRQHandler
                0x08001068                DMA2_Stream5_IRQHandler
                0x08001068                HRTIM1_FLT_IRQHandler
                0x08001068                JPEG_IRQHandler
                0x08001068                DMA1_Stream5_IRQHandler
                0x08001068                BDMA_Channel1_IRQHandler
                0x08001068                HRTIM1_TIMD_IRQHandler
                0x08001068                TAMP_STAMP_IRQHandler
                0x08001068                EXTI3_IRQHandler
                0x08001068                LPTIM4_IRQHandler
                0x08001068                TIM8_TRG_COM_TIM14_IRQHandler
                0x08001068                LPTIM2_IRQHandler
                0x08001068                DFSDM1_FLT1_IRQHandler
                0x08001068                DMAMUX2_OVR_IRQHandler
                0x08001068                TIM8_UP_TIM13_IRQHandler
                0x08001068                I2C3_ER_IRQHandler
                0x08001068                DFSDM1_FLT2_IRQHandler
                0x08001068                MDMA_IRQHandler
                0x08001068                LPTIM3_IRQHandler
                0x08001068                HSEM1_IRQHandler
                0x08001068                EXTI0_IRQHandler
                0x08001068                I2C2_EV_IRQHandler
                0x08001068                DMA1_Stream2_IRQHandler
                0x08001068                FPU_IRQHandler
                0x08001068                OTG_HS_WKUP_IRQHandler
                0x08001068                FDCAN1_IT1_IRQHandler
                0x08001068                LTDC_ER_IRQHandler
                0x08001068                DMA2_Stream2_IRQHandler
                0x08001068                HRTIM1_TIME_IRQHandler
                0x08001068                SPI1_IRQHandler
                0x08001068                TIM6_DAC_IRQHandler
                0x08001068                DCMI_IRQHandler
                0x08001068                HRTIM1_TIMC_IRQHandler
                0x08001068                DMA2_Stream3_IRQHandler
                0x08001068                SAI2_IRQHandler
                0x08001068                DFSDM1_FLT3_IRQHandler
                0x08001068                USART6_IRQHandler
                0x08001068                TIM17_IRQHandler
                0x08001068                USART3_IRQHandler
                0x08001068                BDMA_Channel7_IRQHandler
                0x08001068                LPTIM5_IRQHandler
                0x08001068                UART5_IRQHandler
                0x08001068                ADC3_IRQHandler
                0x08001068                DMA2_Stream0_IRQHandler
                0x08001068                TIM4_IRQHandler
                0x08001068                BDMA_Channel2_IRQHandler
                0x08001068                QUADSPI_IRQHandler
                0x08001068                I2C1_EV_IRQHandler
                0x08001068                DMA1_Stream6_IRQHandler
                0x08001068                DMAMUX1_OVR_IRQHandler
                0x08001068                DMA1_Stream1_IRQHandler
                0x08001068                TIM16_IRQHandler
                0x08001068                UART4_IRQHandler
                0x08001068                BDMA_Channel5_IRQHandler
                0x08001068                TIM3_IRQHandler
                0x08001068                RCC_IRQHandler
                0x08001068                TIM8_BRK_TIM12_IRQHandler
                0x08001068                TIM1_TRG_COM_IRQHandler
                0x08001068                Default_Handler
                0x08001068                ECC_IRQHandler
                0x08001068                CEC_IRQHandler
                0x08001068                EXTI15_10_IRQHandler
                0x08001068                BDMA_Channel0_IRQHandler
                0x08001068                ADC_IRQHandler
                0x08001068                DMA1_Stream7_IRQHandler
                0x08001068                HRTIM1_TIMA_IRQHandler
                0x08001068                SPI5_IRQHandler
                0x08001068                TIM7_IRQHandler
                0x08001068                SDMMC1_IRQHandler
                0x08001068                TIM5_IRQHandler
                0x08001068                DMA2_Stream7_IRQHandler
                0x08001068                TIM15_IRQHandler
                0x08001068                PVD_AVD_IRQHandler
                0x08001068                I2C3_EV_IRQHandler
                0x08001068                EXTI9_5_IRQHandler
                0x08001068                RTC_WKUP_IRQHandler
                0x08001068                LTDC_IRQHandler
                0x08001068                SAI3_IRQHandler
                0x08001068                ETH_WKUP_IRQHandler
                0x08001068                SPDIF_RX_IRQHandler
                0x08001068                SPI2_IRQHandler
                0x08001068                OTG_HS_EP1_IN_IRQHandler
                0x08001068                DMA1_Stream0_IRQHandler
                0x08001068                CRS_IRQHandler
                0x08001068                CM7_SEV_IRQHandler
                0x08001068                EXTI4_IRQHandler
                0x08001068                RNG_IRQHandler
                0x08001068                CM4_SEV_IRQHandler
                0x08001068                HRTIM1_TIMB_IRQHandler
                0x08001068                FDCAN2_IT1_IRQHandler
                0x08001068                ETH_IRQHandler
                0x08001068                TIM1_UP_IRQHandler
                0x08001068                WWDG_RST_IRQHandler
                0x08001068                BDMA_Channel4_IRQHandler
                0x08001068                OTG_HS_EP1_OUT_IRQHandler
                0x08001068                WWDG_IRQHandler
                0x08001068                SPI6_IRQHandler
                0x08001068                MDIOS_IRQHandler
                0x08001068                I2C4_EV_IRQHandler
                0x08001068                FDCAN2_IT0_IRQHandler
                0x08001068                LPUART1_IRQHandler
                0x08001068                FDCAN1_IT0_IRQHandler
                0x08001068                TIM2_IRQHandler
                0x08001068                OTG_FS_WKUP_IRQHandler
                0x08001068                OTG_HS_IRQHandler
                0x08001068                HSEM2_IRQHandler
                0x08001068                DMA2D_IRQHandler
                0x08001068                TIM1_BRK_IRQHandler
                0x08001068                EXTI1_IRQHandler
                0x08001068                SDMMC2_IRQHandler
                0x08001068                OTG_FS_EP1_OUT_IRQHandler
                0x08001068                BDMA_Channel3_IRQHandler
                0x08001068                HOLD_CORE_IRQHandler
                0x08001068                UART7_IRQHandler
                0x08001068                MDIOS_WKUP_IRQHandler
                0x08001068                USART2_IRQHandler
                0x08001068                DFSDM1_FLT0_IRQHandler
                0x08001068                SAI4_IRQHandler
                0x08001068                I2C2_ER_IRQHandler
                0x08001068                DMA2_Stream1_IRQHandler
                0x08001068                FLASH_IRQHandler
                0x08001068                DMA2_Stream4_IRQHandler
                0x08001068                USART1_IRQHandler
                0x08001068                OTG_FS_IRQHandler
                0x08001068                SPI3_IRQHandler
                0x08001068                WAKEUP_PIN_IRQHandler
                0x08001068                DMA1_Stream4_IRQHandler
                0x08001068                OTG_FS_EP1_IN_IRQHandler
                0x08001068                I2C1_ER_IRQHandler
                0x08001068                FMC_IRQHandler
                0x08001068                FDCAN_CAL_IRQHandler
                0x08001068                SWPMI1_IRQHandler
                0x08001068                COMP1_IRQHandler
                0x08001068                LPTIM1_IRQHandler
                0x08001068                I2C4_ER_IRQHandler
                0x08001068                DMA2_Stream6_IRQHandler
                0x08001068                SAI1_IRQHandler
                0x08001068                DMA1_Stream3_IRQHandler
 *fill*         0x0800106a        0x2 
 .text._ZN11BlinkingLedC2EP12GPIO_TypeDeft
                0x0800106c       0x58 ./Core_CPP/Src/BlinkingLed.o
                0x0800106c                BlinkingLed::BlinkingLed(GPIO_TypeDef*, unsigned short)
                0x0800106c                BlinkingLed::BlinkingLed(GPIO_TypeDef*, unsigned short)
 .text._ZN11BlinkingLedD2Ev
                0x080010c4       0x38 ./Core_CPP/Src/BlinkingLed.o
                0x080010c4                BlinkingLed::~BlinkingLed()
                0x080010c4                BlinkingLed::~BlinkingLed()
 .text._ZThn12_N11BlinkingLedD1Ev
                0x080010fc        0x8 ./Core_CPP/Src/BlinkingLed.o
                0x080010fc                non-virtual thunk to BlinkingLed::~BlinkingLed()
 .text._ZN11BlinkingLedD0Ev
                0x08001104       0x20 ./Core_CPP/Src/BlinkingLed.o
                0x08001104                BlinkingLed::~BlinkingLed()
 .text._ZThn12_N11BlinkingLedD0Ev
                0x08001124        0x8 ./Core_CPP/Src/BlinkingLed.o
                0x08001124                non-virtual thunk to BlinkingLed::~BlinkingLed()
 .text._ZN11BlinkingLed12setFrequencyEf
                0x0800112c       0x1e ./Core_CPP/Src/BlinkingLed.o
                0x0800112c                BlinkingLed::setFrequency(float)
 *fill*         0x0800114a        0x2 
 .text._ZN11BlinkingLed15processBlinkingEv
                0x0800114c       0x5c ./Core_CPP/Src/BlinkingLed.o
                0x0800114c                BlinkingLed::processBlinking()
 .text._ZN24NoneBlockSystemTickDelayC2Ev
                0x080011a8       0x2c ./Core_CPP/Src/NoneBlockSystemTickDelay.o
                0x080011a8                NoneBlockSystemTickDelay::NoneBlockSystemTickDelay()
                0x080011a8                NoneBlockSystemTickDelay::NoneBlockSystemTickDelay()
 .text._ZN24NoneBlockSystemTickDelayD2Ev
                0x080011d4       0x20 ./Core_CPP/Src/NoneBlockSystemTickDelay.o
                0x080011d4                NoneBlockSystemTickDelay::~NoneBlockSystemTickDelay()
                0x080011d4                NoneBlockSystemTickDelay::~NoneBlockSystemTickDelay()
 .text._ZN24NoneBlockSystemTickDelayD0Ev
                0x080011f4       0x20 ./Core_CPP/Src/NoneBlockSystemTickDelay.o
                0x080011f4                NoneBlockSystemTickDelay::~NoneBlockSystemTickDelay()
 .text._ZN24NoneBlockSystemTickDelay10initializeEm
                0x08001214       0x40 ./Core_CPP/Src/NoneBlockSystemTickDelay.o
                0x08001214                NoneBlockSystemTickDelay::initialize(unsigned long)
 .text._ZN24NoneBlockSystemTickDelay15checkExpirationEv
                0x08001254       0x46 ./Core_CPP/Src/NoneBlockSystemTickDelay.o
                0x08001254                NoneBlockSystemTickDelay::checkExpiration()
 *fill*         0x0800129a        0x2 
 .text._ZN10STM32H7LedC2Ev
                0x0800129c       0x20 ./Core_CPP/Src/STM32H7Led.o
                0x0800129c                STM32H7Led::STM32H7Led()
                0x0800129c                STM32H7Led::STM32H7Led()
 .text._ZN10STM32H7LedD2Ev
                0x080012bc       0x20 ./Core_CPP/Src/STM32H7Led.o
                0x080012bc                STM32H7Led::~STM32H7Led()
                0x080012bc                STM32H7Led::~STM32H7Led()
 .text._ZN10STM32H7LedD0Ev
                0x080012dc       0x20 ./Core_CPP/Src/STM32H7Led.o
                0x080012dc                STM32H7Led::~STM32H7Led()
 .text._ZN10STM32H7Led9toggleLEDEv
                0x080012fc       0x20 ./Core_CPP/Src/STM32H7Led.o
                0x080012fc                STM32H7Led::toggleLED()
 .text.HAL_Init
                0x0800131c       0x78 ./Drivers/STM32H7xx_HAL_Driver/stm32h7xx_hal.o
                0x0800131c                HAL_Init
 .text.HAL_InitTick
                0x08001394       0x6c ./Drivers/STM32H7xx_HAL_Driver/stm32h7xx_hal.o
                0x08001394                HAL_InitTick
 .text.HAL_IncTick
                0x08001400       0x28 ./Drivers/STM32H7xx_HAL_Driver/stm32h7xx_hal.o
                0x08001400                HAL_IncTick
 .text.HAL_GetTick
                0x08001428       0x18 ./Drivers/STM32H7xx_HAL_Driver/stm32h7xx_hal.o
                0x08001428                HAL_GetTick
 .text.HAL_Delay
                0x08001440       0x48 ./Drivers/STM32H7xx_HAL_Driver/stm32h7xx_hal.o
                0x08001440                HAL_Delay
 .text.HAL_GetREVID
                0x08001488       0x18 ./Drivers/STM32H7xx_HAL_Driver/stm32h7xx_hal.o
                0x08001488                HAL_GetREVID
 .text.HAL_SYSCFG_ETHInterfaceSelect
                0x080014a0       0x28 ./Drivers/STM32H7xx_HAL_Driver/stm32h7xx_hal.o
                0x080014a0                HAL_SYSCFG_ETHInterfaceSelect
 .text.__NVIC_SetPriorityGrouping
                0x080014c8       0x48 ./Drivers/STM32H7xx_HAL_Driver/stm32h7xx_hal_cortex.o
 .text.__NVIC_GetPriorityGrouping
                0x08001510       0x1c ./Drivers/STM32H7xx_HAL_Driver/stm32h7xx_hal_cortex.o
 .text.__NVIC_SetPriority
                0x0800152c       0x54 ./Drivers/STM32H7xx_HAL_Driver/stm32h7xx_hal_cortex.o
 .text.NVIC_EncodePriority
                0x08001580       0x66 ./Drivers/STM32H7xx_HAL_Driver/stm32h7xx_hal_cortex.o
 *fill*         0x080015e6        0x2 
 .text.SysTick_Config
                0x080015e8       0x44 ./Drivers/STM32H7xx_HAL_Driver/stm32h7xx_hal_cortex.o
 .text.HAL_NVIC_SetPriorityGrouping
                0x0800162c       0x16 ./Drivers/STM32H7xx_HAL_Driver/stm32h7xx_hal_cortex.o
                0x0800162c                HAL_NVIC_SetPriorityGrouping
 .text.HAL_NVIC_SetPriority
                0x08001642       0x34 ./Drivers/STM32H7xx_HAL_Driver/stm32h7xx_hal_cortex.o
                0x08001642                HAL_NVIC_SetPriority
 .text.HAL_SYSTICK_Config
                0x08001676       0x18 ./Drivers/STM32H7xx_HAL_Driver/stm32h7xx_hal_cortex.o
                0x08001676                HAL_SYSTICK_Config
 *fill*         0x0800168e        0x2 
 .text.HAL_ETH_Init
                0x08001690      0x1cc ./Drivers/STM32H7xx_HAL_Driver/stm32h7xx_hal_eth.o
                0x08001690                HAL_ETH_Init
 .text.HAL_ETH_SetMDIOClockRange
                0x0800185c       0xb0 ./Drivers/STM32H7xx_HAL_Driver/stm32h7xx_hal_eth.o
                0x0800185c                HAL_ETH_SetMDIOClockRange
 .text.ETH_SetMACConfig
                0x0800190c      0x238 ./Drivers/STM32H7xx_HAL_Driver/stm32h7xx_hal_eth.o
 .text.ETH_SetDMAConfig
                0x08001b44      0x10c ./Drivers/STM32H7xx_HAL_Driver/stm32h7xx_hal_eth.o
 .text.ETH_MACDMAConfig
                0x08001c50      0x13a ./Drivers/STM32H7xx_HAL_Driver/stm32h7xx_hal_eth.o
 .text.ETH_DMATxDescListInit
                0x08001d8a       0x92 ./Drivers/STM32H7xx_HAL_Driver/stm32h7xx_hal_eth.o
 .text.ETH_DMARxDescListInit
                0x08001e1c       0xba ./Drivers/STM32H7xx_HAL_Driver/stm32h7xx_hal_eth.o
 *fill*         0x08001ed6        0x2 
 .text.HAL_GPIO_Init
                0x08001ed8      0x360 ./Drivers/STM32H7xx_HAL_Driver/stm32h7xx_hal_gpio.o
                0x08001ed8                HAL_GPIO_Init
 .text.HAL_GPIO_WritePin
                0x08002238       0x32 ./Drivers/STM32H7xx_HAL_Driver/stm32h7xx_hal_gpio.o
                0x08002238                HAL_GPIO_WritePin
 .text.HAL_GPIO_TogglePin
                0x0800226a       0x34 ./Drivers/STM32H7xx_HAL_Driver/stm32h7xx_hal_gpio.o
                0x0800226a                HAL_GPIO_TogglePin
 *fill*         0x0800229e        0x2 
 .text.HAL_HSEM_FastTake
                0x080022a0       0x34 ./Drivers/STM32H7xx_HAL_Driver/stm32h7xx_hal_hsem.o
                0x080022a0                HAL_HSEM_FastTake
 .text.HAL_HSEM_Release
                0x080022d4       0x28 ./Drivers/STM32H7xx_HAL_Driver/stm32h7xx_hal_hsem.o
                0x080022d4                HAL_HSEM_Release
 .text.HAL_PCD_Init
                0x080022fc      0x248 ./Drivers/STM32H7xx_HAL_Driver/stm32h7xx_hal_pcd.o
                0x080022fc                HAL_PCD_Init
 .text.HAL_PCDEx_ActivateLPM
                0x08002544       0x48 ./Drivers/STM32H7xx_HAL_Driver/stm32h7xx_hal_pcd_ex.o
                0x08002544                HAL_PCDEx_ActivateLPM
 .text.HAL_PWREx_ConfigSupply
                0x0800258c       0xb4 ./Drivers/STM32H7xx_HAL_Driver/stm32h7xx_hal_pwr_ex.o
                0x0800258c                HAL_PWREx_ConfigSupply
 .text.HAL_PWREx_EnableUSBVoltageDetector
                0x08002640       0x20 ./Drivers/STM32H7xx_HAL_Driver/stm32h7xx_hal_pwr_ex.o
                0x08002640                HAL_PWREx_EnableUSBVoltageDetector
 .text.HAL_RCC_OscConfig
                0x08002660      0x85c ./Drivers/STM32H7xx_HAL_Driver/stm32h7xx_hal_rcc.o
                0x08002660                HAL_RCC_OscConfig
 .text.HAL_RCC_ClockConfig
                0x08002ebc      0x36c ./Drivers/STM32H7xx_HAL_Driver/stm32h7xx_hal_rcc.o
                0x08002ebc                HAL_RCC_ClockConfig
 .text.HAL_RCC_GetSysClockFreq
                0x08003228      0x2f4 ./Drivers/STM32H7xx_HAL_Driver/stm32h7xx_hal_rcc.o
                0x08003228                HAL_RCC_GetSysClockFreq
 .text.HAL_RCC_GetHCLKFreq
                0x0800351c       0x60 ./Drivers/STM32H7xx_HAL_Driver/stm32h7xx_hal_rcc.o
                0x0800351c                HAL_RCC_GetHCLKFreq
 .text.HAL_RCC_GetPCLK1Freq
                0x0800357c       0x2c ./Drivers/STM32H7xx_HAL_Driver/stm32h7xx_hal_rcc.o
                0x0800357c                HAL_RCC_GetPCLK1Freq
 .text.HAL_RCC_GetPCLK2Freq
                0x080035a8       0x2c ./Drivers/STM32H7xx_HAL_Driver/stm32h7xx_hal_rcc.o
                0x080035a8                HAL_RCC_GetPCLK2Freq
 .text.HAL_RCCEx_PeriphCLKConfig
                0x080035d4      0xe8c ./Drivers/STM32H7xx_HAL_Driver/stm32h7xx_hal_rcc_ex.o
                0x080035d4                HAL_RCCEx_PeriphCLKConfig
 .text.HAL_RCCEx_GetD3PCLK1Freq
                0x08004460       0x2c ./Drivers/STM32H7xx_HAL_Driver/stm32h7xx_hal_rcc_ex.o
                0x08004460                HAL_RCCEx_GetD3PCLK1Freq
 .text.HAL_RCCEx_GetPLL2ClockFreq
                0x0800448c      0x2a8 ./Drivers/STM32H7xx_HAL_Driver/stm32h7xx_hal_rcc_ex.o
                0x0800448c                HAL_RCCEx_GetPLL2ClockFreq
 .text.HAL_RCCEx_GetPLL3ClockFreq
                0x08004734      0x2a8 ./Drivers/STM32H7xx_HAL_Driver/stm32h7xx_hal_rcc_ex.o
                0x08004734                HAL_RCCEx_GetPLL3ClockFreq
 .text.RCCEx_PLL2_Config
                0x080049dc      0x164 ./Drivers/STM32H7xx_HAL_Driver/stm32h7xx_hal_rcc_ex.o
 .text.RCCEx_PLL3_Config
                0x08004b40      0x164 ./Drivers/STM32H7xx_HAL_Driver/stm32h7xx_hal_rcc_ex.o
 .text.HAL_UART_Init
                0x08004ca4       0xa0 ./Drivers/STM32H7xx_HAL_Driver/stm32h7xx_hal_uart.o
                0x08004ca4                HAL_UART_Init
 .text.UART_SetConfig
                0x08004d44      0xad0 ./Drivers/STM32H7xx_HAL_Driver/stm32h7xx_hal_uart.o
                0x08004d44                UART_SetConfig
 .text.UART_AdvFeatureConfig
                0x08005814      0x144 ./Drivers/STM32H7xx_HAL_Driver/stm32h7xx_hal_uart.o
                0x08005814                UART_AdvFeatureConfig
 .text.UART_CheckIdleState
                0x08005958       0x96 ./Drivers/STM32H7xx_HAL_Driver/stm32h7xx_hal_uart.o
                0x08005958                UART_CheckIdleState
 .text.UART_WaitOnFlagUntilTimeout
                0x080059ee      0x190 ./Drivers/STM32H7xx_HAL_Driver/stm32h7xx_hal_uart.o
                0x080059ee                UART_WaitOnFlagUntilTimeout
 .text.HAL_UARTEx_DisableFifoMode
                0x08005b7e       0x72 ./Drivers/STM32H7xx_HAL_Driver/stm32h7xx_hal_uart_ex.o
                0x08005b7e                HAL_UARTEx_DisableFifoMode
 .text.HAL_UARTEx_SetTxFifoThreshold
                0x08005bf0       0x7c ./Drivers/STM32H7xx_HAL_Driver/stm32h7xx_hal_uart_ex.o
                0x08005bf0                HAL_UARTEx_SetTxFifoThreshold
 .text.HAL_UARTEx_SetRxFifoThreshold
                0x08005c6c       0x7c ./Drivers/STM32H7xx_HAL_Driver/stm32h7xx_hal_uart_ex.o
                0x08005c6c                HAL_UARTEx_SetRxFifoThreshold
 .text.UARTEx_SetNbDataToProcess
                0x08005ce8       0x9c ./Drivers/STM32H7xx_HAL_Driver/stm32h7xx_hal_uart_ex.o
 .text.USB_CoreInit
                0x08005d84       0xdc ./Drivers/STM32H7xx_HAL_Driver/stm32h7xx_ll_usb.o
                0x08005d84                USB_CoreInit
 .text.USB_DisableGlobalInt
                0x08005e60       0x22 ./Drivers/STM32H7xx_HAL_Driver/stm32h7xx_ll_usb.o
                0x08005e60                USB_DisableGlobalInt
 .text.USB_SetCurrentMode
                0x08005e82       0x98 ./Drivers/STM32H7xx_HAL_Driver/stm32h7xx_ll_usb.o
                0x08005e82                USB_SetCurrentMode
 *fill*         0x08005f1a        0x2 
 .text.USB_DevInit
                0x08005f1c      0x2bc ./Drivers/STM32H7xx_HAL_Driver/stm32h7xx_ll_usb.o
                0x08005f1c                USB_DevInit
 .text.USB_FlushTxFifo
                0x080061d8       0x68 ./Drivers/STM32H7xx_HAL_Driver/stm32h7xx_ll_usb.o
                0x080061d8                USB_FlushTxFifo
 .text.USB_FlushRxFifo
                0x08006240       0x60 ./Drivers/STM32H7xx_HAL_Driver/stm32h7xx_ll_usb.o
                0x08006240                USB_FlushRxFifo
 .text.USB_SetDevSpeed
                0x080062a0       0x32 ./Drivers/STM32H7xx_HAL_Driver/stm32h7xx_ll_usb.o
                0x080062a0                USB_SetDevSpeed
 .text.USB_DevDisconnect
                0x080062d2       0x42 ./Drivers/STM32H7xx_HAL_Driver/stm32h7xx_ll_usb.o
                0x080062d2                USB_DevDisconnect
 .text.USB_GetMode
                0x08006314       0x1c ./Drivers/STM32H7xx_HAL_Driver/stm32h7xx_ll_usb.o
                0x08006314                USB_GetMode
 .text.USB_CoreReset
                0x08006330       0x68 ./Drivers/STM32H7xx_HAL_Driver/stm32h7xx_ll_usb.o
 .text._ZdlPvj  0x08006398        0x4 C:/ST/STM32CubeIDE_1.15.1/STM32CubeIDE/plugins/com.st.stm32cube.ide.mcu.externaltools.gnu-tools-for-stm32.12.3.rel1.win32_1.0.100.202403111256/tools/bin/../lib/gcc/arm-none-eabi/12.3.1/../../../../arm-none-eabi/lib/thumb/v7e-m+dp/hard\libstdc++_nano.a(del_ops.o)
                0x08006398                operator delete(void*, unsigned int)
 .text._ZdlPv   0x0800639c        0x4 C:/ST/STM32CubeIDE_1.15.1/STM32CubeIDE/plugins/com.st.stm32cube.ide.mcu.externaltools.gnu-tools-for-stm32.12.3.rel1.win32_1.0.100.202403111256/tools/bin/../lib/gcc/arm-none-eabi/12.3.1/../../../../arm-none-eabi/lib/thumb/v7e-m+dp/hard\libstdc++_nano.a(del_op.o)
                0x0800639c                operator delete(void*)
 .text.free     0x080063a0       0x10 C:/ST/STM32CubeIDE_1.15.1/STM32CubeIDE/plugins/com.st.stm32cube.ide.mcu.externaltools.gnu-tools-for-stm32.12.3.rel1.win32_1.0.100.202403111256/tools/bin/../lib/gcc/arm-none-eabi/12.3.1/../../../../arm-none-eabi/lib/thumb/v7e-m+dp/hard\libc_nano.a(libc_a-malloc.o)
                0x080063a0                free
 .text.__malloc_lock
                0x080063b0        0xc C:/ST/STM32CubeIDE_1.15.1/STM32CubeIDE/plugins/com.st.stm32cube.ide.mcu.externaltools.gnu-tools-for-stm32.12.3.rel1.win32_1.0.100.202403111256/tools/bin/../lib/gcc/arm-none-eabi/12.3.1/../../../../arm-none-eabi/lib/thumb/v7e-m+dp/hard\libc_nano.a(libc_a-mlock.o)
                0x080063b0                __malloc_lock
 .text.__malloc_unlock
                0x080063bc        0xc C:/ST/STM32CubeIDE_1.15.1/STM32CubeIDE/plugins/com.st.stm32cube.ide.mcu.externaltools.gnu-tools-for-stm32.12.3.rel1.win32_1.0.100.202403111256/tools/bin/../lib/gcc/arm-none-eabi/12.3.1/../../../../arm-none-eabi/lib/thumb/v7e-m+dp/hard\libc_nano.a(libc_a-mlock.o)
                0x080063bc                __malloc_unlock
 .text.memset   0x080063c8       0x10 C:/ST/STM32CubeIDE_1.15.1/STM32CubeIDE/plugins/com.st.stm32cube.ide.mcu.externaltools.gnu-tools-for-stm32.12.3.rel1.win32_1.0.100.202403111256/tools/bin/../lib/gcc/arm-none-eabi/12.3.1/../../../../arm-none-eabi/lib/thumb/v7e-m+dp/hard\libc_nano.a(libc_a-memset.o)
                0x080063c8                memset
 .text.__libc_init_array
                0x080063d8       0x48 C:/ST/STM32CubeIDE_1.15.1/STM32CubeIDE/plugins/com.st.stm32cube.ide.mcu.externaltools.gnu-tools-for-stm32.12.3.rel1.win32_1.0.100.202403111256/tools/bin/../lib/gcc/arm-none-eabi/12.3.1/../../../../arm-none-eabi/lib/thumb/v7e-m+dp/hard\libc_nano.a(libc_a-init.o)
                0x080063d8                __libc_init_array
 .text.__retarget_lock_acquire_recursive
                0x08006420        0x2 C:/ST/STM32CubeIDE_1.15.1/STM32CubeIDE/plugins/com.st.stm32cube.ide.mcu.externaltools.gnu-tools-for-stm32.12.3.rel1.win32_1.0.100.202403111256/tools/bin/../lib/gcc/arm-none-eabi/12.3.1/../../../../arm-none-eabi/lib/thumb/v7e-m+dp/hard\libc_nano.a(libc_a-lock.o)
                0x08006420                __retarget_lock_acquire_recursive
 .text.__retarget_lock_release_recursive
                0x08006422        0x2 C:/ST/STM32CubeIDE_1.15.1/STM32CubeIDE/plugins/com.st.stm32cube.ide.mcu.externaltools.gnu-tools-for-stm32.12.3.rel1.win32_1.0.100.202403111256/tools/bin/../lib/gcc/arm-none-eabi/12.3.1/../../../../arm-none-eabi/lib/thumb/v7e-m+dp/hard\libc_nano.a(libc_a-lock.o)
                0x08006422                __retarget_lock_release_recursive
 .text._free_r  0x08006424       0x94 C:/ST/STM32CubeIDE_1.15.1/STM32CubeIDE/plugins/com.st.stm32cube.ide.mcu.externaltools.gnu-tools-for-stm32.12.3.rel1.win32_1.0.100.202403111256/tools/bin/../lib/gcc/arm-none-eabi/12.3.1/../../../../arm-none-eabi/lib/thumb/v7e-m+dp/hard\libc_nano.a(libc_a-freer.o)
                0x08006424                _free_r
 *(.glue_7)
 .glue_7        0x080064b8        0x0 linker stubs
 *(.glue_7t)
 .glue_7t       0x080064b8        0x0 linker stubs
 *(.eh_frame)
 .eh_frame      0x080064b8        0x0 C:/ST/STM32CubeIDE_1.15.1/STM32CubeIDE/plugins/com.st.stm32cube.ide.mcu.externaltools.gnu-tools-for-stm32.12.3.rel1.win32_1.0.100.202403111256/tools/bin/../lib/gcc/arm-none-eabi/12.3.1/thumb/v7e-m+dp/hard/crtbegin.o
 *(.init)
 .init          0x080064b8        0x4 C:/ST/STM32CubeIDE_1.15.1/STM32CubeIDE/plugins/com.st.stm32cube.ide.mcu.externaltools.gnu-tools-for-stm32.12.3.rel1.win32_1.0.100.202403111256/tools/bin/../lib/gcc/arm-none-eabi/12.3.1/thumb/v7e-m+dp/hard/crti.o
                0x080064b8                _init
 .init          0x080064bc        0x8 C:/ST/STM32CubeIDE_1.15.1/STM32CubeIDE/plugins/com.st.stm32cube.ide.mcu.externaltools.gnu-tools-for-stm32.12.3.rel1.win32_1.0.100.202403111256/tools/bin/../lib/gcc/arm-none-eabi/12.3.1/thumb/v7e-m+dp/hard/crtn.o
 *(.fini)
 .fini          0x080064c4        0x4 C:/ST/STM32CubeIDE_1.15.1/STM32CubeIDE/plugins/com.st.stm32cube.ide.mcu.externaltools.gnu-tools-for-stm32.12.3.rel1.win32_1.0.100.202403111256/tools/bin/../lib/gcc/arm-none-eabi/12.3.1/thumb/v7e-m+dp/hard/crti.o
                0x080064c4                _fini
 .fini          0x080064c8        0x8 C:/ST/STM32CubeIDE_1.15.1/STM32CubeIDE/plugins/com.st.stm32cube.ide.mcu.externaltools.gnu-tools-for-stm32.12.3.rel1.win32_1.0.100.202403111256/tools/bin/../lib/gcc/arm-none-eabi/12.3.1/thumb/v7e-m+dp/hard/crtn.o
                0x080064d0                        . = ALIGN (0x4)
                0x080064d0                        _etext = .

.vfp11_veneer   0x080064d0        0x0
 .vfp11_veneer  0x080064d0        0x0 linker stubs

.v4_bx          0x080064d0        0x0
 .v4_bx         0x080064d0        0x0 linker stubs

.iplt           0x080064d0        0x0
 .iplt          0x080064d0        0x0 C:/ST/STM32CubeIDE_1.15.1/STM32CubeIDE/plugins/com.st.stm32cube.ide.mcu.externaltools.gnu-tools-for-stm32.12.3.rel1.win32_1.0.100.202403111256/tools/bin/../lib/gcc/arm-none-eabi/12.3.1/thumb/v7e-m+dp/hard/crtbegin.o

.rodata         0x080064d0       0x78
                0x080064d0                        . = ALIGN (0x4)
 *(.rodata)
 *(.rodata*)
 .rodata.D1CorePrescTable
                0x080064d0       0x10 ./Common/Src/system_stm32h7xx_dualcore_boot_cm4_cm7.o
                0x080064d0                D1CorePrescTable
 .rodata._ZTV11BlinkingLed
                0x080064e0       0x20 ./Core_CPP/Src/BlinkingLed.o
                0x080064e0                vtable for BlinkingLed
 .rodata._ZTV24NoneBlockSystemTickDelay
                0x08006500       0x10 ./Core_CPP/Src/NoneBlockSystemTickDelay.o
                0x08006500                vtable for NoneBlockSystemTickDelay
 .rodata._ZTV10STM32H7Led
                0x08006510       0x10 ./Core_CPP/Src/STM32H7Led.o
                0x08006510                vtable for STM32H7Led
 .rodata.UARTPrescTable
                0x08006520       0x18 ./Drivers/STM32H7xx_HAL_Driver/stm32h7xx_hal_uart.o
                0x08006520                UARTPrescTable
 .rodata.numerator.1
                0x08006538        0x8 ./Drivers/STM32H7xx_HAL_Driver/stm32h7xx_hal_uart_ex.o
 .rodata.denominator.0
                0x08006540        0x8 ./Drivers/STM32H7xx_HAL_Driver/stm32h7xx_hal_uart_ex.o
                0x08006548                        . = ALIGN (0x4)

.ARM.extab      0x08006548        0x0
                0x08006548                        . = ALIGN (0x4)
 *(.ARM.extab* .gnu.linkonce.armextab.*)
                0x08006548                        . = ALIGN (0x4)

.ARM            0x08006548        0x8
                0x08006548                        . = ALIGN (0x4)
                0x08006548                        __exidx_start = .
 *(.ARM.exidx*)
 .ARM.exidx     0x08006548        0x8 C:/ST/STM32CubeIDE_1.15.1/STM32CubeIDE/plugins/com.st.stm32cube.ide.mcu.externaltools.gnu-tools-for-stm32.12.3.rel1.win32_1.0.100.202403111256/tools/bin/../lib/gcc/arm-none-eabi/12.3.1/thumb/v7e-m+dp/hard\libgcc.a(_udivmoddi4.o)
                0x08006550                        __exidx_end = .
                0x08006550                        . = ALIGN (0x4)

.rel.dyn        0x08006550        0x0
 .rel.iplt      0x08006550        0x0 C:/ST/STM32CubeIDE_1.15.1/STM32CubeIDE/plugins/com.st.stm32cube.ide.mcu.externaltools.gnu-tools-for-stm32.12.3.rel1.win32_1.0.100.202403111256/tools/bin/../lib/gcc/arm-none-eabi/12.3.1/thumb/v7e-m+dp/hard/crtbegin.o

.preinit_array  0x08006550        0x0
                0x08006550                        . = ALIGN (0x4)
                0x08006550                        PROVIDE (__preinit_array_start = .)
 *(.preinit_array*)
                0x08006550                        PROVIDE (__preinit_array_end = .)
                0x08006550                        . = ALIGN (0x4)

.init_array     0x08006550        0x4
                0x08006550                        . = ALIGN (0x4)
                0x08006550                        PROVIDE (__init_array_start = .)
 *(SORT_BY_NAME(.init_array.*))
 *(.init_array*)
 .init_array    0x08006550        0x4 C:/ST/STM32CubeIDE_1.15.1/STM32CubeIDE/plugins/com.st.stm32cube.ide.mcu.externaltools.gnu-tools-for-stm32.12.3.rel1.win32_1.0.100.202403111256/tools/bin/../lib/gcc/arm-none-eabi/12.3.1/thumb/v7e-m+dp/hard/crtbegin.o
                0x08006554                        PROVIDE (__init_array_end = .)
                0x08006554                        . = ALIGN (0x4)

.fini_array     0x08006554        0x4
                0x08006554                        . = ALIGN (0x4)
                [!provide]                        PROVIDE (__fini_array_start = .)
 *(SORT_BY_NAME(.fini_array.*))
 *(.fini_array*)
 .fini_array    0x08006554        0x4 C:/ST/STM32CubeIDE_1.15.1/STM32CubeIDE/plugins/com.st.stm32cube.ide.mcu.externaltools.gnu-tools-for-stm32.12.3.rel1.win32_1.0.100.202403111256/tools/bin/../lib/gcc/arm-none-eabi/12.3.1/thumb/v7e-m+dp/hard/crtbegin.o
                [!provide]                        PROVIDE (__fini_array_end = .)
                0x08006558                        . = ALIGN (0x4)
                0x08006558                        _sidata = LOADADDR (.data)

.data           0x24000000       0x60 load address 0x08006558
                0x24000000                        . = ALIGN (0x4)
                0x24000000                        _sdata = .
 *(.data)
 *(.data*)
 .data.SystemCoreClock
                0x24000000        0x4 ./Common/Src/system_stm32h7xx_dualcore_boot_cm4_cm7.o
                0x24000000                SystemCoreClock
 .data.SystemD2Clock
                0x24000004        0x4 ./Common/Src/system_stm32h7xx_dualcore_boot_cm4_cm7.o
                0x24000004                SystemD2Clock
 .data.uwTickPrio
                0x24000008        0x4 ./Drivers/STM32H7xx_HAL_Driver/stm32h7xx_hal.o
                0x24000008                uwTickPrio
 .data.uwTickFreq
                0x2400000c        0x1 ./Drivers/STM32H7xx_HAL_Driver/stm32h7xx_hal.o
                0x2400000c                uwTickFreq
 *fill*         0x2400000d        0x3 
 .data._impure_ptr
                0x24000010        0x4 C:/ST/STM32CubeIDE_1.15.1/STM32CubeIDE/plugins/com.st.stm32cube.ide.mcu.externaltools.gnu-tools-for-stm32.12.3.rel1.win32_1.0.100.202403111256/tools/bin/../lib/gcc/arm-none-eabi/12.3.1/../../../../arm-none-eabi/lib/thumb/v7e-m+dp/hard\libc_nano.a(libc_a-impure.o)
                0x24000010                _impure_ptr
 .data._impure_data
                0x24000014       0x4c C:/ST/STM32CubeIDE_1.15.1/STM32CubeIDE/plugins/com.st.stm32cube.ide.mcu.externaltools.gnu-tools-for-stm32.12.3.rel1.win32_1.0.100.202403111256/tools/bin/../lib/gcc/arm-none-eabi/12.3.1/../../../../arm-none-eabi/lib/thumb/v7e-m+dp/hard\libc_nano.a(libc_a-impure.o)
                0x24000014                _impure_data
 *(.RamFunc)
 *(.RamFunc*)
                0x24000060                        . = ALIGN (0x4)
                0x24000060                        _edata = .

.igot.plt       0x24000060        0x0 load address 0x080065b8
 .igot.plt      0x24000060        0x0 C:/ST/STM32CubeIDE_1.15.1/STM32CubeIDE/plugins/com.st.stm32cube.ide.mcu.externaltools.gnu-tools-for-stm32.12.3.rel1.win32_1.0.100.202403111256/tools/bin/../lib/gcc/arm-none-eabi/12.3.1/thumb/v7e-m+dp/hard/crtbegin.o

.RxDecripSection
                0x24000060       0x60 load address 0x080065b8
 .RxDecripSection
                0x24000060       0x60 ./Core/Src/main.o
                0x24000060                DMARxDscrTab

.TxDecripSection
                0x240000c0       0x60 load address 0x08006618
 .TxDecripSection
                0x240000c0       0x60 ./Core/Src/main.o
                0x240000c0                DMATxDscrTab
                0x24000120                        . = ALIGN (0x4)

.bss            0x24000120      0x7ec load address 0x08006678
                0x24000120                        _sbss = .
                0x24000120                        __bss_start__ = _sbss
 *(.bss)
 .bss           0x24000120       0x1c C:/ST/STM32CubeIDE_1.15.1/STM32CubeIDE/plugins/com.st.stm32cube.ide.mcu.externaltools.gnu-tools-for-stm32.12.3.rel1.win32_1.0.100.202403111256/tools/bin/../lib/gcc/arm-none-eabi/12.3.1/thumb/v7e-m+dp/hard/crtbegin.o
 *(.bss*)
 .bss.TxConfig  0x2400013c       0x38 ./Core/Src/main.o
                0x2400013c                TxConfig
 .bss.heth      0x24000174       0xb0 ./Core/Src/main.o
                0x24000174                heth
 .bss.huart3    0x24000224       0x90 ./Core/Src/main.o
                0x24000224                huart3
 .bss.hpcd_USB_OTG_FS
                0x240002b4      0x50c ./Core/Src/main.o
                0x240002b4                hpcd_USB_OTG_FS
 .bss.MACAddr.0
                0x240007c0        0x6 ./Core/Src/main.o
 *fill*         0x240007c6        0x2 
 .bss.uwTick    0x240007c8        0x4 ./Drivers/STM32H7xx_HAL_Driver/stm32h7xx_hal.o
                0x240007c8                uwTick
 .bss.__malloc_free_list
                0x240007cc        0x4 C:/ST/STM32CubeIDE_1.15.1/STM32CubeIDE/plugins/com.st.stm32cube.ide.mcu.externaltools.gnu-tools-for-stm32.12.3.rel1.win32_1.0.100.202403111256/tools/bin/../lib/gcc/arm-none-eabi/12.3.1/../../../../arm-none-eabi/lib/thumb/v7e-m+dp/hard\libc_nano.a(libc_a-mallocr.o)
                0x240007cc                __malloc_free_list
 .bss.__sf      0x240007d0      0x138 C:/ST/STM32CubeIDE_1.15.1/STM32CubeIDE/plugins/com.st.stm32cube.ide.mcu.externaltools.gnu-tools-for-stm32.12.3.rel1.win32_1.0.100.202403111256/tools/bin/../lib/gcc/arm-none-eabi/12.3.1/../../../../arm-none-eabi/lib/thumb/v7e-m+dp/hard\libc_nano.a(libc_a-findfp.o)
                0x240007d0                __sf
 .bss.__lock___malloc_recursive_mutex
                0x24000908        0x1 C:/ST/STM32CubeIDE_1.15.1/STM32CubeIDE/plugins/com.st.stm32cube.ide.mcu.externaltools.gnu-tools-for-stm32.12.3.rel1.win32_1.0.100.202403111256/tools/bin/../lib/gcc/arm-none-eabi/12.3.1/../../../../arm-none-eabi/lib/thumb/v7e-m+dp/hard\libc_nano.a(libc_a-lock.o)
                0x24000908                __lock___malloc_recursive_mutex
 *(COMMON)
                0x2400090c                        . = ALIGN (0x4)
 *fill*         0x24000909        0x3 
                0x2400090c                        _ebss = .
                0x2400090c                        __bss_end__ = _ebss

._user_heap_stack
                0x2400090c      0x604 load address 0x08006678
                0x24000910                        . = ALIGN (0x8)
 *fill*         0x2400090c        0x4 
                [!provide]                        PROVIDE (end = .)
                0x24000910                        PROVIDE (_end = .)
                0x24000b10                        . = (. + _Min_Heap_Size)
 *fill*         0x24000910      0x200 
                0x24000f10                        . = (. + _Min_Stack_Size)
 *fill*         0x24000b10      0x400 
                0x24000f10                        . = ALIGN (0x8)

/DISCARD/
 libc.a(*)
 libm.a(*)
 libgcc.a(*)

.ARM.attributes
                0x00000000       0x2e
 *(.ARM.attributes)
 .ARM.attributes
                0x00000000       0x20 C:/ST/STM32CubeIDE_1.15.1/STM32CubeIDE/plugins/com.st.stm32cube.ide.mcu.externaltools.gnu-tools-for-stm32.12.3.rel1.win32_1.0.100.202403111256/tools/bin/../lib/gcc/arm-none-eabi/12.3.1/thumb/v7e-m+dp/hard/crti.o
 .ARM.attributes
                0x00000020       0x32 C:/ST/STM32CubeIDE_1.15.1/STM32CubeIDE/plugins/com.st.stm32cube.ide.mcu.externaltools.gnu-tools-for-stm32.12.3.rel1.win32_1.0.100.202403111256/tools/bin/../lib/gcc/arm-none-eabi/12.3.1/thumb/v7e-m+dp/hard/crtbegin.o
 .ARM.attributes
                0x00000052       0x32 ./Common/Src/system_stm32h7xx_dualcore_boot_cm4_cm7.o
 .ARM.attributes
                0x00000084       0x32 ./Core/Src/cpp_main.o
 .ARM.attributes
                0x000000b6       0x32 ./Core/Src/main.o
 .ARM.attributes
                0x000000e8       0x32 ./Core/Src/stm32h7xx_hal_msp.o
 .ARM.attributes
                0x0000011a       0x32 ./Core/Src/stm32h7xx_it.o
 .ARM.attributes
                0x0000014c       0x21 ./Core/Startup/startup_stm32h745zitx.o
 .ARM.attributes
                0x0000016d       0x32 ./Core_CPP/Src/BlinkingLed.o
 .ARM.attributes
                0x0000019f       0x32 ./Core_CPP/Src/NoneBlockSystemTickDelay.o
 .ARM.attributes
                0x000001d1       0x32 ./Core_CPP/Src/STM32H7Led.o
 .ARM.attributes
                0x00000203       0x32 ./Drivers/STM32H7xx_HAL_Driver/stm32h7xx_hal.o
 .ARM.attributes
                0x00000235       0x32 ./Drivers/STM32H7xx_HAL_Driver/stm32h7xx_hal_cortex.o
 .ARM.attributes
                0x00000267       0x32 ./Drivers/STM32H7xx_HAL_Driver/stm32h7xx_hal_eth.o
 .ARM.attributes
                0x00000299       0x32 ./Drivers/STM32H7xx_HAL_Driver/stm32h7xx_hal_gpio.o
 .ARM.attributes
                0x000002cb       0x32 ./Drivers/STM32H7xx_HAL_Driver/stm32h7xx_hal_hsem.o
 .ARM.attributes
                0x000002fd       0x32 ./Drivers/STM32H7xx_HAL_Driver/stm32h7xx_hal_pcd.o
 .ARM.attributes
                0x0000032f       0x32 ./Drivers/STM32H7xx_HAL_Driver/stm32h7xx_hal_pcd_ex.o
 .ARM.attributes
                0x00000361       0x32 ./Drivers/STM32H7xx_HAL_Driver/stm32h7xx_hal_pwr_ex.o
 .ARM.attributes
                0x00000393       0x32 ./Drivers/STM32H7xx_HAL_Driver/stm32h7xx_hal_rcc.o
 .ARM.attributes
                0x000003c5       0x32 ./Drivers/STM32H7xx_HAL_Driver/stm32h7xx_hal_rcc_ex.o
 .ARM.attributes
                0x000003f7       0x32 ./Drivers/STM32H7xx_HAL_Driver/stm32h7xx_hal_uart.o
 .ARM.attributes
                0x00000429       0x32 ./Drivers/STM32H7xx_HAL_Driver/stm32h7xx_hal_uart_ex.o
 .ARM.attributes
                0x0000045b       0x32 ./Drivers/STM32H7xx_HAL_Driver/stm32h7xx_ll_usb.o
 .ARM.attributes
                0x0000048d       0x32 C:/ST/STM32CubeIDE_1.15.1/STM32CubeIDE/plugins/com.st.stm32cube.ide.mcu.externaltools.gnu-tools-for-stm32.12.3.rel1.win32_1.0.100.202403111256/tools/bin/../lib/gcc/arm-none-eabi/12.3.1/../../../../arm-none-eabi/lib/thumb/v7e-m+dp/hard\libstdc++_nano.a(del_ops.o)
 .ARM.attributes
                0x000004bf       0x32 C:/ST/STM32CubeIDE_1.15.1/STM32CubeIDE/plugins/com.st.stm32cube.ide.mcu.externaltools.gnu-tools-for-stm32.12.3.rel1.win32_1.0.100.202403111256/tools/bin/../lib/gcc/arm-none-eabi/12.3.1/../../../../arm-none-eabi/lib/thumb/v7e-m+dp/hard\libstdc++_nano.a(del_op.o)
 .ARM.attributes
                0x000004f1       0x32 C:/ST/STM32CubeIDE_1.15.1/STM32CubeIDE/plugins/com.st.stm32cube.ide.mcu.externaltools.gnu-tools-for-stm32.12.3.rel1.win32_1.0.100.202403111256/tools/bin/../lib/gcc/arm-none-eabi/12.3.1/../../../../arm-none-eabi/lib/thumb/v7e-m+dp/hard\libc_nano.a(libc_a-malloc.o)
 .ARM.attributes
                0x00000523       0x32 C:/ST/STM32CubeIDE_1.15.1/STM32CubeIDE/plugins/com.st.stm32cube.ide.mcu.externaltools.gnu-tools-for-stm32.12.3.rel1.win32_1.0.100.202403111256/tools/bin/../lib/gcc/arm-none-eabi/12.3.1/../../../../arm-none-eabi/lib/thumb/v7e-m+dp/hard\libc_nano.a(libc_a-mallocr.o)
 .ARM.attributes
                0x00000555       0x32 C:/ST/STM32CubeIDE_1.15.1/STM32CubeIDE/plugins/com.st.stm32cube.ide.mcu.externaltools.gnu-tools-for-stm32.12.3.rel1.win32_1.0.100.202403111256/tools/bin/../lib/gcc/arm-none-eabi/12.3.1/../../../../arm-none-eabi/lib/thumb/v7e-m+dp/hard\libc_nano.a(libc_a-mlock.o)
 .ARM.attributes
                0x00000587       0x32 C:/ST/STM32CubeIDE_1.15.1/STM32CubeIDE/plugins/com.st.stm32cube.ide.mcu.externaltools.gnu-tools-for-stm32.12.3.rel1.win32_1.0.100.202403111256/tools/bin/../lib/gcc/arm-none-eabi/12.3.1/../../../../arm-none-eabi/lib/thumb/v7e-m+dp/hard\libc_nano.a(libc_a-findfp.o)
 .ARM.attributes
                0x000005b9       0x32 C:/ST/STM32CubeIDE_1.15.1/STM32CubeIDE/plugins/com.st.stm32cube.ide.mcu.externaltools.gnu-tools-for-stm32.12.3.rel1.win32_1.0.100.202403111256/tools/bin/../lib/gcc/arm-none-eabi/12.3.1/../../../../arm-none-eabi/lib/thumb/v7e-m+dp/hard\libc_nano.a(libc_a-memset.o)
 .ARM.attributes
                0x000005eb       0x32 C:/ST/STM32CubeIDE_1.15.1/STM32CubeIDE/plugins/com.st.stm32cube.ide.mcu.externaltools.gnu-tools-for-stm32.12.3.rel1.win32_1.0.100.202403111256/tools/bin/../lib/gcc/arm-none-eabi/12.3.1/../../../../arm-none-eabi/lib/thumb/v7e-m+dp/hard\libc_nano.a(libc_a-impure.o)
 .ARM.attributes
                0x0000061d       0x32 C:/ST/STM32CubeIDE_1.15.1/STM32CubeIDE/plugins/com.st.stm32cube.ide.mcu.externaltools.gnu-tools-for-stm32.12.3.rel1.win32_1.0.100.202403111256/tools/bin/../lib/gcc/arm-none-eabi/12.3.1/../../../../arm-none-eabi/lib/thumb/v7e-m+dp/hard\libc_nano.a(libc_a-init.o)
 .ARM.attributes
                0x0000064f       0x32 C:/ST/STM32CubeIDE_1.15.1/STM32CubeIDE/plugins/com.st.stm32cube.ide.mcu.externaltools.gnu-tools-for-stm32.12.3.rel1.win32_1.0.100.202403111256/tools/bin/../lib/gcc/arm-none-eabi/12.3.1/../../../../arm-none-eabi/lib/thumb/v7e-m+dp/hard\libc_nano.a(libc_a-lock.o)
 .ARM.attributes
                0x00000681       0x32 C:/ST/STM32CubeIDE_1.15.1/STM32CubeIDE/plugins/com.st.stm32cube.ide.mcu.externaltools.gnu-tools-for-stm32.12.3.rel1.win32_1.0.100.202403111256/tools/bin/../lib/gcc/arm-none-eabi/12.3.1/../../../../arm-none-eabi/lib/thumb/v7e-m+dp/hard\libc_nano.a(libc_a-freer.o)
 .ARM.attributes
                0x000006b3       0x20 C:/ST/STM32CubeIDE_1.15.1/STM32CubeIDE/plugins/com.st.stm32cube.ide.mcu.externaltools.gnu-tools-for-stm32.12.3.rel1.win32_1.0.100.202403111256/tools/bin/../lib/gcc/arm-none-eabi/12.3.1/thumb/v7e-m+dp/hard\libgcc.a(_aeabi_uldivmod.o)
 .ARM.attributes
                0x000006d3       0x32 C:/ST/STM32CubeIDE_1.15.1/STM32CubeIDE/plugins/com.st.stm32cube.ide.mcu.externaltools.gnu-tools-for-stm32.12.3.rel1.win32_1.0.100.202403111256/tools/bin/../lib/gcc/arm-none-eabi/12.3.1/thumb/v7e-m+dp/hard\libgcc.a(_udivmoddi4.o)
 .ARM.attributes
                0x00000705       0x20 C:/ST/STM32CubeIDE_1.15.1/STM32CubeIDE/plugins/com.st.stm32cube.ide.mcu.externaltools.gnu-tools-for-stm32.12.3.rel1.win32_1.0.100.202403111256/tools/bin/../lib/gcc/arm-none-eabi/12.3.1/thumb/v7e-m+dp/hard\libgcc.a(_dvmd_tls.o)
 .ARM.attributes
                0x00000725       0x20 C:/ST/STM32CubeIDE_1.15.1/STM32CubeIDE/plugins/com.st.stm32cube.ide.mcu.externaltools.gnu-tools-for-stm32.12.3.rel1.win32_1.0.100.202403111256/tools/bin/../lib/gcc/arm-none-eabi/12.3.1/thumb/v7e-m+dp/hard/crtn.o
OUTPUT(CPP_Blinky_CM7.elf elf32-littlearm)
LOAD linker stubs
LOAD C:/ST/STM32CubeIDE_1.15.1/STM32CubeIDE/plugins/com.st.stm32cube.ide.mcu.externaltools.gnu-tools-for-stm32.12.3.rel1.win32_1.0.100.202403111256/tools/bin/../lib/gcc/arm-none-eabi/12.3.1/../../../../arm-none-eabi/lib/thumb/v7e-m+dp/hard\libc.a
LOAD C:/ST/STM32CubeIDE_1.15.1/STM32CubeIDE/plugins/com.st.stm32cube.ide.mcu.externaltools.gnu-tools-for-stm32.12.3.rel1.win32_1.0.100.202403111256/tools/bin/../lib/gcc/arm-none-eabi/12.3.1/../../../../arm-none-eabi/lib/thumb/v7e-m+dp/hard\libm.a
LOAD C:/ST/STM32CubeIDE_1.15.1/STM32CubeIDE/plugins/com.st.stm32cube.ide.mcu.externaltools.gnu-tools-for-stm32.12.3.rel1.win32_1.0.100.202403111256/tools/bin/../lib/gcc/arm-none-eabi/12.3.1/thumb/v7e-m+dp/hard\libgcc.a

.debug_info     0x00000000    0x1e8fa
 .debug_info    0x00000000      0xdb0 ./Common/Src/system_stm32h7xx_dualcore_boot_cm4_cm7.o
 .debug_info    0x00000db0     0x17da ./Core/Src/cpp_main.o
 .debug_info    0x0000258a     0x2911 ./Core/Src/main.o
 .debug_info    0x00004e9b     0x24be ./Core/Src/stm32h7xx_hal_msp.o
 .debug_info    0x00007359      0x128 ./Core/Src/stm32h7xx_it.o
 .debug_info    0x00007481       0x30 ./Core/Startup/startup_stm32h745zitx.o
 .debug_info    0x000074b1     0x1c2a ./Core_CPP/Src/BlinkingLed.o
 .debug_info    0x000090db     0x18dc ./Core_CPP/Src/NoneBlockSystemTickDelay.o
 .debug_info    0x0000a9b7     0x197d ./Core_CPP/Src/STM32H7Led.o
 .debug_info    0x0000c334     0x1774 ./Drivers/STM32H7xx_HAL_Driver/stm32h7xx_hal.o
 .debug_info    0x0000daa8     0x107e ./Drivers/STM32H7xx_HAL_Driver/stm32h7xx_hal_cortex.o
 .debug_info    0x0000eb26     0x294f ./Drivers/STM32H7xx_HAL_Driver/stm32h7xx_hal_eth.o
 .debug_info    0x00011475      0xcf7 ./Drivers/STM32H7xx_HAL_Driver/stm32h7xx_hal_gpio.o
 .debug_info    0x0001216c      0x3d3 ./Drivers/STM32H7xx_HAL_Driver/stm32h7xx_hal_hsem.o
 .debug_info    0x0001253f     0x1543 ./Drivers/STM32H7xx_HAL_Driver/stm32h7xx_hal_pcd.o
 .debug_info    0x00013a82      0x89b ./Drivers/STM32H7xx_HAL_Driver/stm32h7xx_hal_pcd_ex.o
 .debug_info    0x0001431d     0x121b ./Drivers/STM32H7xx_HAL_Driver/stm32h7xx_hal_pwr_ex.o
 .debug_info    0x00015538      0xe77 ./Drivers/STM32H7xx_HAL_Driver/stm32h7xx_hal_rcc.o
 .debug_info    0x000163af     0x12d0 ./Drivers/STM32H7xx_HAL_Driver/stm32h7xx_hal_rcc_ex.o
 .debug_info    0x0001767f     0x4995 ./Drivers/STM32H7xx_HAL_Driver/stm32h7xx_hal_uart.o
 .debug_info    0x0001c014      0xf65 ./Drivers/STM32H7xx_HAL_Driver/stm32h7xx_hal_uart_ex.o
 .debug_info    0x0001cf79     0x1981 ./Drivers/STM32H7xx_HAL_Driver/stm32h7xx_ll_usb.o

.debug_abbrev   0x00000000     0x36fa
 .debug_abbrev  0x00000000      0x14c ./Common/Src/system_stm32h7xx_dualcore_boot_cm4_cm7.o
 .debug_abbrev  0x0000014c      0x26e ./Core/Src/cpp_main.o
 .debug_abbrev  0x000003ba      0x330 ./Core/Src/main.o
 .debug_abbrev  0x000006ea      0x28f ./Core/Src/stm32h7xx_hal_msp.o
 .debug_abbrev  0x00000979       0x73 ./Core/Src/stm32h7xx_it.o
 .debug_abbrev  0x000009ec       0x24 ./Core/Startup/startup_stm32h745zitx.o
 .debug_abbrev  0x00000a10      0x3b5 ./Core_CPP/Src/BlinkingLed.o
 .debug_abbrev  0x00000dc5      0x340 ./Core_CPP/Src/NoneBlockSystemTickDelay.o
 .debug_abbrev  0x00001105      0x37e ./Core_CPP/Src/STM32H7Led.o
 .debug_abbrev  0x00001483      0x295 ./Drivers/STM32H7xx_HAL_Driver/stm32h7xx_hal.o
 .debug_abbrev  0x00001718      0x339 ./Drivers/STM32H7xx_HAL_Driver/stm32h7xx_hal_cortex.o
 .debug_abbrev  0x00001a51      0x2d9 ./Drivers/STM32H7xx_HAL_Driver/stm32h7xx_hal_eth.o
 .debug_abbrev  0x00001d2a      0x1fe ./Drivers/STM32H7xx_HAL_Driver/stm32h7xx_hal_gpio.o
 .debug_abbrev  0x00001f28      0x1d3 ./Drivers/STM32H7xx_HAL_Driver/stm32h7xx_hal_hsem.o
 .debug_abbrev  0x000020fb      0x2e6 ./Drivers/STM32H7xx_HAL_Driver/stm32h7xx_hal_pcd.o
 .debug_abbrev  0x000023e1      0x256 ./Drivers/STM32H7xx_HAL_Driver/stm32h7xx_hal_pcd_ex.o
 .debug_abbrev  0x00002637      0x2d7 ./Drivers/STM32H7xx_HAL_Driver/stm32h7xx_hal_pwr_ex.o
 .debug_abbrev  0x0000290e      0x2c7 ./Drivers/STM32H7xx_HAL_Driver/stm32h7xx_hal_rcc.o
 .debug_abbrev  0x00002bd5      0x269 ./Drivers/STM32H7xx_HAL_Driver/stm32h7xx_hal_rcc_ex.o
 .debug_abbrev  0x00002e3e      0x33d ./Drivers/STM32H7xx_HAL_Driver/stm32h7xx_hal_uart.o
 .debug_abbrev  0x0000317b      0x2d3 ./Drivers/STM32H7xx_HAL_Driver/stm32h7xx_hal_uart_ex.o
 .debug_abbrev  0x0000344e      0x2ac ./Drivers/STM32H7xx_HAL_Driver/stm32h7xx_ll_usb.o

.debug_aranges  0x00000000     0x1138
 .debug_aranges
                0x00000000       0x28 ./Common/Src/system_stm32h7xx_dualcore_boot_cm4_cm7.o
 .debug_aranges
                0x00000028       0x20 ./Core/Src/cpp_main.o
 .debug_aranges
                0x00000048       0x50 ./Core/Src/main.o
 .debug_aranges
                0x00000098       0x50 ./Core/Src/stm32h7xx_hal_msp.o
 .debug_aranges
                0x000000e8       0x60 ./Core/Src/stm32h7xx_it.o
 .debug_aranges
                0x00000148       0x28 ./Core/Startup/startup_stm32h745zitx.o
 .debug_aranges
                0x00000170       0x68 ./Core_CPP/Src/BlinkingLed.o
 .debug_aranges
                0x000001d8       0x40 ./Core_CPP/Src/NoneBlockSystemTickDelay.o
 .debug_aranges
                0x00000218       0x40 ./Core_CPP/Src/STM32H7Led.o
 .debug_aranges
                0x00000258      0x200 ./Drivers/STM32H7xx_HAL_Driver/stm32h7xx_hal.o
 .debug_aranges
                0x00000458      0x120 ./Drivers/STM32H7xx_HAL_Driver/stm32h7xx_hal_cortex.o
 .debug_aranges
                0x00000578      0x1d8 ./Drivers/STM32H7xx_HAL_Driver/stm32h7xx_hal_eth.o
 .debug_aranges
                0x00000750       0x58 ./Drivers/STM32H7xx_HAL_Driver/stm32h7xx_hal_gpio.o
 .debug_aranges
                0x000007a8       0x70 ./Drivers/STM32H7xx_HAL_Driver/stm32h7xx_hal_hsem.o
 .debug_aranges
                0x00000818      0x140 ./Drivers/STM32H7xx_HAL_Driver/stm32h7xx_hal_pcd.o
 .debug_aranges
                0x00000958       0x60 ./Drivers/STM32H7xx_HAL_Driver/stm32h7xx_hal_pcd_ex.o
 .debug_aranges
                0x000009b8      0x170 ./Drivers/STM32H7xx_HAL_Driver/stm32h7xx_hal_pwr_ex.o
 .debug_aranges
                0x00000b28       0x88 ./Drivers/STM32H7xx_HAL_Driver/stm32h7xx_hal_rcc.o
 .debug_aranges
                0x00000bb0      0x100 ./Drivers/STM32H7xx_HAL_Driver/stm32h7xx_hal_rcc_ex.o
 .debug_aranges
                0x00000cb0      0x248 ./Drivers/STM32H7xx_HAL_Driver/stm32h7xx_hal_uart.o
 .debug_aranges
                0x00000ef8       0xa0 ./Drivers/STM32H7xx_HAL_Driver/stm32h7xx_hal_uart_ex.o
 .debug_aranges
                0x00000f98      0x1a0 ./Drivers/STM32H7xx_HAL_Driver/stm32h7xx_ll_usb.o

.debug_rnglists
                0x00000000      0xd33
 .debug_rnglists
                0x00000000       0x1b ./Common/Src/system_stm32h7xx_dualcore_boot_cm4_cm7.o
 .debug_rnglists
                0x0000001b       0x14 ./Core/Src/cpp_main.o
 .debug_rnglists
                0x0000002f       0x3c ./Core/Src/main.o
 .debug_rnglists
                0x0000006b       0x3b ./Core/Src/stm32h7xx_hal_msp.o
 .debug_rnglists
                0x000000a6       0x43 ./Core/Src/stm32h7xx_it.o
 .debug_rnglists
                0x000000e9       0x19 ./Core/Startup/startup_stm32h745zitx.o
 .debug_rnglists
                0x00000102       0x49 ./Core_CPP/Src/BlinkingLed.o
 .debug_rnglists
                0x0000014b       0x2b ./Core_CPP/Src/NoneBlockSystemTickDelay.o
 .debug_rnglists
                0x00000176       0x2b ./Core_CPP/Src/STM32H7Led.o
 .debug_rnglists
                0x000001a1      0x180 ./Drivers/STM32H7xx_HAL_Driver/stm32h7xx_hal.o
 .debug_rnglists
                0x00000321       0xd4 ./Drivers/STM32H7xx_HAL_Driver/stm32h7xx_hal_cortex.o
 .debug_rnglists
                0x000003f5      0x176 ./Drivers/STM32H7xx_HAL_Driver/stm32h7xx_hal_eth.o
 .debug_rnglists
                0x0000056b       0x3f ./Drivers/STM32H7xx_HAL_Driver/stm32h7xx_hal_gpio.o
 .debug_rnglists
                0x000005aa       0x4f ./Drivers/STM32H7xx_HAL_Driver/stm32h7xx_hal_hsem.o
 .debug_rnglists
                0x000005f9       0xf6 ./Drivers/STM32H7xx_HAL_Driver/stm32h7xx_hal_pcd.o
 .debug_rnglists
                0x000006ef       0x45 ./Drivers/STM32H7xx_HAL_Driver/stm32h7xx_hal_pcd_ex.o
 .debug_rnglists
                0x00000734      0x117 ./Drivers/STM32H7xx_HAL_Driver/stm32h7xx_hal_pwr_ex.o
 .debug_rnglists
                0x0000084b       0x68 ./Drivers/STM32H7xx_HAL_Driver/stm32h7xx_hal_rcc.o
 .debug_rnglists
                0x000008b3       0xc6 ./Drivers/STM32H7xx_HAL_Driver/stm32h7xx_hal_rcc_ex.o
 .debug_rnglists
                0x00000979      0x1f9 ./Drivers/STM32H7xx_HAL_Driver/stm32h7xx_hal_uart.o
 .debug_rnglists
                0x00000b72       0x79 ./Drivers/STM32H7xx_HAL_Driver/stm32h7xx_hal_uart_ex.o
 .debug_rnglists
                0x00000beb      0x148 ./Drivers/STM32H7xx_HAL_Driver/stm32h7xx_ll_usb.o

.debug_macro    0x00000000    0x3f737
 .debug_macro   0x00000000      0x2cc ./Common/Src/system_stm32h7xx_dualcore_boot_cm4_cm7.o
 .debug_macro   0x000002cc      0xad2 ./Common/Src/system_stm32h7xx_dualcore_boot_cm4_cm7.o
 .debug_macro   0x00000d9e       0x2e ./Common/Src/system_stm32h7xx_dualcore_boot_cm4_cm7.o
 .debug_macro   0x00000dcc       0x49 ./Common/Src/system_stm32h7xx_dualcore_boot_cm4_cm7.o
 .debug_macro   0x00000e15       0x22 ./Common/Src/system_stm32h7xx_dualcore_boot_cm4_cm7.o
 .debug_macro   0x00000e37       0x8e ./Common/Src/system_stm32h7xx_dualcore_boot_cm4_cm7.o
 .debug_macro   0x00000ec5       0x51 ./Common/Src/system_stm32h7xx_dualcore_boot_cm4_cm7.o
 .debug_macro   0x00000f16      0x103 ./Common/Src/system_stm32h7xx_dualcore_boot_cm4_cm7.o
 .debug_macro   0x00001019       0x6a ./Common/Src/system_stm32h7xx_dualcore_boot_cm4_cm7.o
 .debug_macro   0x00001083      0x1df ./Common/Src/system_stm32h7xx_dualcore_boot_cm4_cm7.o
 .debug_macro   0x00001262       0x1c ./Common/Src/system_stm32h7xx_dualcore_boot_cm4_cm7.o
 .debug_macro   0x0000127e       0x22 ./Common/Src/system_stm32h7xx_dualcore_boot_cm4_cm7.o
 .debug_macro   0x000012a0       0xfb ./Common/Src/system_stm32h7xx_dualcore_boot_cm4_cm7.o
 .debug_macro   0x0000139b     0x1305 ./Common/Src/system_stm32h7xx_dualcore_boot_cm4_cm7.o
 .debug_macro   0x000026a0      0x11f ./Common/Src/system_stm32h7xx_dualcore_boot_cm4_cm7.o
 .debug_macro   0x000027bf       0x27 ./Common/Src/system_stm32h7xx_dualcore_boot_cm4_cm7.o
 .debug_macro   0x000027e6    0x26d42 ./Common/Src/system_stm32h7xx_dualcore_boot_cm4_cm7.o
 .debug_macro   0x00029528       0x6d ./Common/Src/system_stm32h7xx_dualcore_boot_cm4_cm7.o
 .debug_macro   0x00029595      0x23e ./Common/Src/system_stm32h7xx_dualcore_boot_cm4_cm7.o
 .debug_macro   0x000297d3     0x3d22 ./Common/Src/system_stm32h7xx_dualcore_boot_cm4_cm7.o
 .debug_macro   0x0002d4f5      0x189 ./Common/Src/system_stm32h7xx_dualcore_boot_cm4_cm7.o
 .debug_macro   0x0002d67e       0x61 ./Common/Src/system_stm32h7xx_dualcore_boot_cm4_cm7.o
 .debug_macro   0x0002d6df       0x29 ./Common/Src/system_stm32h7xx_dualcore_boot_cm4_cm7.o
 .debug_macro   0x0002d708       0x43 ./Common/Src/system_stm32h7xx_dualcore_boot_cm4_cm7.o
 .debug_macro   0x0002d74b       0x34 ./Common/Src/system_stm32h7xx_dualcore_boot_cm4_cm7.o
 .debug_macro   0x0002d77f       0x16 ./Common/Src/system_stm32h7xx_dualcore_boot_cm4_cm7.o
 .debug_macro   0x0002d795       0x43 ./Common/Src/system_stm32h7xx_dualcore_boot_cm4_cm7.o
 .debug_macro   0x0002d7d8       0x34 ./Common/Src/system_stm32h7xx_dualcore_boot_cm4_cm7.o
 .debug_macro   0x0002d80c       0x10 ./Common/Src/system_stm32h7xx_dualcore_boot_cm4_cm7.o
 .debug_macro   0x0002d81c       0x58 ./Common/Src/system_stm32h7xx_dualcore_boot_cm4_cm7.o
 .debug_macro   0x0002d874       0x8e ./Common/Src/system_stm32h7xx_dualcore_boot_cm4_cm7.o
 .debug_macro   0x0002d902       0x1c ./Common/Src/system_stm32h7xx_dualcore_boot_cm4_cm7.o
 .debug_macro   0x0002d91e      0x177 ./Common/Src/system_stm32h7xx_dualcore_boot_cm4_cm7.o
 .debug_macro   0x0002da95      0x369 ./Common/Src/system_stm32h7xx_dualcore_boot_cm4_cm7.o
 .debug_macro   0x0002ddfe      0x19b ./Common/Src/system_stm32h7xx_dualcore_boot_cm4_cm7.o
 .debug_macro   0x0002df99       0x5d ./Common/Src/system_stm32h7xx_dualcore_boot_cm4_cm7.o
 .debug_macro   0x0002dff6     0x3a9d ./Common/Src/system_stm32h7xx_dualcore_boot_cm4_cm7.o
 .debug_macro   0x00031a93     0x1048 ./Common/Src/system_stm32h7xx_dualcore_boot_cm4_cm7.o
 .debug_macro   0x00032adb      0x14d ./Common/Src/system_stm32h7xx_dualcore_boot_cm4_cm7.o
 .debug_macro   0x00032c28      0x130 ./Common/Src/system_stm32h7xx_dualcore_boot_cm4_cm7.o
 .debug_macro   0x00032d58      0x3be ./Common/Src/system_stm32h7xx_dualcore_boot_cm4_cm7.o
 .debug_macro   0x00033116       0xac ./Common/Src/system_stm32h7xx_dualcore_boot_cm4_cm7.o
 .debug_macro   0x000331c2      0x72d ./Common/Src/system_stm32h7xx_dualcore_boot_cm4_cm7.o
 .debug_macro   0x000338ef      0x228 ./Common/Src/system_stm32h7xx_dualcore_boot_cm4_cm7.o
 .debug_macro   0x00033b17       0x66 ./Common/Src/system_stm32h7xx_dualcore_boot_cm4_cm7.o
 .debug_macro   0x00033b7d      0x3bb ./Common/Src/system_stm32h7xx_dualcore_boot_cm4_cm7.o
 .debug_macro   0x00033f38      0xa95 ./Common/Src/system_stm32h7xx_dualcore_boot_cm4_cm7.o
 .debug_macro   0x000349cd      0x129 ./Common/Src/system_stm32h7xx_dualcore_boot_cm4_cm7.o
 .debug_macro   0x00034af6      0x407 ./Common/Src/system_stm32h7xx_dualcore_boot_cm4_cm7.o
 .debug_macro   0x00034efd      0x27c ./Common/Src/system_stm32h7xx_dualcore_boot_cm4_cm7.o
 .debug_macro   0x00035179      0x3ca ./Common/Src/system_stm32h7xx_dualcore_boot_cm4_cm7.o
 .debug_macro   0x00035543      0x4a2 ./Common/Src/system_stm32h7xx_dualcore_boot_cm4_cm7.o
 .debug_macro   0x000359e5       0x51 ./Common/Src/system_stm32h7xx_dualcore_boot_cm4_cm7.o
 .debug_macro   0x00035a36       0x4a ./Common/Src/system_stm32h7xx_dualcore_boot_cm4_cm7.o
 .debug_macro   0x00035a80      0x22c ./Common/Src/system_stm32h7xx_dualcore_boot_cm4_cm7.o
 .debug_macro   0x00035cac       0x67 ./Common/Src/system_stm32h7xx_dualcore_boot_cm4_cm7.o
 .debug_macro   0x00035d13       0xa5 ./Common/Src/system_stm32h7xx_dualcore_boot_cm4_cm7.o
 .debug_macro   0x00035db8      0x218 ./Common/Src/system_stm32h7xx_dualcore_boot_cm4_cm7.o
 .debug_macro   0x00035fd0      0x2ea ./Common/Src/system_stm32h7xx_dualcore_boot_cm4_cm7.o
 .debug_macro   0x000362ba       0x35 ./Common/Src/system_stm32h7xx_dualcore_boot_cm4_cm7.o
 .debug_macro   0x000362ef      0x67e ./Common/Src/system_stm32h7xx_dualcore_boot_cm4_cm7.o
 .debug_macro   0x0003696d       0xa6 ./Common/Src/system_stm32h7xx_dualcore_boot_cm4_cm7.o
 .debug_macro   0x00036a13      0x248 ./Common/Src/system_stm32h7xx_dualcore_boot_cm4_cm7.o
 .debug_macro   0x00036c5b       0x90 ./Common/Src/system_stm32h7xx_dualcore_boot_cm4_cm7.o
 .debug_macro   0x00036ceb      0x798 ./Common/Src/system_stm32h7xx_dualcore_boot_cm4_cm7.o
 .debug_macro   0x00037483      0x538 ./Core/Src/cpp_main.o
 .debug_macro   0x000379bb      0xc7c ./Core/Src/cpp_main.o
 .debug_macro   0x00038637       0x1c ./Core/Src/cpp_main.o
 .debug_macro   0x00038653     0x1305 ./Core/Src/cpp_main.o
 .debug_macro   0x00039958      0x190 ./Core/Src/cpp_main.o
 .debug_macro   0x00039ae8      0x1d5 ./Core/Src/cpp_main.o
 .debug_macro   0x00039cbd       0x10 ./Core/Src/cpp_main.o
 .debug_macro   0x00039ccd       0xcf ./Core/Src/cpp_main.o
 .debug_macro   0x00039d9c      0x103 ./Core/Src/cpp_main.o
 .debug_macro   0x00039e9f      0x37d ./Core/Src/cpp_main.o
 .debug_macro   0x0003a21c       0x18 ./Core/Src/cpp_main.o
 .debug_macro   0x0003a234       0x34 ./Core/Src/cpp_main.o
 .debug_macro   0x0003a268       0x43 ./Core/Src/cpp_main.o
 .debug_macro   0x0003a2ab       0x16 ./Core/Src/cpp_main.o
 .debug_macro   0x0003a2c1      0x38c ./Core/Src/cpp_main.o
 .debug_macro   0x0003a64d      0x194 ./Core/Src/cpp_main.o
 .debug_macro   0x0003a7e1       0x10 ./Core/Src/cpp_main.o
 .debug_macro   0x0003a7f1       0x16 ./Core/Src/cpp_main.o
 .debug_macro   0x0003a807       0x35 ./Core/Src/cpp_main.o
 .debug_macro   0x0003a83c       0x16 ./Core/Src/cpp_main.o
 .debug_macro   0x0003a852       0x29 ./Core/Src/cpp_main.o
 .debug_macro   0x0003a87b       0x10 ./Core/Src/cpp_main.o
 .debug_macro   0x0003a88b      0x3d5 ./Core/Src/cpp_main.o
 .debug_macro   0x0003ac60       0x16 ./Core/Src/cpp_main.o
 .debug_macro   0x0003ac76       0x1c ./Core/Src/cpp_main.o
 .debug_macro   0x0003ac92       0x4f ./Core/Src/cpp_main.o
 .debug_macro   0x0003ace1       0xa2 ./Core/Src/cpp_main.o
 .debug_macro   0x0003ad83       0x26 ./Core/Src/cpp_main.o
 .debug_macro   0x0003ada9       0x18 ./Core/Src/cpp_main.o
 .debug_macro   0x0003adc1       0x10 ./Core/Src/cpp_main.o
 .debug_macro   0x0003add1       0x11 ./Core/Src/cpp_main.o
 .debug_macro   0x0003ade2       0x17 ./Core/Src/cpp_main.o
 .debug_macro   0x0003adf9       0x10 ./Core/Src/cpp_main.o
 .debug_macro   0x0003ae09       0x28 ./Core/Src/cpp_main.o
 .debug_macro   0x0003ae31       0x2e ./Core/Src/cpp_main.o
 .debug_macro   0x0003ae5f       0x16 ./Core/Src/cpp_main.o
 .debug_macro   0x0003ae75       0x19 ./Core/Src/cpp_main.o
 .debug_macro   0x0003ae8e       0x20 ./Core/Src/cpp_main.o
 .debug_macro   0x0003aeae       0x88 ./Core/Src/cpp_main.o
 .debug_macro   0x0003af36       0x19 ./Core/Src/cpp_main.o
 .debug_macro   0x0003af4f      0x120 ./Core/Src/cpp_main.o
 .debug_macro   0x0003b06f       0x11 ./Core/Src/cpp_main.o
 .debug_macro   0x0003b080       0x17 ./Core/Src/cpp_main.o
 .debug_macro   0x0003b097       0x17 ./Core/Src/cpp_main.o
 .debug_macro   0x0003b0ae       0x17 ./Core/Src/cpp_main.o
 .debug_macro   0x0003b0c5       0x17 ./Core/Src/cpp_main.o
 .debug_macro   0x0003b0dc       0x17 ./Core/Src/cpp_main.o
 .debug_macro   0x0003b0f3       0x17 ./Core/Src/cpp_main.o
 .debug_macro   0x0003b10a       0x40 ./Core/Src/cpp_main.o
 .debug_macro   0x0003b14a      0x31b ./Core/Src/main.o
 .debug_macro   0x0003b465       0x16 ./Core/Src/main.o
 .debug_macro   0x0003b47b       0x35 ./Core/Src/main.o
 .debug_macro   0x0003b4b0       0x20 ./Core/Src/main.o
 .debug_macro   0x0003b4d0      0x2db ./Core/Src/stm32h7xx_hal_msp.o
 .debug_macro   0x0003b7ab      0x2e5 ./Core/Src/stm32h7xx_it.o
 .debug_macro   0x0003ba90      0x513 ./Core_CPP/Src/BlinkingLed.o
 .debug_macro   0x0003bfa3      0x798 ./Core_CPP/Src/BlinkingLed.o
 .debug_macro   0x0003c73b      0x4ff ./Core_CPP/Src/NoneBlockSystemTickDelay.o
 .debug_macro   0x0003cc3a      0x4ff ./Core_CPP/Src/STM32H7Led.o
 .debug_macro   0x0003d139      0x2f6 ./Drivers/STM32H7xx_HAL_Driver/stm32h7xx_hal.o
 .debug_macro   0x0003d42f      0x2cc ./Drivers/STM32H7xx_HAL_Driver/stm32h7xx_hal_cortex.o
 .debug_macro   0x0003d6fb      0x360 ./Drivers/STM32H7xx_HAL_Driver/stm32h7xx_hal_eth.o
 .debug_macro   0x0003da5b      0x2e0 ./Drivers/STM32H7xx_HAL_Driver/stm32h7xx_hal_gpio.o
 .debug_macro   0x0003dd3b      0x2de ./Drivers/STM32H7xx_HAL_Driver/stm32h7xx_hal_hsem.o
 .debug_macro   0x0003e019      0x2d8 ./Drivers/STM32H7xx_HAL_Driver/stm32h7xx_hal_pcd.o
 .debug_macro   0x0003e2f1      0x2cc ./Drivers/STM32H7xx_HAL_Driver/stm32h7xx_hal_pcd_ex.o
 .debug_macro   0x0003e5bd      0x305 ./Drivers/STM32H7xx_HAL_Driver/stm32h7xx_hal_pwr_ex.o
 .debug_macro   0x0003e8c2      0x2f0 ./Drivers/STM32H7xx_HAL_Driver/stm32h7xx_hal_rcc.o
 .debug_macro   0x0003ebb2      0x2ea ./Drivers/STM32H7xx_HAL_Driver/stm32h7xx_hal_rcc_ex.o
 .debug_macro   0x0003ee9c      0x2f7 ./Drivers/STM32H7xx_HAL_Driver/stm32h7xx_hal_uart.o
 .debug_macro   0x0003f193      0x2d8 ./Drivers/STM32H7xx_HAL_Driver/stm32h7xx_hal_uart_ex.o
 .debug_macro   0x0003f46b      0x2cc ./Drivers/STM32H7xx_HAL_Driver/stm32h7xx_ll_usb.o

.debug_line     0x00000000    0x1ae3f
 .debug_line    0x00000000      0xb46 ./Common/Src/system_stm32h7xx_dualcore_boot_cm4_cm7.o
 .debug_line    0x00000b46     0x1622 ./Core/Src/cpp_main.o
 .debug_line    0x00002168      0xb7f ./Core/Src/main.o
 .debug_line    0x00002ce7      0xa99 ./Core/Src/stm32h7xx_hal_msp.o
 .debug_line    0x00003780      0x9fa ./Core/Src/stm32h7xx_it.o
 .debug_line    0x0000417a       0x7a ./Core/Startup/startup_stm32h745zitx.o
 .debug_line    0x000041f4     0x16d9 ./Core_CPP/Src/BlinkingLed.o
 .debug_line    0x000058cd     0x166c ./Core_CPP/Src/NoneBlockSystemTickDelay.o
 .debug_line    0x00006f39     0x161c ./Core_CPP/Src/STM32H7Led.o
 .debug_line    0x00008555     0x1076 ./Drivers/STM32H7xx_HAL_Driver/stm32h7xx_hal.o
 .debug_line    0x000095cb      0xf28 ./Drivers/STM32H7xx_HAL_Driver/stm32h7xx_hal_cortex.o
 .debug_line    0x0000a4f3     0x1c98 ./Drivers/STM32H7xx_HAL_Driver/stm32h7xx_hal_eth.o
 .debug_line    0x0000c18b      0xdef ./Drivers/STM32H7xx_HAL_Driver/stm32h7xx_hal_gpio.o
 .debug_line    0x0000cf7a      0xadf ./Drivers/STM32H7xx_HAL_Driver/stm32h7xx_hal_hsem.o
 .debug_line    0x0000da59     0x1750 ./Drivers/STM32H7xx_HAL_Driver/stm32h7xx_hal_pcd.o
 .debug_line    0x0000f1a9      0xb74 ./Drivers/STM32H7xx_HAL_Driver/stm32h7xx_hal_pcd_ex.o
 .debug_line    0x0000fd1d     0x1141 ./Drivers/STM32H7xx_HAL_Driver/stm32h7xx_hal_pwr_ex.o
 .debug_line    0x00010e5e     0x1485 ./Drivers/STM32H7xx_HAL_Driver/stm32h7xx_hal_rcc.o
 .debug_line    0x000122e3     0x1ca1 ./Drivers/STM32H7xx_HAL_Driver/stm32h7xx_hal_rcc_ex.o
 .debug_line    0x00013f84     0x3f91 ./Drivers/STM32H7xx_HAL_Driver/stm32h7xx_hal_uart.o
 .debug_line    0x00017f15      0xff5 ./Drivers/STM32H7xx_HAL_Driver/stm32h7xx_hal_uart_ex.o
 .debug_line    0x00018f0a     0x1f35 ./Drivers/STM32H7xx_HAL_Driver/stm32h7xx_ll_usb.o

.debug_str      0x00000000   0x187845
 .debug_str     0x00000000   0x1794be ./Common/Src/system_stm32h7xx_dualcore_boot_cm4_cm7.o
                             0x179948 (size before relaxing)
 .debug_str     0x001794be     0x6f23 ./Core/Src/cpp_main.o
                             0x18004f (size before relaxing)
 .debug_str     0x001803e1     0x16c4 ./Core/Src/main.o
                             0x17ae6e (size before relaxing)
 .debug_str     0x00181aa5      0x3e7 ./Core/Src/stm32h7xx_hal_msp.o
                             0x17ace1 (size before relaxing)
 .debug_str     0x00181e8c       0xc9 ./Core/Src/stm32h7xx_it.o
                             0x179499 (size before relaxing)
 .debug_str     0x00181f55       0x44 ./Core/Startup/startup_stm32h745zitx.o
                                 0x80 (size before relaxing)
 .debug_str     0x00181f99      0x31e ./Core_CPP/Src/BlinkingLed.o
                             0x180272 (size before relaxing)
 .debug_str     0x001822b7      0x12f ./Core_CPP/Src/NoneBlockSystemTickDelay.o
                             0x1800af (size before relaxing)
 .debug_str     0x001823e6       0xb4 ./Core_CPP/Src/STM32H7Led.o
                             0x17ffbe (size before relaxing)
 .debug_str     0x0018249a     0x113a ./Drivers/STM32H7xx_HAL_Driver/stm32h7xx_hal.o
                             0x17a9ec (size before relaxing)
 .debug_str     0x001835d4      0x378 ./Drivers/STM32H7xx_HAL_Driver/stm32h7xx_hal_cortex.o
                             0x17a21b (size before relaxing)
 .debug_str     0x0018394c     0x10e0 ./Drivers/STM32H7xx_HAL_Driver/stm32h7xx_hal_eth.o
                             0x17b1db (size before relaxing)
 .debug_str     0x00184a2c      0x138 ./Drivers/STM32H7xx_HAL_Driver/stm32h7xx_hal_gpio.o
                             0x1798ed (size before relaxing)
 .debug_str     0x00184b64      0x215 ./Drivers/STM32H7xx_HAL_Driver/stm32h7xx_hal_hsem.o
                             0x179578 (size before relaxing)
 .debug_str     0x00184d79      0x835 ./Drivers/STM32H7xx_HAL_Driver/stm32h7xx_hal_pcd.o
                             0x17a00f (size before relaxing)
 .debug_str     0x001855ae      0x1a3 ./Drivers/STM32H7xx_HAL_Driver/stm32h7xx_hal_pcd_ex.o
                             0x1799ac (size before relaxing)
 .debug_str     0x00185751      0x692 ./Drivers/STM32H7xx_HAL_Driver/stm32h7xx_hal_pwr_ex.o
                             0x179df8 (size before relaxing)
 .debug_str     0x00185de3      0x249 ./Drivers/STM32H7xx_HAL_Driver/stm32h7xx_hal_rcc.o
                             0x179c6e (size before relaxing)
 .debug_str     0x0018602c      0x694 ./Drivers/STM32H7xx_HAL_Driver/stm32h7xx_hal_rcc_ex.o
                             0x17a17a (size before relaxing)
 .debug_str     0x001866c0      0xaaa ./Drivers/STM32H7xx_HAL_Driver/stm32h7xx_hal_uart.o
                             0x17a774 (size before relaxing)
 .debug_str     0x0018716a      0x276 ./Drivers/STM32H7xx_HAL_Driver/stm32h7xx_hal_uart_ex.o
                             0x179d1a (size before relaxing)
 .debug_str     0x001873e0      0x465 ./Drivers/STM32H7xx_HAL_Driver/stm32h7xx_ll_usb.o
                             0x179e96 (size before relaxing)

.comment        0x00000000       0x43
 .comment       0x00000000       0x43 ./Common/Src/system_stm32h7xx_dualcore_boot_cm4_cm7.o
                                 0x44 (size before relaxing)
 .comment       0x00000043       0x44 ./Core/Src/cpp_main.o
 .comment       0x00000043       0x44 ./Core/Src/main.o
 .comment       0x00000043       0x44 ./Core/Src/stm32h7xx_hal_msp.o
 .comment       0x00000043       0x44 ./Core/Src/stm32h7xx_it.o
 .comment       0x00000043       0x44 ./Core_CPP/Src/BlinkingLed.o
 .comment       0x00000043       0x44 ./Core_CPP/Src/NoneBlockSystemTickDelay.o
 .comment       0x00000043       0x44 ./Core_CPP/Src/STM32H7Led.o
 .comment       0x00000043       0x44 ./Drivers/STM32H7xx_HAL_Driver/stm32h7xx_hal.o
 .comment       0x00000043       0x44 ./Drivers/STM32H7xx_HAL_Driver/stm32h7xx_hal_cortex.o
 .comment       0x00000043       0x44 ./Drivers/STM32H7xx_HAL_Driver/stm32h7xx_hal_eth.o
 .comment       0x00000043       0x44 ./Drivers/STM32H7xx_HAL_Driver/stm32h7xx_hal_gpio.o
 .comment       0x00000043       0x44 ./Drivers/STM32H7xx_HAL_Driver/stm32h7xx_hal_hsem.o
 .comment       0x00000043       0x44 ./Drivers/STM32H7xx_HAL_Driver/stm32h7xx_hal_pcd.o
 .comment       0x00000043       0x44 ./Drivers/STM32H7xx_HAL_Driver/stm32h7xx_hal_pcd_ex.o
 .comment       0x00000043       0x44 ./Drivers/STM32H7xx_HAL_Driver/stm32h7xx_hal_pwr_ex.o
 .comment       0x00000043       0x44 ./Drivers/STM32H7xx_HAL_Driver/stm32h7xx_hal_rcc.o
 .comment       0x00000043       0x44 ./Drivers/STM32H7xx_HAL_Driver/stm32h7xx_hal_rcc_ex.o
 .comment       0x00000043       0x44 ./Drivers/STM32H7xx_HAL_Driver/stm32h7xx_hal_uart.o
 .comment       0x00000043       0x44 ./Drivers/STM32H7xx_HAL_Driver/stm32h7xx_hal_uart_ex.o
 .comment       0x00000043       0x44 ./Drivers/STM32H7xx_HAL_Driver/stm32h7xx_ll_usb.o

.debug_frame    0x00000000     0x4adc
 .debug_frame   0x00000000       0x58 ./Common/Src/system_stm32h7xx_dualcore_boot_cm4_cm7.o
 .debug_frame   0x00000058       0x30 ./Core/Src/cpp_main.o
 .debug_frame   0x00000088       0xe4 ./Core/Src/main.o
 .debug_frame   0x0000016c      0x118 ./Core/Src/stm32h7xx_hal_msp.o
 .debug_frame   0x00000284      0x104 ./Core/Src/stm32h7xx_it.o
 .debug_frame   0x00000388      0x158 ./Core_CPP/Src/BlinkingLed.o
 .debug_frame   0x000004e0       0xcc ./Core_CPP/Src/NoneBlockSystemTickDelay.o
 .debug_frame   0x000005ac       0xd0 ./Core_CPP/Src/STM32H7Led.o
 .debug_frame   0x0000067c      0x848 ./Drivers/STM32H7xx_HAL_Driver/stm32h7xx_hal.o
 .debug_frame   0x00000ec4      0x4b8 ./Drivers/STM32H7xx_HAL_Driver/stm32h7xx_hal_cortex.o
 .debug_frame   0x0000137c      0x898 ./Drivers/STM32H7xx_HAL_Driver/stm32h7xx_hal_eth.o
 .debug_frame   0x00001c14      0x14c ./Drivers/STM32H7xx_HAL_Driver/stm32h7xx_hal_gpio.o
 .debug_frame   0x00001d60      0x1bc ./Drivers/STM32H7xx_HAL_Driver/stm32h7xx_hal_hsem.o
 .debug_frame   0x00001f1c      0x594 ./Drivers/STM32H7xx_HAL_Driver/stm32h7xx_hal_pcd.o
 .debug_frame   0x000024b0      0x174 ./Drivers/STM32H7xx_HAL_Driver/stm32h7xx_hal_pcd_ex.o
 .debug_frame   0x00002624      0x5ec ./Drivers/STM32H7xx_HAL_Driver/stm32h7xx_hal_pwr_ex.o
 .debug_frame   0x00002c10      0x1f8 ./Drivers/STM32H7xx_HAL_Driver/stm32h7xx_hal_rcc.o
 .debug_frame   0x00002e08      0x41c ./Drivers/STM32H7xx_HAL_Driver/stm32h7xx_hal_rcc_ex.o
 .debug_frame   0x00003224      0xa94 ./Drivers/STM32H7xx_HAL_Driver/stm32h7xx_hal_uart.o
 .debug_frame   0x00003cb8      0x29c ./Drivers/STM32H7xx_HAL_Driver/stm32h7xx_hal_uart_ex.o
 .debug_frame   0x00003f54      0x7c0 ./Drivers/STM32H7xx_HAL_Driver/stm32h7xx_ll_usb.o
 .debug_frame   0x00004714       0x20 C:/ST/STM32CubeIDE_1.15.1/STM32CubeIDE/plugins/com.st.stm32cube.ide.mcu.externaltools.gnu-tools-for-stm32.12.3.rel1.win32_1.0.100.202403111256/tools/bin/../lib/gcc/arm-none-eabi/12.3.1/../../../../arm-none-eabi/lib/thumb/v7e-m+dp/hard\libstdc++_nano.a(del_ops.o)
 .debug_frame   0x00004734       0x20 C:/ST/STM32CubeIDE_1.15.1/STM32CubeIDE/plugins/com.st.stm32cube.ide.mcu.externaltools.gnu-tools-for-stm32.12.3.rel1.win32_1.0.100.202403111256/tools/bin/../lib/gcc/arm-none-eabi/12.3.1/../../../../arm-none-eabi/lib/thumb/v7e-m+dp/hard\libstdc++_nano.a(del_op.o)
 .debug_frame   0x00004754       0x30 C:/ST/STM32CubeIDE_1.15.1/STM32CubeIDE/plugins/com.st.stm32cube.ide.mcu.externaltools.gnu-tools-for-stm32.12.3.rel1.win32_1.0.100.202403111256/tools/bin/../lib/gcc/arm-none-eabi/12.3.1/../../../../arm-none-eabi/lib/thumb/v7e-m+dp/hard\libc_nano.a(libc_a-malloc.o)
 .debug_frame   0x00004784       0x50 C:/ST/STM32CubeIDE_1.15.1/STM32CubeIDE/plugins/com.st.stm32cube.ide.mcu.externaltools.gnu-tools-for-stm32.12.3.rel1.win32_1.0.100.202403111256/tools/bin/../lib/gcc/arm-none-eabi/12.3.1/../../../../arm-none-eabi/lib/thumb/v7e-m+dp/hard\libc_nano.a(libc_a-mallocr.o)
 .debug_frame   0x000047d4       0x30 C:/ST/STM32CubeIDE_1.15.1/STM32CubeIDE/plugins/com.st.stm32cube.ide.mcu.externaltools.gnu-tools-for-stm32.12.3.rel1.win32_1.0.100.202403111256/tools/bin/../lib/gcc/arm-none-eabi/12.3.1/../../../../arm-none-eabi/lib/thumb/v7e-m+dp/hard\libc_nano.a(libc_a-mlock.o)
 .debug_frame   0x00004804      0x144 C:/ST/STM32CubeIDE_1.15.1/STM32CubeIDE/plugins/com.st.stm32cube.ide.mcu.externaltools.gnu-tools-for-stm32.12.3.rel1.win32_1.0.100.202403111256/tools/bin/../lib/gcc/arm-none-eabi/12.3.1/../../../../arm-none-eabi/lib/thumb/v7e-m+dp/hard\libc_nano.a(libc_a-findfp.o)
 .debug_frame   0x00004948       0x20 C:/ST/STM32CubeIDE_1.15.1/STM32CubeIDE/plugins/com.st.stm32cube.ide.mcu.externaltools.gnu-tools-for-stm32.12.3.rel1.win32_1.0.100.202403111256/tools/bin/../lib/gcc/arm-none-eabi/12.3.1/../../../../arm-none-eabi/lib/thumb/v7e-m+dp/hard\libc_nano.a(libc_a-memset.o)
 .debug_frame   0x00004968       0x2c C:/ST/STM32CubeIDE_1.15.1/STM32CubeIDE/plugins/com.st.stm32cube.ide.mcu.externaltools.gnu-tools-for-stm32.12.3.rel1.win32_1.0.100.202403111256/tools/bin/../lib/gcc/arm-none-eabi/12.3.1/../../../../arm-none-eabi/lib/thumb/v7e-m+dp/hard\libc_nano.a(libc_a-init.o)
 .debug_frame   0x00004994       0xb0 C:/ST/STM32CubeIDE_1.15.1/STM32CubeIDE/plugins/com.st.stm32cube.ide.mcu.externaltools.gnu-tools-for-stm32.12.3.rel1.win32_1.0.100.202403111256/tools/bin/../lib/gcc/arm-none-eabi/12.3.1/../../../../arm-none-eabi/lib/thumb/v7e-m+dp/hard\libc_nano.a(libc_a-lock.o)
 .debug_frame   0x00004a44       0x38 C:/ST/STM32CubeIDE_1.15.1/STM32CubeIDE/plugins/com.st.stm32cube.ide.mcu.externaltools.gnu-tools-for-stm32.12.3.rel1.win32_1.0.100.202403111256/tools/bin/../lib/gcc/arm-none-eabi/12.3.1/../../../../arm-none-eabi/lib/thumb/v7e-m+dp/hard\libc_nano.a(libc_a-freer.o)
 .debug_frame   0x00004a7c       0x2c C:/ST/STM32CubeIDE_1.15.1/STM32CubeIDE/plugins/com.st.stm32cube.ide.mcu.externaltools.gnu-tools-for-stm32.12.3.rel1.win32_1.0.100.202403111256/tools/bin/../lib/gcc/arm-none-eabi/12.3.1/thumb/v7e-m+dp/hard\libgcc.a(_aeabi_uldivmod.o)
 .debug_frame   0x00004aa8       0x34 C:/ST/STM32CubeIDE_1.15.1/STM32CubeIDE/plugins/com.st.stm32cube.ide.mcu.externaltools.gnu-tools-for-stm32.12.3.rel1.win32_1.0.100.202403111256/tools/bin/../lib/gcc/arm-none-eabi/12.3.1/thumb/v7e-m+dp/hard\libgcc.a(_udivmoddi4.o)

.debug_line_str
                0x00000000       0x64
 .debug_line_str
                0x00000000       0x64 ./Core/Startup/startup_stm32h745zitx.o
