Archive member included to satisfy reference by file (symbol)

c:/st/stm32cubeide_1.9.0/stm32cubeide/plugins/com.st.stm32cube.ide.mcu.externaltools.gnu-tools-for-stm32.10.3-2021.10.win32_1.0.0.202111181127/tools/bin/../lib/gcc/arm-none-eabi/10.3.1/../../../../arm-none-eabi/lib/thumb/v7e-m+dp/hard\libc_nano.a(lib_a-errno.o)
                              ./Core/Src/syscalls.o (__errno)
c:/st/stm32cubeide_1.9.0/stm32cubeide/plugins/com.st.stm32cube.ide.mcu.externaltools.gnu-tools-for-stm32.10.3-2021.10.win32_1.0.0.202111181127/tools/bin/../lib/gcc/arm-none-eabi/10.3.1/../../../../arm-none-eabi/lib/thumb/v7e-m+dp/hard\libc_nano.a(lib_a-exit.o)
                              c:/st/stm32cubeide_1.9.0/stm32cubeide/plugins/com.st.stm32cube.ide.mcu.externaltools.gnu-tools-for-stm32.10.3-2021.10.win32_1.0.0.202111181127/tools/bin/../lib/gcc/arm-none-eabi/10.3.1/../../../../arm-none-eabi/lib/thumb/v7e-m+dp/hard/crt0.o (exit)
c:/st/stm32cubeide_1.9.0/stm32cubeide/plugins/com.st.stm32cube.ide.mcu.externaltools.gnu-tools-for-stm32.10.3-2021.10.win32_1.0.0.202111181127/tools/bin/../lib/gcc/arm-none-eabi/10.3.1/../../../../arm-none-eabi/lib/thumb/v7e-m+dp/hard\libc_nano.a(lib_a-impure.o)
                              c:/st/stm32cubeide_1.9.0/stm32cubeide/plugins/com.st.stm32cube.ide.mcu.externaltools.gnu-tools-for-stm32.10.3-2021.10.win32_1.0.0.202111181127/tools/bin/../lib/gcc/arm-none-eabi/10.3.1/../../../../arm-none-eabi/lib/thumb/v7e-m+dp/hard\libc_nano.a(lib_a-exit.o) (_global_impure_ptr)
c:/st/stm32cubeide_1.9.0/stm32cubeide/plugins/com.st.stm32cube.ide.mcu.externaltools.gnu-tools-for-stm32.10.3-2021.10.win32_1.0.0.202111181127/tools/bin/../lib/gcc/arm-none-eabi/10.3.1/../../../../arm-none-eabi/lib/thumb/v7e-m+dp/hard\libc_nano.a(lib_a-init.o)
                              c:/st/stm32cubeide_1.9.0/stm32cubeide/plugins/com.st.stm32cube.ide.mcu.externaltools.gnu-tools-for-stm32.10.3-2021.10.win32_1.0.0.202111181127/tools/bin/../lib/gcc/arm-none-eabi/10.3.1/../../../../arm-none-eabi/lib/thumb/v7e-m+dp/hard/crt0.o (__libc_init_array)
c:/st/stm32cubeide_1.9.0/stm32cubeide/plugins/com.st.stm32cube.ide.mcu.externaltools.gnu-tools-for-stm32.10.3-2021.10.win32_1.0.0.202111181127/tools/bin/../lib/gcc/arm-none-eabi/10.3.1/../../../../arm-none-eabi/lib/thumb/v7e-m+dp/hard\libc_nano.a(lib_a-memmove.o)
                              ./Core/Src/cpp_main.o (memmove)
c:/st/stm32cubeide_1.9.0/stm32cubeide/plugins/com.st.stm32cube.ide.mcu.externaltools.gnu-tools-for-stm32.10.3-2021.10.win32_1.0.0.202111181127/tools/bin/../lib/gcc/arm-none-eabi/10.3.1/../../../../arm-none-eabi/lib/thumb/v7e-m+dp/hard\libc_nano.a(lib_a-memset.o)
                              c:/st/stm32cubeide_1.9.0/stm32cubeide/plugins/com.st.stm32cube.ide.mcu.externaltools.gnu-tools-for-stm32.10.3-2021.10.win32_1.0.0.202111181127/tools/bin/../lib/gcc/arm-none-eabi/10.3.1/../../../../arm-none-eabi/lib/thumb/v7e-m+dp/hard/crt0.o (memset)
c:/st/stm32cubeide_1.9.0/stm32cubeide/plugins/com.st.stm32cube.ide.mcu.externaltools.gnu-tools-for-stm32.10.3-2021.10.win32_1.0.0.202111181127/tools/bin/../lib/gcc/arm-none-eabi/10.3.1/thumb/v7e-m+dp/hard\libgcc.a(_aeabi_uldivmod.o)
                              ./Drivers/STM32H7xx_HAL_Driver/stm32h7xx_hal_uart.o (__aeabi_uldivmod)
c:/st/stm32cubeide_1.9.0/stm32cubeide/plugins/com.st.stm32cube.ide.mcu.externaltools.gnu-tools-for-stm32.10.3-2021.10.win32_1.0.0.202111181127/tools/bin/../lib/gcc/arm-none-eabi/10.3.1/thumb/v7e-m+dp/hard\libgcc.a(_udivmoddi4.o)
                              c:/st/stm32cubeide_1.9.0/stm32cubeide/plugins/com.st.stm32cube.ide.mcu.externaltools.gnu-tools-for-stm32.10.3-2021.10.win32_1.0.0.202111181127/tools/bin/../lib/gcc/arm-none-eabi/10.3.1/thumb/v7e-m+dp/hard\libgcc.a(_aeabi_uldivmod.o) (__udivmoddi4)
c:/st/stm32cubeide_1.9.0/stm32cubeide/plugins/com.st.stm32cube.ide.mcu.externaltools.gnu-tools-for-stm32.10.3-2021.10.win32_1.0.0.202111181127/tools/bin/../lib/gcc/arm-none-eabi/10.3.1/thumb/v7e-m+dp/hard\libgcc.a(_dvmd_tls.o)
                              c:/st/stm32cubeide_1.9.0/stm32cubeide/plugins/com.st.stm32cube.ide.mcu.externaltools.gnu-tools-for-stm32.10.3-2021.10.win32_1.0.0.202111181127/tools/bin/../lib/gcc/arm-none-eabi/10.3.1/thumb/v7e-m+dp/hard\libgcc.a(_aeabi_uldivmod.o) (__aeabi_ldiv0)

Discarded input sections

 .text          0x0000000000000000        0x0 c:/st/stm32cubeide_1.9.0/stm32cubeide/plugins/com.st.stm32cube.ide.mcu.externaltools.gnu-tools-for-stm32.10.3-2021.10.win32_1.0.0.202111181127/tools/bin/../lib/gcc/arm-none-eabi/10.3.1/thumb/v7e-m+dp/hard/crti.o
 .data          0x0000000000000000        0x0 c:/st/stm32cubeide_1.9.0/stm32cubeide/plugins/com.st.stm32cube.ide.mcu.externaltools.gnu-tools-for-stm32.10.3-2021.10.win32_1.0.0.202111181127/tools/bin/../lib/gcc/arm-none-eabi/10.3.1/thumb/v7e-m+dp/hard/crti.o
[...]
Memory Configuration

Name             Origin             Length             Attributes
RAM_D1           0x0000000024000000 0x0000000000080000 xrw
FLASH            0x0000000008000000 0x0000000000100000 xr
DTCMRAM          0x0000000020000000 0x0000000000020000 xrw
RAM_D2           0x0000000030000000 0x0000000000048000 xrw
RAM_D3           0x0000000038000000 0x0000000000010000 xrw
ITCMRAM          0x0000000000000000 0x0000000000010000 xrw
*default*        0x0000000000000000 0xffffffffffffffff

Linker script and memory map

LOAD c:/st/stm32cubeide_1.9.0/stm32cubeide/plugins/com.st.stm32cube.ide.mcu.externaltools.gnu-tools-for-stm32.10.3-2021.10.win32_1.0.0.202111181127/tools/bin/../lib/gcc/arm-none-eabi/10.3.1/thumb/v7e-m+dp/hard/crti.o
LOAD c:/st/stm32cubeide_1.9.0/stm32cubeide/plugins/com.st.stm32cube.ide.mcu.externaltools.gnu-tools-for-stm32.10.3-2021.10.win32_1.0.0.202111181127/tools/bin/../lib/gcc/arm-none-eabi/10.3.1/thumb/v7e-m+dp/hard/crtbegin.o
LOAD c:/st/stm32cubeide_1.9.0/stm32cubeide/plugins/com.st.stm32cube.ide.mcu.externaltools.gnu-tools-for-stm32.10.3-2021.10.win32_1.0.0.202111181127/tools/bin/../lib/gcc/arm-none-eabi/10.3.1/../../../../arm-none-eabi/lib/thumb/v7e-m+dp/hard/crt0.o
LOAD ./Common/Src/system_stm32h7xx_dualcore_boot_cm4_cm7.o
LOAD ./Core/Src/cpp_main.o
LOAD ./Core/Src/main.o
LOAD ./Core/Src/stm32h7xx_hal_msp.o
LOAD ./Core/Src/stm32h7xx_it.o
LOAD ./Core/Src/syscalls.o
LOAD ./Core/Src/sysmem.o
LOAD ./Core/Startup/startup_stm32h745zitx.o
LOAD ./Drivers/STM32H7xx_HAL_Driver/stm32h7xx_hal.o
LOAD ./Drivers/STM32H7xx_HAL_Driver/stm32h7xx_hal_cortex.o
LOAD ./Drivers/STM32H7xx_HAL_Driver/stm32h7xx_hal_dma.o
LOAD ./Drivers/STM32H7xx_HAL_Driver/stm32h7xx_hal_dma_ex.o
LOAD ./Drivers/STM32H7xx_HAL_Driver/stm32h7xx_hal_eth.o
LOAD ./Drivers/STM32H7xx_HAL_Driver/stm32h7xx_hal_eth_ex.o
LOAD ./Drivers/STM32H7xx_HAL_Driver/stm32h7xx_hal_exti.o
LOAD ./Drivers/STM32H7xx_HAL_Driver/stm32h7xx_hal_flash.o
LOAD ./Drivers/STM32H7xx_HAL_Driver/stm32h7xx_hal_flash_ex.o
LOAD ./Drivers/STM32H7xx_HAL_Driver/stm32h7xx_hal_gpio.o
LOAD ./Drivers/STM32H7xx_HAL_Driver/stm32h7xx_hal_hsem.o
LOAD ./Drivers/STM32H7xx_HAL_Driver/stm32h7xx_hal_i2c.o
LOAD ./Drivers/STM32H7xx_HAL_Driver/stm32h7xx_hal_i2c_ex.o
LOAD ./Drivers/STM32H7xx_HAL_Driver/stm32h7xx_hal_mdma.o
LOAD ./Drivers/STM32H7xx_HAL_Driver/stm32h7xx_hal_pcd.o
LOAD ./Drivers/STM32H7xx_HAL_Driver/stm32h7xx_hal_pcd_ex.o
LOAD ./Drivers/STM32H7xx_HAL_Driver/stm32h7xx_hal_pwr.o
LOAD ./Drivers/STM32H7xx_HAL_Driver/stm32h7xx_hal_pwr_ex.o
LOAD ./Drivers/STM32H7xx_HAL_Driver/stm32h7xx_hal_rcc.o
LOAD ./Drivers/STM32H7xx_HAL_Driver/stm32h7xx_hal_rcc_ex.o
LOAD ./Drivers/STM32H7xx_HAL_Driver/stm32h7xx_hal_tim.o
LOAD ./Drivers/STM32H7xx_HAL_Driver/stm32h7xx_hal_tim_ex.o
LOAD ./Drivers/STM32H7xx_HAL_Driver/stm32h7xx_hal_uart.o
LOAD ./Drivers/STM32H7xx_HAL_Driver/stm32h7xx_hal_uart_ex.o
LOAD ./Drivers/STM32H7xx_HAL_Driver/stm32h7xx_ll_usb.o
START GROUP
LOAD c:/st/stm32cubeide_1.9.0/stm32cubeide/plugins/com.st.stm32cube.ide.mcu.externaltools.gnu-tools-for-stm32.10.3-2021.10.win32_1.0.0.202111181127/tools/bin/../lib/gcc/arm-none-eabi/10.3.1/../../../../arm-none-eabi/lib/thumb/v7e-m+dp/hard\libstdc++_nano.a
LOAD c:/st/stm32cubeide_1.9.0/stm32cubeide/plugins/com.st.stm32cube.ide.mcu.externaltools.gnu-tools-for-stm32.10.3-2021.10.win32_1.0.0.202111181127/tools/bin/../lib/gcc/arm-none-eabi/10.3.1/../../../../arm-none-eabi/lib/thumb/v7e-m+dp/hard\libsupc++_nano.a
END GROUP
LOAD c:/st/stm32cubeide_1.9.0/stm32cubeide/plugins/com.st.stm32cube.ide.mcu.externaltools.gnu-tools-for-stm32.10.3-2021.10.win32_1.0.0.202111181127/tools/bin/../lib/gcc/arm-none-eabi/10.3.1/../../../../arm-none-eabi/lib/thumb/v7e-m+dp/hard\libstdc++_nano.a
LOAD c:/st/stm32cubeide_1.9.0/stm32cubeide/plugins/com.st.stm32cube.ide.mcu.externaltools.gnu-tools-for-stm32.10.3-2021.10.win32_1.0.0.202111181127/tools/bin/../lib/gcc/arm-none-eabi/10.3.1/../../../../arm-none-eabi/lib/thumb/v7e-m+dp/hard\libm.a
LOAD c:/st/stm32cubeide_1.9.0/stm32cubeide/plugins/com.st.stm32cube.ide.mcu.externaltools.gnu-tools-for-stm32.10.3-2021.10.win32_1.0.0.202111181127/tools/bin/../lib/gcc/arm-none-eabi/10.3.1/../../../../arm-none-eabi/lib/thumb/v7e-m+dp/hard\libc_nano.a
START GROUP
LOAD c:/st/stm32cubeide_1.9.0/stm32cubeide/plugins/com.st.stm32cube.ide.mcu.externaltools.gnu-tools-for-stm32.10.3-2021.10.win32_1.0.0.202111181127/tools/bin/../lib/gcc/arm-none-eabi/10.3.1/thumb/v7e-m+dp/hard\libgcc.a
LOAD c:/st/stm32cubeide_1.9.0/stm32cubeide/plugins/com.st.stm32cube.ide.mcu.externaltools.gnu-tools-for-stm32.10.3-2021.10.win32_1.0.0.202111181127/tools/bin/../lib/gcc/arm-none-eabi/10.3.1/../../../../arm-none-eabi/lib/thumb/v7e-m+dp/hard\libc_nano.a
END GROUP
START GROUP
LOAD c:/st/stm32cubeide_1.9.0/stm32cubeide/plugins/com.st.stm32cube.ide.mcu.externaltools.gnu-tools-for-stm32.10.3-2021.10.win32_1.0.0.202111181127/tools/bin/../lib/gcc/arm-none-eabi/10.3.1/thumb/v7e-m+dp/hard\libgcc.a
LOAD c:/st/stm32cubeide_1.9.0/stm32cubeide/plugins/com.st.stm32cube.ide.mcu.externaltools.gnu-tools-for-stm32.10.3-2021.10.win32_1.0.0.202111181127/tools/bin/../lib/gcc/arm-none-eabi/10.3.1/../../../../arm-none-eabi/lib/thumb/v7e-m+dp/hard\libc_nano.a
LOAD c:/st/stm32cubeide_1.9.0/stm32cubeide/plugins/com.st.stm32cube.ide.mcu.externaltools.gnu-tools-for-stm32.10.3-2021.10.win32_1.0.0.202111181127/tools/bin/../lib/gcc/arm-none-eabi/10.3.1/../../../../arm-none-eabi/lib/thumb/v7e-m+dp/hard\libnosys.a
END GROUP
START GROUP
LOAD c:/st/stm32cubeide_1.9.0/stm32cubeide/plugins/com.st.stm32cube.ide.mcu.externaltools.gnu-tools-for-stm32.10.3-2021.10.win32_1.0.0.202111181127/tools/bin/../lib/gcc/arm-none-eabi/10.3.1/thumb/v7e-m+dp/hard\libgcc.a
LOAD c:/st/stm32cubeide_1.9.0/stm32cubeide/plugins/com.st.stm32cube.ide.mcu.externaltools.gnu-tools-for-stm32.10.3-2021.10.win32_1.0.0.202111181127/tools/bin/../lib/gcc/arm-none-eabi/10.3.1/../../../../arm-none-eabi/lib/thumb/v7e-m+dp/hard\libc_nano.a
LOAD c:/st/stm32cubeide_1.9.0/stm32cubeide/plugins/com.st.stm32cube.ide.mcu.externaltools.gnu-tools-for-stm32.10.3-2021.10.win32_1.0.0.202111181127/tools/bin/../lib/gcc/arm-none-eabi/10.3.1/../../../../arm-none-eabi/lib/thumb/v7e-m+dp/hard\libnosys.a
END GROUP
LOAD c:/st/stm32cubeide_1.9.0/stm32cubeide/plugins/com.st.stm32cube.ide.mcu.externaltools.gnu-tools-for-stm32.10.3-2021.10.win32_1.0.0.202111181127/tools/bin/../lib/gcc/arm-none-eabi/10.3.1/thumb/v7e-m+dp/hard/crtend.o
LOAD c:/st/stm32cubeide_1.9.0/stm32cubeide/plugins/com.st.stm32cube.ide.mcu.externaltools.gnu-tools-for-stm32.10.3-2021.10.win32_1.0.0.202111181127/tools/bin/../lib/gcc/arm-none-eabi/10.3.1/thumb/v7e-m+dp/hard/crtn.o
                0x0000000024080000                _estack = (ORIGIN (RAM_D1) + LENGTH (RAM_D1))
                0x0000000000000200                _Min_Heap_Size = 0x200
                0x0000000000000400                _Min_Stack_Size = 0x400

.isr_vector     0x0000000008000000      0x298
                0x0000000008000000                . = ALIGN (0x4)
 *(.isr_vector)
 .isr_vector    0x0000000008000000      0x298 ./Core/Startup/startup_stm32h745zitx.o
                0x0000000008000000                g_pfnVectors
                0x0000000008000298                . = ALIGN (0x4)

.text           0x0000000008000298     0x689c
                0x0000000008000298                . = ALIGN (0x4)
 *(.text)
 .text          0x0000000008000298       0x40 c:/st/stm32cubeide_1.9.0/stm32cubeide/plugins/com.st.stm32cube.ide.mcu.externaltools.gnu-tools-for-stm32.10.3-2021.10.win32_1.0.0.202111181127/tools/bin/../lib/gcc/arm-none-eabi/10.3.1/thumb/v7e-m+dp/hard/crtbegin.o
 .text          0x00000000080002d8       0x30 c:/st/stm32cubeide_1.9.0/stm32cubeide/plugins/com.st.stm32cube.ide.mcu.externaltools.gnu-tools-for-stm32.10.3-2021.10.win32_1.0.0.202111181127/tools/bin/../lib/gcc/arm-none-eabi/10.3.1/thumb/v7e-m+dp/hard\libgcc.a(_aeabi_uldivmod.o)
                0x00000000080002d8                __aeabi_uldivmod
 .text          0x0000000008000308      0x2d0 c:/st/stm32cubeide_1.9.0/stm32cubeide/plugins/com.st.stm32cube.ide.mcu.externaltools.gnu-tools-for-stm32.10.3-2021.10.win32_1.0.0.202111181127/tools/bin/../lib/gcc/arm-none-eabi/10.3.1/thumb/v7e-m+dp/hard\libgcc.a(_udivmoddi4.o)
                0x0000000008000308                __udivmoddi4
 .text          0x00000000080005d8        0x4 c:/st/stm32cubeide_1.9.0/stm32cubeide/plugins/com.st.stm32cube.ide.mcu.externaltools.gnu-tools-for-stm32.10.3-2021.10.win32_1.0.0.202111181127/tools/bin/../lib/gcc/arm-none-eabi/10.3.1/thumb/v7e-m+dp/hard\libgcc.a(_dvmd_tls.o)
                0x00000000080005d8                __aeabi_idiv0
                0x00000000080005d8                __aeabi_ldiv0
 *(.text*)
 .text.SystemInit
                0x00000000080005dc      0x12c ./Common/Src/system_stm32h7xx_dualcore_boot_cm4_cm7.o
                0x00000000080005dc                SystemInit
 .text._ZSt21is_constant_evaluatedv
                0x0000000008000708       0x10 ./Core/Src/cpp_main.o
                0x0000000008000708                std::is_constant_evaluated()
 .text._ZN9__gnu_cxx5__ops16__iter_less_iterEv
                0x0000000008000718       0x10 ./Core/Src/cpp_main.o
                0x0000000008000718                __gnu_cxx::__ops::__iter_less_iter()
 .text._ZN9__gnu_cxx5__ops15__val_comp_iterENS0_15_Iter_less_iterE
                0x0000000008000728       0x16 ./Core/Src/cpp_main.o
                0x0000000008000728                __gnu_cxx::__ops::__val_comp_iter(__gnu_cxx::__ops::_Iter_less_iter)
 .text._ZSt4__lgi
                0x000000000800073e       0x1e ./Core/Src/cpp_main.o
                0x000000000800073e                std::__lg(int)
 .text.cpp_main
                0x000000000800075c       0x48 ./Core/Src/cpp_main.o
                0x000000000800075c                cpp_main
 .text._Z14calcAVGofFieldIsET_PS0_m
                0x00000000080007a4       0x6e ./Core/Src/cpp_main.o
                0x00000000080007a4                short calcAVGofField<short>(short*, unsigned long)
 .text._ZSt4sortIPsEvT_S1_
                0x0000000008000812       0x20 ./Core/Src/cpp_main.o
                0x0000000008000812                void std::sort<short*>(short*, short*)
 .text._ZSt6__sortIPsN9__gnu_cxx5__ops15_Iter_less_iterEEvT_S4_T0_
                0x0000000008000832       0x42 ./Core/Src/cpp_main.o
                0x0000000008000832                void std::__sort<short*, __gnu_cxx::__ops::_Iter_less_iter>(short*, short*, __gnu_cxx::__ops::_Iter_less_iter)
 .text._ZSt16__introsort_loopIPsiN9__gnu_cxx5__ops15_Iter_less_iterEEvT_S4_T0_T1_
                0x0000000008000874       0x56 ./Core/Src/cpp_main.o
                0x0000000008000874                void std::__introsort_loop<short*, int, __gnu_cxx::__ops::_Iter_less_iter>(short*, short*, int, __gnu_cxx::__ops::_Iter_less_iter)
 .text._ZSt22__final_insertion_sortIPsN9__gnu_cxx5__ops15_Iter_less_iterEEvT_S4_T0_
                0x00000000080008ca       0x46 ./Core/Src/cpp_main.o
                0x00000000080008ca                void std::__final_insertion_sort<short*, __gnu_cxx::__ops::_Iter_less_iter>(short*, short*, __gnu_cxx::__ops::_Iter_less_iter)
 .text._ZSt14__partial_sortIPsN9__gnu_cxx5__ops15_Iter_less_iterEEvT_S4_S4_T0_
                0x0000000008000910       0x2e ./Core/Src/cpp_main.o
                0x0000000008000910                void std::__partial_sort<short*, __gnu_cxx::__ops::_Iter_less_iter>(short*, short*, short*, __gnu_cxx::__ops::_Iter_less_iter)
 .text._ZSt27__unguarded_partition_pivotIPsN9__gnu_cxx5__ops15_Iter_less_iterEET_S4_S4_T0_
                0x000000000800093e       0x50 ./Core/Src/cpp_main.o
                0x000000000800093e                short* std::__unguarded_partition_pivot<short*, __gnu_cxx::__ops::_Iter_less_iter>(short*, short*, __gnu_cxx::__ops::_Iter_less_iter)
 .text._ZNK9__gnu_cxx5__ops15_Iter_less_iterclIPsS3_EEbT_T0_
                0x000000000800098e       0x2e ./Core/Src/cpp_main.o
                0x000000000800098e                bool __gnu_cxx::__ops::_Iter_less_iter::operator()<short*, short*>(short*, short*) const
 .text._ZSt13move_backwardIPsS0_ET0_T_S2_S1_
                0x00000000080009bc       0x30 ./Core/Src/cpp_main.o
                0x00000000080009bc                short* std::move_backward<short*, short*>(short*, short*, short*)
 .text._ZSt16__insertion_sortIPsN9__gnu_cxx5__ops15_Iter_less_iterEEvT_S4_T0_
                0x00000000080009ec       0x84 ./Core/Src/cpp_main.o
                0x00000000080009ec                void std::__insertion_sort<short*, __gnu_cxx::__ops::_Iter_less_iter>(short*, short*, __gnu_cxx::__ops::_Iter_less_iter)
 .text._ZSt26__unguarded_insertion_sortIPsN9__gnu_cxx5__ops15_Iter_less_iterEEvT_S4_T0_
                0x0000000008000a70       0x36 ./Core/Src/cpp_main.o
                0x0000000008000a70                void std::__unguarded_insertion_sort<short*, __gnu_cxx::__ops::_Iter_less_iter>(short*, short*, __gnu_cxx::__ops::_Iter_less_iter)
 .text._ZSt13__heap_selectIPsN9__gnu_cxx5__ops15_Iter_less_iterEEvT_S4_S4_T0_
                0x0000000008000aa6       0x54 ./Core/Src/cpp_main.o
                0x0000000008000aa6                void std::__heap_select<short*, __gnu_cxx::__ops::_Iter_less_iter>(short*, short*, short*, __gnu_cxx::__ops::_Iter_less_iter)
 .text._ZSt11__sort_heapIPsN9__gnu_cxx5__ops15_Iter_less_iterEEvT_S4_RT0_
                0x0000000008000afa       0x32 ./Core/Src/cpp_main.o
                0x0000000008000afa                void std::__sort_heap<short*, __gnu_cxx::__ops::_Iter_less_iter>(short*, short*, __gnu_cxx::__ops::_Iter_less_iter&)
 .text._ZSt22__move_median_to_firstIPsN9__gnu_cxx5__ops15_Iter_less_iterEEvT_S4_S4_S4_T0_
                0x0000000008000b2c       0xaa ./Core/Src/cpp_main.o
                0x0000000008000b2c                void std::__move_median_to_first<short*, __gnu_cxx::__ops::_Iter_less_iter>(short*, short*, short*, short*, __gnu_cxx::__ops::_Iter_less_iter)
 .text._ZSt21__unguarded_partitionIPsN9__gnu_cxx5__ops15_Iter_less_iterEET_S4_S4_S4_T0_
                0x0000000008000bd6       0x6c ./Core/Src/cpp_main.o
                0x0000000008000bd6                short* std::__unguarded_partition<short*, __gnu_cxx::__ops::_Iter_less_iter>(short*, short*, short*, __gnu_cxx::__ops::_Iter_less_iter)
 .text._ZSt4moveIRsEONSt16remove_referenceIT_E4typeEOS2_
                0x0000000008000c42       0x16 ./Core/Src/cpp_main.o
                0x0000000008000c42                std::remove_reference<short&>::type&& std::move<short&>(short&)
 .text._ZSt12__miter_baseIPsET_S1_
                0x0000000008000c58       0x16 ./Core/Src/cpp_main.o
                0x0000000008000c58                short* std::__miter_base<short*>(short*)
 .text._ZSt22__copy_move_backward_aILb1EPsS0_ET1_T0_S2_S1_
                0x0000000008000c6e       0x46 ./Core/Src/cpp_main.o
                0x0000000008000c6e                short* std::__copy_move_backward_a<true, short*, short*>(short*, short*, short*)
 .text._ZNK9__gnu_cxx5__ops14_Val_less_iterclIsPsEEbRT_T0_
                0x0000000008000cb4       0x2e ./Core/Src/cpp_main.o
                0x0000000008000cb4                bool __gnu_cxx::__ops::_Val_less_iter::operator()<short, short*>(short&, short*) const
 .text._ZSt25__unguarded_linear_insertIPsN9__gnu_cxx5__ops14_Val_less_iterEEvT_T0_
                0x0000000008000ce2       0x6e ./Core/Src/cpp_main.o
                0x0000000008000ce2                void std::__unguarded_linear_insert<short*, __gnu_cxx::__ops::_Val_less_iter>(short*, __gnu_cxx::__ops::_Val_less_iter)
 .text._ZSt11__make_heapIPsN9__gnu_cxx5__ops15_Iter_less_iterEEvT_S4_RT0_
                0x0000000008000d50       0x7c ./Core/Src/cpp_main.o
                0x0000000008000d50                void std::__make_heap<short*, __gnu_cxx::__ops::_Iter_less_iter>(short*, short*, __gnu_cxx::__ops::_Iter_less_iter&)
 .text._ZSt10__pop_heapIPsN9__gnu_cxx5__ops15_Iter_less_iterEEvT_S4_S4_RT0_
                0x0000000008000dcc       0x5c ./Core/Src/cpp_main.o
                0x0000000008000dcc                void std::__pop_heap<short*, __gnu_cxx::__ops::_Iter_less_iter>(short*, short*, short*, __gnu_cxx::__ops::_Iter_less_iter&)
 .text._ZSt9iter_swapIPsS0_EvT_T0_
                0x0000000008000e28       0x1a ./Core/Src/cpp_main.o
                0x0000000008000e28                void std::iter_swap<short*, short*>(short*, short*)
 .text._ZSt12__niter_baseIPsET_S1_
                0x0000000008000e42       0x16 ./Core/Src/cpp_main.o
                0x0000000008000e42                short* std::__niter_base<short*>(short*)
 .text._ZSt23__copy_move_backward_a1ILb1EPsS0_ET1_T0_S2_S1_
                0x0000000008000e58       0x20 ./Core/Src/cpp_main.o
                0x0000000008000e58                short* std::__copy_move_backward_a1<true, short*, short*>(short*, short*, short*)
 .text._ZSt12__niter_wrapIPsET_RKS1_S1_
                0x0000000008000e78       0x18 ./Core/Src/cpp_main.o
                0x0000000008000e78                short* std::__niter_wrap<short*>(short* const&, short*)
 .text._ZSt13__adjust_heapIPsisN9__gnu_cxx5__ops15_Iter_less_iterEEvT_T0_S5_T1_T2_
                0x0000000008000e90       0xfa ./Core/Src/cpp_main.o
                0x0000000008000e90                void std::__adjust_heap<short*, int, short, __gnu_cxx::__ops::_Iter_less_iter>(short*, int, int, short, __gnu_cxx::__ops::_Iter_less_iter)
 .text._ZSt4swapIsENSt9enable_ifIXsrSt6__and_IJSt6__not_ISt15__is_tuple_likeIT_EESt21is_move_constructibleIS4_ESt18is_move_assignableIS4_EEE5valueEvE4typeERS4_SE_
                0x0000000008000f8a       0x44 ./Core/Src/cpp_main.o
                0x0000000008000f8a                std::enable_if<std::__and_<std::__not_<std::__is_tuple_like<short> >, std::is_move_constructible<short>, std::is_move_assignable<short> >::value, void>::type std::swap<short>(short&, short&)
 .text._ZSt23__copy_move_backward_a2ILb1EPsS0_ET1_T0_S2_S1_
                0x0000000008000fce       0x3a ./Core/Src/cpp_main.o
                0x0000000008000fce                short* std::__copy_move_backward_a2<true, short*, short*>(short*, short*, short*)
 .text._ZNK9__gnu_cxx5__ops14_Iter_less_valclIPssEEbT_RT0_
                0x0000000008001008       0x2e ./Core/Src/cpp_main.o
                0x0000000008001008                bool __gnu_cxx::__ops::_Iter_less_val::operator()<short*, short>(short*, short&) const
 .text._ZSt11__push_heapIPsisN9__gnu_cxx5__ops14_Iter_less_valEEvT_T0_S5_T1_RT2_
                0x0000000008001036       0x98 ./Core/Src/cpp_main.o
                0x0000000008001036                void std::__push_heap<short*, int, short, __gnu_cxx::__ops::_Iter_less_val>(short*, int, int, short, __gnu_cxx::__ops::_Iter_less_val&)
 .text._ZNSt20__copy_move_backwardILb1ELb0ESt26random_access_iterator_tagE13__copy_move_bIPsS3_EET0_T_S5_S4_
                0x00000000080010ce       0x4a ./Core/Src/cpp_main.o
                0x00000000080010ce                short* std::__copy_move_backward<true, false, std::random_access_iterator_tag>::__copy_move_b<short*, short*>(short*, short*, short*)
 .text._ZNSt20__copy_move_backwardILb1ELb1ESt26random_access_iterator_tagE13__copy_move_bIsEEPT_PKS3_S6_S4_
                0x0000000008001118       0x44 ./Core/Src/cpp_main.o
                0x0000000008001118                short* std::__copy_move_backward<true, true, std::random_access_iterator_tag>::__copy_move_b<short>(short const*, short const*, short*)
 .text.main     0x000000000800115c       0xa4 ./Core/Src/main.o
                0x000000000800115c                main
 .text.SystemClock_Config
                0x0000000008001200      0x108 ./Core/Src/main.o
                0x0000000008001200                SystemClock_Config
 .text.MX_ETH_Init
                0x0000000008001308       0x98 ./Core/Src/main.o
 .text.MX_USART3_UART_Init
                0x00000000080013a0       0x98 ./Core/Src/main.o
 .text.MX_USB_OTG_FS_PCD_Init
                0x0000000008001438       0x64 ./Core/Src/main.o
 .text.MX_GPIO_Init
                0x000000000800149c      0x14c ./Core/Src/main.o
 .text.Error_Handler
                0x00000000080015e8        0xa ./Core/Src/main.o
                0x00000000080015e8                Error_Handler
 *fill*         0x00000000080015f2        0x2 
 .text.HAL_MspInit
                0x00000000080015f4       0x34 ./Core/Src/stm32h7xx_hal_msp.o
                0x00000000080015f4                HAL_MspInit
 .text.HAL_ETH_MspInit
                0x0000000008001628      0x19c ./Core/Src/stm32h7xx_hal_msp.o
                0x0000000008001628                HAL_ETH_MspInit
 .text.HAL_UART_MspInit
                0x00000000080017c4       0xcc ./Core/Src/stm32h7xx_hal_msp.o
                0x00000000080017c4                HAL_UART_MspInit
 .text.HAL_PCD_MspInit
                0x0000000008001890      0x110 ./Core/Src/stm32h7xx_hal_msp.o
                0x0000000008001890                HAL_PCD_MspInit
 .text.NMI_Handler
                0x00000000080019a0        0x6 ./Core/Src/stm32h7xx_it.o
                0x00000000080019a0                NMI_Handler
 .text.HardFault_Handler
                0x00000000080019a6        0x6 ./Core/Src/stm32h7xx_it.o
                0x00000000080019a6                HardFault_Handler
 .text.MemManage_Handler
                0x00000000080019ac        0x6 ./Core/Src/stm32h7xx_it.o
                0x00000000080019ac                MemManage_Handler
 .text.BusFault_Handler
                0x00000000080019b2        0x6 ./Core/Src/stm32h7xx_it.o
                0x00000000080019b2                BusFault_Handler
 .text.UsageFault_Handler
                0x00000000080019b8        0x6 ./Core/Src/stm32h7xx_it.o
                0x00000000080019b8                UsageFault_Handler
 .text.SVC_Handler
                0x00000000080019be        0xe ./Core/Src/stm32h7xx_it.o
                0x00000000080019be                SVC_Handler
 .text.DebugMon_Handler
                0x00000000080019cc        0xe ./Core/Src/stm32h7xx_it.o
                0x00000000080019cc                DebugMon_Handler
 .text.PendSV_Handler
                0x00000000080019da        0xe ./Core/Src/stm32h7xx_it.o
                0x00000000080019da                PendSV_Handler
 .text.SysTick_Handler
                0x00000000080019e8        0xc ./Core/Src/stm32h7xx_it.o
                0x00000000080019e8                SysTick_Handler
 .text.Reset_Handler
                0x00000000080019f4       0x50 ./Core/Startup/startup_stm32h745zitx.o
                0x00000000080019f4                Reset_Handler
 .text.Default_Handler
                0x0000000008001a44        0x2 ./Core/Startup/startup_stm32h745zitx.o
                0x0000000008001a44                RTC_Alarm_IRQHandler
                0x0000000008001a44                EXTI2_IRQHandler
                0x0000000008001a44                TIM8_CC_IRQHandler
                0x0000000008001a44                HRTIM1_Master_IRQHandler
                0x0000000008001a44                UART8_IRQHandler
                0x0000000008001a44                SPI4_IRQHandler
                0x0000000008001a44                TIM1_CC_IRQHandler
                0x0000000008001a44                BDMA_Channel6_IRQHandler
                0x0000000008001a44                DMA2_Stream5_IRQHandler
                0x0000000008001a44                HRTIM1_FLT_IRQHandler
                0x0000000008001a44                JPEG_IRQHandler
                0x0000000008001a44                DMA1_Stream5_IRQHandler
                0x0000000008001a44                BDMA_Channel1_IRQHandler
                0x0000000008001a44                HRTIM1_TIMD_IRQHandler
                0x0000000008001a44                TAMP_STAMP_IRQHandler
                0x0000000008001a44                EXTI3_IRQHandler
                0x0000000008001a44                LPTIM4_IRQHandler
                0x0000000008001a44                TIM8_TRG_COM_TIM14_IRQHandler
                0x0000000008001a44                LPTIM2_IRQHandler
                0x0000000008001a44                DFSDM1_FLT1_IRQHandler
                0x0000000008001a44                DMAMUX2_OVR_IRQHandler
                0x0000000008001a44                TIM8_UP_TIM13_IRQHandler
                0x0000000008001a44                I2C3_ER_IRQHandler
                0x0000000008001a44                DFSDM1_FLT2_IRQHandler
                0x0000000008001a44                MDMA_IRQHandler
                0x0000000008001a44                LPTIM3_IRQHandler
                0x0000000008001a44                HSEM1_IRQHandler
                0x0000000008001a44                EXTI0_IRQHandler
                0x0000000008001a44                I2C2_EV_IRQHandler
                0x0000000008001a44                DMA1_Stream2_IRQHandler
                0x0000000008001a44                FPU_IRQHandler
                0x0000000008001a44                OTG_HS_WKUP_IRQHandler
                0x0000000008001a44                FDCAN1_IT1_IRQHandler
                0x0000000008001a44                LTDC_ER_IRQHandler
                0x0000000008001a44                DMA2_Stream2_IRQHandler
                0x0000000008001a44                HRTIM1_TIME_IRQHandler
                0x0000000008001a44                SPI1_IRQHandler
                0x0000000008001a44                TIM6_DAC_IRQHandler
                0x0000000008001a44                DCMI_IRQHandler
                0x0000000008001a44                HRTIM1_TIMC_IRQHandler
                0x0000000008001a44                DMA2_Stream3_IRQHandler
                0x0000000008001a44                SAI2_IRQHandler
                0x0000000008001a44                DFSDM1_FLT3_IRQHandler
                0x0000000008001a44                USART6_IRQHandler
                0x0000000008001a44                TIM17_IRQHandler
                0x0000000008001a44                USART3_IRQHandler
                0x0000000008001a44                BDMA_Channel7_IRQHandler
                0x0000000008001a44                LPTIM5_IRQHandler
                0x0000000008001a44                UART5_IRQHandler
                0x0000000008001a44                ADC3_IRQHandler
                0x0000000008001a44                DMA2_Stream0_IRQHandler
                0x0000000008001a44                TIM4_IRQHandler
                0x0000000008001a44                BDMA_Channel2_IRQHandler
                0x0000000008001a44                QUADSPI_IRQHandler
                0x0000000008001a44                I2C1_EV_IRQHandler
                0x0000000008001a44                DMA1_Stream6_IRQHandler
                0x0000000008001a44                DMAMUX1_OVR_IRQHandler
                0x0000000008001a44                DMA1_Stream1_IRQHandler
                0x0000000008001a44                TIM16_IRQHandler
                0x0000000008001a44                UART4_IRQHandler
                0x0000000008001a44                BDMA_Channel5_IRQHandler
                0x0000000008001a44                TIM3_IRQHandler
                0x0000000008001a44                RCC_IRQHandler
                0x0000000008001a44                TIM8_BRK_TIM12_IRQHandler
                0x0000000008001a44                TIM1_TRG_COM_IRQHandler
                0x0000000008001a44                Default_Handler
                0x0000000008001a44                ECC_IRQHandler
                0x0000000008001a44                CEC_IRQHandler
                0x0000000008001a44                EXTI15_10_IRQHandler
                0x0000000008001a44                BDMA_Channel0_IRQHandler
                0x0000000008001a44                ADC_IRQHandler
                0x0000000008001a44                DMA1_Stream7_IRQHandler
                0x0000000008001a44                HRTIM1_TIMA_IRQHandler
                0x0000000008001a44                SPI5_IRQHandler
                0x0000000008001a44                TIM7_IRQHandler
                0x0000000008001a44                SDMMC1_IRQHandler
                0x0000000008001a44                TIM5_IRQHandler
                0x0000000008001a44                DMA2_Stream7_IRQHandler
                0x0000000008001a44                TIM15_IRQHandler
                0x0000000008001a44                PVD_AVD_IRQHandler
                0x0000000008001a44                I2C3_EV_IRQHandler
                0x0000000008001a44                EXTI9_5_IRQHandler
                0x0000000008001a44                RTC_WKUP_IRQHandler
                0x0000000008001a44                LTDC_IRQHandler
                0x0000000008001a44                SAI3_IRQHandler
                0x0000000008001a44                ETH_WKUP_IRQHandler
                0x0000000008001a44                SPDIF_RX_IRQHandler
                0x0000000008001a44                SPI2_IRQHandler
                0x0000000008001a44                OTG_HS_EP1_IN_IRQHandler
                0x0000000008001a44                DMA1_Stream0_IRQHandler
                0x0000000008001a44                CRS_IRQHandler
                0x0000000008001a44                CM7_SEV_IRQHandler
                0x0000000008001a44                EXTI4_IRQHandler
                0x0000000008001a44                RNG_IRQHandler
                0x0000000008001a44                CM4_SEV_IRQHandler
                0x0000000008001a44                HRTIM1_TIMB_IRQHandler
                0x0000000008001a44                FDCAN2_IT1_IRQHandler
                0x0000000008001a44                ETH_IRQHandler
                0x0000000008001a44                TIM1_UP_IRQHandler
                0x0000000008001a44                WWDG_RST_IRQHandler
                0x0000000008001a44                BDMA_Channel4_IRQHandler
                0x0000000008001a44                OTG_HS_EP1_OUT_IRQHandler
                0x0000000008001a44                WWDG_IRQHandler
                0x0000000008001a44                SPI6_IRQHandler
                0x0000000008001a44                MDIOS_IRQHandler
                0x0000000008001a44                I2C4_EV_IRQHandler
                0x0000000008001a44                FDCAN2_IT0_IRQHandler
                0x0000000008001a44                LPUART1_IRQHandler
                0x0000000008001a44                FDCAN1_IT0_IRQHandler
                0x0000000008001a44                TIM2_IRQHandler
                0x0000000008001a44                OTG_FS_WKUP_IRQHandler
                0x0000000008001a44                OTG_HS_IRQHandler
                0x0000000008001a44                HSEM2_IRQHandler
                0x0000000008001a44                DMA2D_IRQHandler
                0x0000000008001a44                TIM1_BRK_IRQHandler
                0x0000000008001a44                EXTI1_IRQHandler
                0x0000000008001a44                SDMMC2_IRQHandler
                0x0000000008001a44                OTG_FS_EP1_OUT_IRQHandler
                0x0000000008001a44                BDMA_Channel3_IRQHandler
                0x0000000008001a44                HOLD_CORE_IRQHandler
                0x0000000008001a44                UART7_IRQHandler
                0x0000000008001a44                MDIOS_WKUP_IRQHandler
                0x0000000008001a44                USART2_IRQHandler
                0x0000000008001a44                DFSDM1_FLT0_IRQHandler
                0x0000000008001a44                SAI4_IRQHandler
                0x0000000008001a44                I2C2_ER_IRQHandler
                0x0000000008001a44                DMA2_Stream1_IRQHandler
                0x0000000008001a44                FLASH_IRQHandler
                0x0000000008001a44                DMA2_Stream4_IRQHandler
                0x0000000008001a44                USART1_IRQHandler
                0x0000000008001a44                OTG_FS_IRQHandler
                0x0000000008001a44                SPI3_IRQHandler
                0x0000000008001a44                WAKEUP_PIN_IRQHandler
                0x0000000008001a44                DMA1_Stream4_IRQHandler
                0x0000000008001a44                OTG_FS_EP1_IN_IRQHandler
                0x0000000008001a44                I2C1_ER_IRQHandler
                0x0000000008001a44                FMC_IRQHandler
                0x0000000008001a44                FDCAN_CAL_IRQHandler
                0x0000000008001a44                SWPMI1_IRQHandler
                0x0000000008001a44                COMP1_IRQHandler
                0x0000000008001a44                LPTIM1_IRQHandler
                0x0000000008001a44                I2C4_ER_IRQHandler
                0x0000000008001a44                DMA2_Stream6_IRQHandler
                0x0000000008001a44                SAI1_IRQHandler
                0x0000000008001a44                DMA1_Stream3_IRQHandler
 *fill*         0x0000000008001a46        0x2 
 .text.HAL_Init
                0x0000000008001a48       0x78 ./Drivers/STM32H7xx_HAL_Driver/stm32h7xx_hal.o
                0x0000000008001a48                HAL_Init
 .text.HAL_InitTick
                0x0000000008001ac0       0x6c ./Drivers/STM32H7xx_HAL_Driver/stm32h7xx_hal.o
                0x0000000008001ac0                HAL_InitTick
 .text.HAL_IncTick
                0x0000000008001b2c       0x28 ./Drivers/STM32H7xx_HAL_Driver/stm32h7xx_hal.o
                0x0000000008001b2c                HAL_IncTick
 .text.HAL_GetTick
                0x0000000008001b54       0x18 ./Drivers/STM32H7xx_HAL_Driver/stm32h7xx_hal.o
                0x0000000008001b54                HAL_GetTick
 .text.HAL_Delay
                0x0000000008001b6c       0x48 ./Drivers/STM32H7xx_HAL_Driver/stm32h7xx_hal.o
                0x0000000008001b6c                HAL_Delay
 .text.HAL_GetREVID
                0x0000000008001bb4       0x18 ./Drivers/STM32H7xx_HAL_Driver/stm32h7xx_hal.o
                0x0000000008001bb4                HAL_GetREVID
 .text.HAL_SYSCFG_ETHInterfaceSelect
                0x0000000008001bcc       0x28 ./Drivers/STM32H7xx_HAL_Driver/stm32h7xx_hal.o
                0x0000000008001bcc                HAL_SYSCFG_ETHInterfaceSelect
 .text.__NVIC_SetPriorityGrouping
                0x0000000008001bf4       0x48 ./Drivers/STM32H7xx_HAL_Driver/stm32h7xx_hal_cortex.o
 .text.__NVIC_GetPriorityGrouping
                0x0000000008001c3c       0x1c ./Drivers/STM32H7xx_HAL_Driver/stm32h7xx_hal_cortex.o
 .text.__NVIC_SetPriority
                0x0000000008001c58       0x54 ./Drivers/STM32H7xx_HAL_Driver/stm32h7xx_hal_cortex.o
 .text.NVIC_EncodePriority
                0x0000000008001cac       0x66 ./Drivers/STM32H7xx_HAL_Driver/stm32h7xx_hal_cortex.o
 *fill*         0x0000000008001d12        0x2 
 .text.SysTick_Config
                0x0000000008001d14       0x44 ./Drivers/STM32H7xx_HAL_Driver/stm32h7xx_hal_cortex.o
 .text.HAL_NVIC_SetPriorityGrouping
                0x0000000008001d58       0x16 ./Drivers/STM32H7xx_HAL_Driver/stm32h7xx_hal_cortex.o
                0x0000000008001d58                HAL_NVIC_SetPriorityGrouping
 .text.HAL_NVIC_SetPriority
                0x0000000008001d6e       0x34 ./Drivers/STM32H7xx_HAL_Driver/stm32h7xx_hal_cortex.o
                0x0000000008001d6e                HAL_NVIC_SetPriority
 .text.HAL_SYSTICK_Config
                0x0000000008001da2       0x18 ./Drivers/STM32H7xx_HAL_Driver/stm32h7xx_hal_cortex.o
                0x0000000008001da2                HAL_SYSTICK_Config
 *fill*         0x0000000008001dba        0x2 
 .text.HAL_ETH_Init
                0x0000000008001dbc      0x1cc ./Drivers/STM32H7xx_HAL_Driver/stm32h7xx_hal_eth.o
                0x0000000008001dbc                HAL_ETH_Init
 .text.HAL_ETH_SetMDIOClockRange
                0x0000000008001f88       0xb0 ./Drivers/STM32H7xx_HAL_Driver/stm32h7xx_hal_eth.o
                0x0000000008001f88                HAL_ETH_SetMDIOClockRange
 .text.ETH_SetMACConfig
                0x0000000008002038      0x238 ./Drivers/STM32H7xx_HAL_Driver/stm32h7xx_hal_eth.o
 .text.ETH_SetDMAConfig
                0x0000000008002270      0x10c ./Drivers/STM32H7xx_HAL_Driver/stm32h7xx_hal_eth.o
 .text.ETH_MACDMAConfig
                0x000000000800237c      0x13a ./Drivers/STM32H7xx_HAL_Driver/stm32h7xx_hal_eth.o
 .text.ETH_DMATxDescListInit
                0x00000000080024b6       0x92 ./Drivers/STM32H7xx_HAL_Driver/stm32h7xx_hal_eth.o
 .text.ETH_DMARxDescListInit
                0x0000000008002548       0xba ./Drivers/STM32H7xx_HAL_Driver/stm32h7xx_hal_eth.o
 *fill*         0x0000000008002602        0x2 
 .text.HAL_GPIO_Init
                0x0000000008002604      0x360 ./Drivers/STM32H7xx_HAL_Driver/stm32h7xx_hal_gpio.o
                0x0000000008002604                HAL_GPIO_Init
 .text.HAL_GPIO_WritePin
                0x0000000008002964       0x32 ./Drivers/STM32H7xx_HAL_Driver/stm32h7xx_hal_gpio.o
                0x0000000008002964                HAL_GPIO_WritePin
 *fill*         0x0000000008002996        0x2 
 .text.HAL_HSEM_FastTake
                0x0000000008002998       0x34 ./Drivers/STM32H7xx_HAL_Driver/stm32h7xx_hal_hsem.o
                0x0000000008002998                HAL_HSEM_FastTake
 .text.HAL_HSEM_Release
                0x00000000080029cc       0x28 ./Drivers/STM32H7xx_HAL_Driver/stm32h7xx_hal_hsem.o
                0x00000000080029cc                HAL_HSEM_Release
 .text.HAL_PCD_Init
                0x00000000080029f4      0x248 ./Drivers/STM32H7xx_HAL_Driver/stm32h7xx_hal_pcd.o
                0x00000000080029f4                HAL_PCD_Init
 .text.HAL_PCDEx_ActivateLPM
                0x0000000008002c3c       0x48 ./Drivers/STM32H7xx_HAL_Driver/stm32h7xx_hal_pcd_ex.o
                0x0000000008002c3c                HAL_PCDEx_ActivateLPM
 .text.HAL_PWREx_ConfigSupply
                0x0000000008002c84       0xb4 ./Drivers/STM32H7xx_HAL_Driver/stm32h7xx_hal_pwr_ex.o
                0x0000000008002c84                HAL_PWREx_ConfigSupply
 .text.HAL_PWREx_EnableUSBVoltageDetector
                0x0000000008002d38       0x20 ./Drivers/STM32H7xx_HAL_Driver/stm32h7xx_hal_pwr_ex.o
                0x0000000008002d38                HAL_PWREx_EnableUSBVoltageDetector
 .text.HAL_RCC_OscConfig
                0x0000000008002d58      0x85c ./Drivers/STM32H7xx_HAL_Driver/stm32h7xx_hal_rcc.o
                0x0000000008002d58                HAL_RCC_OscConfig
 .text.HAL_RCC_ClockConfig
                0x00000000080035b4      0x36c ./Drivers/STM32H7xx_HAL_Driver/stm32h7xx_hal_rcc.o
                0x00000000080035b4                HAL_RCC_ClockConfig
 .text.HAL_RCC_GetSysClockFreq
                0x0000000008003920      0x2f4 ./Drivers/STM32H7xx_HAL_Driver/stm32h7xx_hal_rcc.o
                0x0000000008003920                HAL_RCC_GetSysClockFreq
 .text.HAL_RCC_GetHCLKFreq
                0x0000000008003c14       0x60 ./Drivers/STM32H7xx_HAL_Driver/stm32h7xx_hal_rcc.o
                0x0000000008003c14                HAL_RCC_GetHCLKFreq
 .text.HAL_RCC_GetPCLK1Freq
                0x0000000008003c74       0x2c ./Drivers/STM32H7xx_HAL_Driver/stm32h7xx_hal_rcc.o
                0x0000000008003c74                HAL_RCC_GetPCLK1Freq
 .text.HAL_RCC_GetPCLK2Freq
                0x0000000008003ca0       0x2c ./Drivers/STM32H7xx_HAL_Driver/stm32h7xx_hal_rcc.o
                0x0000000008003ca0                HAL_RCC_GetPCLK2Freq
 .text.HAL_RCCEx_PeriphCLKConfig
                0x0000000008003ccc      0xe8c ./Drivers/STM32H7xx_HAL_Driver/stm32h7xx_hal_rcc_ex.o
                0x0000000008003ccc                HAL_RCCEx_PeriphCLKConfig
 .text.HAL_RCCEx_GetD3PCLK1Freq
                0x0000000008004b58       0x2c ./Drivers/STM32H7xx_HAL_Driver/stm32h7xx_hal_rcc_ex.o
                0x0000000008004b58                HAL_RCCEx_GetD3PCLK1Freq
 .text.HAL_RCCEx_GetPLL2ClockFreq
                0x0000000008004b84      0x2a8 ./Drivers/STM32H7xx_HAL_Driver/stm32h7xx_hal_rcc_ex.o
                0x0000000008004b84                HAL_RCCEx_GetPLL2ClockFreq
 .text.HAL_RCCEx_GetPLL3ClockFreq
                0x0000000008004e2c      0x2a8 ./Drivers/STM32H7xx_HAL_Driver/stm32h7xx_hal_rcc_ex.o
                0x0000000008004e2c                HAL_RCCEx_GetPLL3ClockFreq
 .text.RCCEx_PLL2_Config
                0x00000000080050d4      0x164 ./Drivers/STM32H7xx_HAL_Driver/stm32h7xx_hal_rcc_ex.o
 .text.RCCEx_PLL3_Config
                0x0000000008005238      0x164 ./Drivers/STM32H7xx_HAL_Driver/stm32h7xx_hal_rcc_ex.o
 .text.HAL_UART_Init
                0x000000000800539c       0xa0 ./Drivers/STM32H7xx_HAL_Driver/stm32h7xx_hal_uart.o
                0x000000000800539c                HAL_UART_Init
 .text.UART_SetConfig
                0x000000000800543c      0xad0 ./Drivers/STM32H7xx_HAL_Driver/stm32h7xx_hal_uart.o
                0x000000000800543c                UART_SetConfig
 .text.UART_AdvFeatureConfig
                0x0000000008005f0c      0x144 ./Drivers/STM32H7xx_HAL_Driver/stm32h7xx_hal_uart.o
                0x0000000008005f0c                UART_AdvFeatureConfig
 .text.UART_CheckIdleState
                0x0000000008006050       0x96 ./Drivers/STM32H7xx_HAL_Driver/stm32h7xx_hal_uart.o
                0x0000000008006050                UART_CheckIdleState
 .text.UART_WaitOnFlagUntilTimeout
                0x00000000080060e6      0x190 ./Drivers/STM32H7xx_HAL_Driver/stm32h7xx_hal_uart.o
                0x00000000080060e6                UART_WaitOnFlagUntilTimeout
 .text.HAL_UARTEx_DisableFifoMode
                0x0000000008006276       0x72 ./Drivers/STM32H7xx_HAL_Driver/stm32h7xx_hal_uart_ex.o
                0x0000000008006276                HAL_UARTEx_DisableFifoMode
 .text.HAL_UARTEx_SetTxFifoThreshold
                0x00000000080062e8       0x7c ./Drivers/STM32H7xx_HAL_Driver/stm32h7xx_hal_uart_ex.o
                0x00000000080062e8                HAL_UARTEx_SetTxFifoThreshold
 .text.HAL_UARTEx_SetRxFifoThreshold
                0x0000000008006364       0x7c ./Drivers/STM32H7xx_HAL_Driver/stm32h7xx_hal_uart_ex.o
                0x0000000008006364                HAL_UARTEx_SetRxFifoThreshold
 .text.UARTEx_SetNbDataToProcess
                0x00000000080063e0       0x9c ./Drivers/STM32H7xx_HAL_Driver/stm32h7xx_hal_uart_ex.o
 .text.USB_CoreInit
                0x000000000800647c       0xdc ./Drivers/STM32H7xx_HAL_Driver/stm32h7xx_ll_usb.o
                0x000000000800647c                USB_CoreInit
 .text.USB_DisableGlobalInt
                0x0000000008006558       0x22 ./Drivers/STM32H7xx_HAL_Driver/stm32h7xx_ll_usb.o
                0x0000000008006558                USB_DisableGlobalInt
 .text.USB_SetCurrentMode
                0x000000000800657a       0x98 ./Drivers/STM32H7xx_HAL_Driver/stm32h7xx_ll_usb.o
                0x000000000800657a                USB_SetCurrentMode
 *fill*         0x0000000008006612        0x2 
 .text.USB_DevInit
                0x0000000008006614      0x2bc ./Drivers/STM32H7xx_HAL_Driver/stm32h7xx_ll_usb.o
                0x0000000008006614                USB_DevInit
 .text.USB_FlushTxFifo
                0x00000000080068d0       0x68 ./Drivers/STM32H7xx_HAL_Driver/stm32h7xx_ll_usb.o
                0x00000000080068d0                USB_FlushTxFifo
 .text.USB_FlushRxFifo
                0x0000000008006938       0x60 ./Drivers/STM32H7xx_HAL_Driver/stm32h7xx_ll_usb.o
                0x0000000008006938                USB_FlushRxFifo
 .text.USB_SetDevSpeed
                0x0000000008006998       0x32 ./Drivers/STM32H7xx_HAL_Driver/stm32h7xx_ll_usb.o
                0x0000000008006998                USB_SetDevSpeed
 .text.USB_DevDisconnect
                0x00000000080069ca       0x42 ./Drivers/STM32H7xx_HAL_Driver/stm32h7xx_ll_usb.o
                0x00000000080069ca                USB_DevDisconnect
 .text.USB_GetMode
                0x0000000008006a0c       0x1c ./Drivers/STM32H7xx_HAL_Driver/stm32h7xx_ll_usb.o
                0x0000000008006a0c                USB_GetMode
 .text.USB_CoreReset
                0x0000000008006a28       0x68 ./Drivers/STM32H7xx_HAL_Driver/stm32h7xx_ll_usb.o
 .text.__libc_init_array
                0x0000000008006a90       0x48 c:/st/stm32cubeide_1.9.0/stm32cubeide/plugins/com.st.stm32cube.ide.mcu.externaltools.gnu-tools-for-stm32.10.3-2021.10.win32_1.0.0.202111181127/tools/bin/../lib/gcc/arm-none-eabi/10.3.1/../../../../arm-none-eabi/lib/thumb/v7e-m+dp/hard\libc_nano.a(lib_a-init.o)
                0x0000000008006a90                __libc_init_array
 .text.memmove  0x0000000008006ad8       0x34 c:/st/stm32cubeide_1.9.0/stm32cubeide/plugins/com.st.stm32cube.ide.mcu.externaltools.gnu-tools-for-stm32.10.3-2021.10.win32_1.0.0.202111181127/tools/bin/../lib/gcc/arm-none-eabi/10.3.1/../../../../arm-none-eabi/lib/thumb/v7e-m+dp/hard\libc_nano.a(lib_a-memmove.o)
                0x0000000008006ad8                memmove
 .text.memset   0x0000000008006b0c       0x10 c:/st/stm32cubeide_1.9.0/stm32cubeide/plugins/com.st.stm32cube.ide.mcu.externaltools.gnu-tools-for-stm32.10.3-2021.10.win32_1.0.0.202111181127/tools/bin/../lib/gcc/arm-none-eabi/10.3.1/../../../../arm-none-eabi/lib/thumb/v7e-m+dp/hard\libc_nano.a(lib_a-memset.o)
                0x0000000008006b0c                memset
 *(.glue_7)
 .glue_7        0x0000000008006b1c        0x0 linker stubs
 *(.glue_7t)
 .glue_7t       0x0000000008006b1c        0x0 linker stubs
 *(.eh_frame)
 .eh_frame      0x0000000008006b1c        0x0 c:/st/stm32cubeide_1.9.0/stm32cubeide/plugins/com.st.stm32cube.ide.mcu.externaltools.gnu-tools-for-stm32.10.3-2021.10.win32_1.0.0.202111181127/tools/bin/../lib/gcc/arm-none-eabi/10.3.1/thumb/v7e-m+dp/hard/crtbegin.o
 *(.init)
 .init          0x0000000008006b1c        0x4 c:/st/stm32cubeide_1.9.0/stm32cubeide/plugins/com.st.stm32cube.ide.mcu.externaltools.gnu-tools-for-stm32.10.3-2021.10.win32_1.0.0.202111181127/tools/bin/../lib/gcc/arm-none-eabi/10.3.1/thumb/v7e-m+dp/hard/crti.o
                0x0000000008006b1c                _init
 .init          0x0000000008006b20        0x8 c:/st/stm32cubeide_1.9.0/stm32cubeide/plugins/com.st.stm32cube.ide.mcu.externaltools.gnu-tools-for-stm32.10.3-2021.10.win32_1.0.0.202111181127/tools/bin/../lib/gcc/arm-none-eabi/10.3.1/thumb/v7e-m+dp/hard/crtn.o
 *(.fini)
 .fini          0x0000000008006b28        0x4 c:/st/stm32cubeide_1.9.0/stm32cubeide/plugins/com.st.stm32cube.ide.mcu.externaltools.gnu-tools-for-stm32.10.3-2021.10.win32_1.0.0.202111181127/tools/bin/../lib/gcc/arm-none-eabi/10.3.1/thumb/v7e-m+dp/hard/crti.o
                0x0000000008006b28                _fini
 .fini          0x0000000008006b2c        0x8 c:/st/stm32cubeide_1.9.0/stm32cubeide/plugins/com.st.stm32cube.ide.mcu.externaltools.gnu-tools-for-stm32.10.3-2021.10.win32_1.0.0.202111181127/tools/bin/../lib/gcc/arm-none-eabi/10.3.1/thumb/v7e-m+dp/hard/crtn.o
                0x0000000008006b34                . = ALIGN (0x4)
                0x0000000008006b34                _etext = .

.vfp11_veneer   0x0000000008006b34        0x0
 .vfp11_veneer  0x0000000008006b34        0x0 linker stubs

.v4_bx          0x0000000008006b34        0x0
 .v4_bx         0x0000000008006b34        0x0 linker stubs

.iplt           0x0000000008006b34        0x0
 .iplt          0x0000000008006b34        0x0 c:/st/stm32cubeide_1.9.0/stm32cubeide/plugins/com.st.stm32cube.ide.mcu.externaltools.gnu-tools-for-stm32.10.3-2021.10.win32_1.0.0.202111181127/tools/bin/../lib/gcc/arm-none-eabi/10.3.1/thumb/v7e-m+dp/hard/crtbegin.o

.rodata         0x0000000008006b34       0x44
                0x0000000008006b34                . = ALIGN (0x4)
 *(.rodata)
 .rodata        0x0000000008006b34        0xc ./Core/Src/cpp_main.o
 *(.rodata*)
 .rodata.D1CorePrescTable
                0x0000000008006b40       0x10 ./Common/Src/system_stm32h7xx_dualcore_boot_cm4_cm7.o
                0x0000000008006b40                D1CorePrescTable
 .rodata.UARTPrescTable
                0x0000000008006b50       0x18 ./Drivers/STM32H7xx_HAL_Driver/stm32h7xx_hal_uart.o
                0x0000000008006b50                UARTPrescTable
 .rodata.numerator.1
                0x0000000008006b68        0x8 ./Drivers/STM32H7xx_HAL_Driver/stm32h7xx_hal_uart_ex.o
 .rodata.denominator.0
                0x0000000008006b70        0x8 ./Drivers/STM32H7xx_HAL_Driver/stm32h7xx_hal_uart_ex.o
                0x0000000008006b78                . = ALIGN (0x4)

.ARM.extab      0x0000000008006b78        0x0
                0x0000000008006b78                . = ALIGN (0x4)
 *(.ARM.extab* .gnu.linkonce.armextab.*)
                0x0000000008006b78                . = ALIGN (0x4)

.ARM            0x0000000008006b78        0x8
                0x0000000008006b78                . = ALIGN (0x4)
                0x0000000008006b78                __exidx_start = .
 *(.ARM.exidx*)
 .ARM.exidx     0x0000000008006b78        0x8 c:/st/stm32cubeide_1.9.0/stm32cubeide/plugins/com.st.stm32cube.ide.mcu.externaltools.gnu-tools-for-stm32.10.3-2021.10.win32_1.0.0.202111181127/tools/bin/../lib/gcc/arm-none-eabi/10.3.1/thumb/v7e-m+dp/hard\libgcc.a(_udivmoddi4.o)
                0x0000000008006b80                __exidx_end = .
                0x0000000008006b80                . = ALIGN (0x4)

.rel.dyn        0x0000000008006b80        0x0
 .rel.iplt      0x0000000008006b80        0x0 c:/st/stm32cubeide_1.9.0/stm32cubeide/plugins/com.st.stm32cube.ide.mcu.externaltools.gnu-tools-for-stm32.10.3-2021.10.win32_1.0.0.202111181127/tools/bin/../lib/gcc/arm-none-eabi/10.3.1/thumb/v7e-m+dp/hard/crtbegin.o

.preinit_array  0x0000000008006b80        0x0
                0x0000000008006b80                . = ALIGN (0x4)
                0x0000000008006b80                PROVIDE (__preinit_array_start = .)
 *(.preinit_array*)
                0x0000000008006b80                PROVIDE (__preinit_array_end = .)
                0x0000000008006b80                . = ALIGN (0x4)

.init_array     0x0000000008006b80        0x4
                0x0000000008006b80                . = ALIGN (0x4)
                0x0000000008006b80                PROVIDE (__init_array_start = .)
 *(SORT_BY_NAME(.init_array.*))
 *(.init_array*)
 .init_array    0x0000000008006b80        0x4 c:/st/stm32cubeide_1.9.0/stm32cubeide/plugins/com.st.stm32cube.ide.mcu.externaltools.gnu-tools-for-stm32.10.3-2021.10.win32_1.0.0.202111181127/tools/bin/../lib/gcc/arm-none-eabi/10.3.1/thumb/v7e-m+dp/hard/crtbegin.o
                0x0000000008006b84                PROVIDE (__init_array_end = .)
                0x0000000008006b84                . = ALIGN (0x4)

.fini_array     0x0000000008006b84        0x4
                0x0000000008006b84                . = ALIGN (0x4)
                [!provide]                        PROVIDE (__fini_array_start = .)
 *(SORT_BY_NAME(.fini_array.*))
 *(.fini_array*)
 .fini_array    0x0000000008006b84        0x4 c:/st/stm32cubeide_1.9.0/stm32cubeide/plugins/com.st.stm32cube.ide.mcu.externaltools.gnu-tools-for-stm32.10.3-2021.10.win32_1.0.0.202111181127/tools/bin/../lib/gcc/arm-none-eabi/10.3.1/thumb/v7e-m+dp/hard/crtbegin.o
                [!provide]                        PROVIDE (__fini_array_end = .)
                0x0000000008006b88                . = ALIGN (0x4)
                0x0000000008006b88                _sidata = LOADADDR (.data)

.data           0x0000000024000000       0x10 load address 0x0000000008006b88
                0x0000000024000000                . = ALIGN (0x4)
                0x0000000024000000                _sdata = .
 *(.data)
 *(.data*)
 .data.SystemCoreClock
                0x0000000024000000        0x4 ./Common/Src/system_stm32h7xx_dualcore_boot_cm4_cm7.o
                0x0000000024000000                SystemCoreClock
 .data.SystemD2Clock
                0x0000000024000004        0x4 ./Common/Src/system_stm32h7xx_dualcore_boot_cm4_cm7.o
                0x0000000024000004                SystemD2Clock
 .data.uwTickPrio
                0x0000000024000008        0x4 ./Drivers/STM32H7xx_HAL_Driver/stm32h7xx_hal.o
                0x0000000024000008                uwTickPrio
 .data.uwTickFreq
                0x000000002400000c        0x1 ./Drivers/STM32H7xx_HAL_Driver/stm32h7xx_hal.o
                0x000000002400000c                uwTickFreq
 *(.RamFunc)
 *(.RamFunc*)
                0x0000000024000010                . = ALIGN (0x4)
 *fill*         0x000000002400000d        0x3 
                0x0000000024000010                _edata = .

.igot.plt       0x0000000024000010        0x0 load address 0x0000000008006b98
 .igot.plt      0x0000000024000010        0x0 c:/st/stm32cubeide_1.9.0/stm32cubeide/plugins/com.st.stm32cube.ide.mcu.externaltools.gnu-tools-for-stm32.10.3-2021.10.win32_1.0.0.202111181127/tools/bin/../lib/gcc/arm-none-eabi/10.3.1/thumb/v7e-m+dp/hard/crtbegin.o

.RxDecripSection
                0x0000000024000010       0x60 load address 0x0000000008006b98
 .RxDecripSection
                0x0000000024000010       0x60 ./Core/Src/main.o
                0x0000000024000010                DMARxDscrTab

.TxDecripSection
                0x0000000024000070       0x60 load address 0x0000000008006bf8
 .TxDecripSection
                0x0000000024000070       0x60 ./Core/Src/main.o
                0x0000000024000070                DMATxDscrTab
                0x00000000240000d0                . = ALIGN (0x4)

.bss            0x00000000240000d0      0x6ac load address 0x0000000008006c58
                0x00000000240000d0                _sbss = .
                0x00000000240000d0                __bss_start__ = _sbss
 *(.bss)
 .bss           0x00000000240000d0       0x1c c:/st/stm32cubeide_1.9.0/stm32cubeide/plugins/com.st.stm32cube.ide.mcu.externaltools.gnu-tools-for-stm32.10.3-2021.10.win32_1.0.0.202111181127/tools/bin/../lib/gcc/arm-none-eabi/10.3.1/thumb/v7e-m+dp/hard/crtbegin.o
 *(.bss*)
 .bss.TxConfig  0x00000000240000ec       0x38 ./Core/Src/main.o
                0x00000000240000ec                TxConfig
 .bss.heth      0x0000000024000124       0xb0 ./Core/Src/main.o
                0x0000000024000124                heth
 .bss.huart3    0x00000000240001d4       0x90 ./Core/Src/main.o
                0x00000000240001d4                huart3
 .bss.hpcd_USB_OTG_FS
                0x0000000024000264      0x50c ./Core/Src/main.o
                0x0000000024000264                hpcd_USB_OTG_FS
 .bss.MACAddr.0
                0x0000000024000770        0x6 ./Core/Src/main.o
 *fill*         0x0000000024000776        0x2 
 .bss.uwTick    0x0000000024000778        0x4 ./Drivers/STM32H7xx_HAL_Driver/stm32h7xx_hal.o
                0x0000000024000778                uwTick
 *(COMMON)
                0x000000002400077c                . = ALIGN (0x4)
                0x000000002400077c                _ebss = .
                0x000000002400077c                __bss_end__ = _ebss

._user_heap_stack
                0x000000002400077c      0x604 load address 0x0000000008006c58
                0x0000000024000780                . = ALIGN (0x8)
 *fill*         0x000000002400077c        0x4 
                [!provide]                        PROVIDE (end = .)
                0x0000000024000780                PROVIDE (_end = .)
                0x0000000024000980                . = (. + _Min_Heap_Size)
 *fill*         0x0000000024000780      0x200 
                0x0000000024000d80                . = (. + _Min_Stack_Size)
 *fill*         0x0000000024000980      0x400 
                0x0000000024000d80                . = ALIGN (0x8)

/DISCARD/
 libc.a(*)
 libm.a(*)
 libgcc.a(*)

.ARM.attributes
                0x0000000000000000       0x2e
 *(.ARM.attributes)
 .ARM.attributes
                0x0000000000000000       0x1e c:/st/stm32cubeide_1.9.0/stm32cubeide/plugins/com.st.stm32cube.ide.mcu.externaltools.gnu-tools-for-stm32.10.3-2021.10.win32_1.0.0.202111181127/tools/bin/../lib/gcc/arm-none-eabi/10.3.1/thumb/v7e-m+dp/hard/crti.o
 .ARM.attributes
                0x000000000000001e       0x32 c:/st/stm32cubeide_1.9.0/stm32cubeide/plugins/com.st.stm32cube.ide.mcu.externaltools.gnu-tools-for-stm32.10.3-2021.10.win32_1.0.0.202111181127/tools/bin/../lib/gcc/arm-none-eabi/10.3.1/thumb/v7e-m+dp/hard/crtbegin.o
 .ARM.attributes
                0x0000000000000050       0x32 ./Common/Src/system_stm32h7xx_dualcore_boot_cm4_cm7.o
 .ARM.attributes
                0x0000000000000082       0x32 ./Core/Src/cpp_main.o
 .ARM.attributes
                0x00000000000000b4       0x32 ./Core/Src/main.o
 .ARM.attributes
                0x00000000000000e6       0x32 ./Core/Src/stm32h7xx_hal_msp.o
 .ARM.attributes
                0x0000000000000118       0x32 ./Core/Src/stm32h7xx_it.o
 .ARM.attributes
                0x000000000000014a       0x21 ./Core/Startup/startup_stm32h745zitx.o
 .ARM.attributes
                0x000000000000016b       0x32 ./Drivers/STM32H7xx_HAL_Driver/stm32h7xx_hal.o
 .ARM.attributes
                0x000000000000019d       0x32 ./Drivers/STM32H7xx_HAL_Driver/stm32h7xx_hal_cortex.o
 .ARM.attributes
                0x00000000000001cf       0x32 ./Drivers/STM32H7xx_HAL_Driver/stm32h7xx_hal_eth.o
 .ARM.attributes
                0x0000000000000201       0x32 ./Drivers/STM32H7xx_HAL_Driver/stm32h7xx_hal_gpio.o
 .ARM.attributes
                0x0000000000000233       0x32 ./Drivers/STM32H7xx_HAL_Driver/stm32h7xx_hal_hsem.o
 .ARM.attributes
                0x0000000000000265       0x32 ./Drivers/STM32H7xx_HAL_Driver/stm32h7xx_hal_pcd.o
 .ARM.attributes
                0x0000000000000297       0x32 ./Drivers/STM32H7xx_HAL_Driver/stm32h7xx_hal_pcd_ex.o
 .ARM.attributes
                0x00000000000002c9       0x32 ./Drivers/STM32H7xx_HAL_Driver/stm32h7xx_hal_pwr_ex.o
 .ARM.attributes
                0x00000000000002fb       0x32 ./Drivers/STM32H7xx_HAL_Driver/stm32h7xx_hal_rcc.o
 .ARM.attributes
                0x000000000000032d       0x32 ./Drivers/STM32H7xx_HAL_Driver/stm32h7xx_hal_rcc_ex.o
 .ARM.attributes
                0x000000000000035f       0x32 ./Drivers/STM32H7xx_HAL_Driver/stm32h7xx_hal_uart.o
 .ARM.attributes
                0x0000000000000391       0x32 ./Drivers/STM32H7xx_HAL_Driver/stm32h7xx_hal_uart_ex.o
 .ARM.attributes
                0x00000000000003c3       0x32 ./Drivers/STM32H7xx_HAL_Driver/stm32h7xx_ll_usb.o
 .ARM.attributes
                0x00000000000003f5       0x32 c:/st/stm32cubeide_1.9.0/stm32cubeide/plugins/com.st.stm32cube.ide.mcu.externaltools.gnu-tools-for-stm32.10.3-2021.10.win32_1.0.0.202111181127/tools/bin/../lib/gcc/arm-none-eabi/10.3.1/../../../../arm-none-eabi/lib/thumb/v7e-m+dp/hard\libc_nano.a(lib_a-init.o)
 .ARM.attributes
                0x0000000000000427       0x32 c:/st/stm32cubeide_1.9.0/stm32cubeide/plugins/com.st.stm32cube.ide.mcu.externaltools.gnu-tools-for-stm32.10.3-2021.10.win32_1.0.0.202111181127/tools/bin/../lib/gcc/arm-none-eabi/10.3.1/../../../../arm-none-eabi/lib/thumb/v7e-m+dp/hard\libc_nano.a(lib_a-memmove.o)
 .ARM.attributes
                0x0000000000000459       0x32 c:/st/stm32cubeide_1.9.0/stm32cubeide/plugins/com.st.stm32cube.ide.mcu.externaltools.gnu-tools-for-stm32.10.3-2021.10.win32_1.0.0.202111181127/tools/bin/../lib/gcc/arm-none-eabi/10.3.1/../../../../arm-none-eabi/lib/thumb/v7e-m+dp/hard\libc_nano.a(lib_a-memset.o)
 .ARM.attributes
                0x000000000000048b       0x1e c:/st/stm32cubeide_1.9.0/stm32cubeide/plugins/com.st.stm32cube.ide.mcu.externaltools.gnu-tools-for-stm32.10.3-2021.10.win32_1.0.0.202111181127/tools/bin/../lib/gcc/arm-none-eabi/10.3.1/thumb/v7e-m+dp/hard\libgcc.a(_aeabi_uldivmod.o)
 .ARM.attributes
                0x00000000000004a9       0x32 c:/st/stm32cubeide_1.9.0/stm32cubeide/plugins/com.st.stm32cube.ide.mcu.externaltools.gnu-tools-for-stm32.10.3-2021.10.win32_1.0.0.202111181127/tools/bin/../lib/gcc/arm-none-eabi/10.3.1/thumb/v7e-m+dp/hard\libgcc.a(_udivmoddi4.o)
 .ARM.attributes
                0x00000000000004db       0x1e c:/st/stm32cubeide_1.9.0/stm32cubeide/plugins/com.st.stm32cube.ide.mcu.externaltools.gnu-tools-for-stm32.10.3-2021.10.win32_1.0.0.202111181127/tools/bin/../lib/gcc/arm-none-eabi/10.3.1/thumb/v7e-m+dp/hard\libgcc.a(_dvmd_tls.o)
 .ARM.attributes
                0x00000000000004f9       0x1e c:/st/stm32cubeide_1.9.0/stm32cubeide/plugins/com.st.stm32cube.ide.mcu.externaltools.gnu-tools-for-stm32.10.3-2021.10.win32_1.0.0.202111181127/tools/bin/../lib/gcc/arm-none-eabi/10.3.1/thumb/v7e-m+dp/hard/crtn.o
OUTPUT(CPP_Template_CM7.elf elf32-littlearm)
LOAD linker stubs
LOAD c:/st/stm32cubeide_1.9.0/stm32cubeide/plugins/com.st.stm32cube.ide.mcu.externaltools.gnu-tools-for-stm32.10.3-2021.10.win32_1.0.0.202111181127/tools/bin/../lib/gcc/arm-none-eabi/10.3.1/../../../../arm-none-eabi/lib/thumb/v7e-m+dp/hard\libc.a
LOAD c:/st/stm32cubeide_1.9.0/stm32cubeide/plugins/com.st.stm32cube.ide.mcu.externaltools.gnu-tools-for-stm32.10.3-2021.10.win32_1.0.0.202111181127/tools/bin/../lib/gcc/arm-none-eabi/10.3.1/../../../../arm-none-eabi/lib/thumb/v7e-m+dp/hard\libm.a
LOAD c:/st/stm32cubeide_1.9.0/stm32cubeide/plugins/com.st.stm32cube.ide.mcu.externaltools.gnu-tools-for-stm32.10.3-2021.10.win32_1.0.0.202111181127/tools/bin/../lib/gcc/arm-none-eabi/10.3.1/thumb/v7e-m+dp/hard\libgcc.a

.debug_info     0x0000000000000000    0x1e59d
 .debug_info    0x0000000000000000      0xdca ./Common/Src/system_stm32h7xx_dualcore_boot_cm4_cm7.o
 .debug_info    0x0000000000000dca     0x52a2 ./Core/Src/cpp_main.o
 .debug_info    0x000000000000606c     0x2a5e ./Core/Src/main.o
 .debug_info    0x0000000000008aca     0x25de ./Core/Src/stm32h7xx_hal_msp.o
 .debug_info    0x000000000000b0a8      0x137 ./Core/Src/stm32h7xx_it.o
 .debug_info    0x000000000000b1df       0x22 ./Core/Startup/startup_stm32h745zitx.o
 .debug_info    0x000000000000b201     0x1826 ./Drivers/STM32H7xx_HAL_Driver/stm32h7xx_hal.o
 .debug_info    0x000000000000ca27     0x118b ./Drivers/STM32H7xx_HAL_Driver/stm32h7xx_hal_cortex.o
 .debug_info    0x000000000000dbb2     0x2b62 ./Drivers/STM32H7xx_HAL_Driver/stm32h7xx_hal_eth.o
 .debug_info    0x0000000000010714      0xde0 ./Drivers/STM32H7xx_HAL_Driver/stm32h7xx_hal_gpio.o
 .debug_info    0x00000000000114f4      0x3fd ./Drivers/STM32H7xx_HAL_Driver/stm32h7xx_hal_hsem.o
 .debug_info    0x00000000000118f1     0x169b ./Drivers/STM32H7xx_HAL_Driver/stm32h7xx_hal_pcd.o
 .debug_info    0x0000000000012f8c      0x8fb ./Drivers/STM32H7xx_HAL_Driver/stm32h7xx_hal_pcd_ex.o
 .debug_info    0x0000000000013887     0x12c2 ./Drivers/STM32H7xx_HAL_Driver/stm32h7xx_hal_pwr_ex.o
 .debug_info    0x0000000000014b49      0xf48 ./Drivers/STM32H7xx_HAL_Driver/stm32h7xx_hal_rcc.o
 .debug_info    0x0000000000015a91     0x1394 ./Drivers/STM32H7xx_HAL_Driver/stm32h7xx_hal_rcc_ex.o
 .debug_info    0x0000000000016e25     0x4c42 ./Drivers/STM32H7xx_HAL_Driver/stm32h7xx_hal_uart.o
 .debug_info    0x000000000001ba67     0x100b ./Drivers/STM32H7xx_HAL_Driver/stm32h7xx_hal_uart_ex.o
 .debug_info    0x000000000001ca72     0x1b2b ./Drivers/STM32H7xx_HAL_Driver/stm32h7xx_ll_usb.o

.debug_abbrev   0x0000000000000000     0x2f96
 .debug_abbrev  0x0000000000000000      0x147 ./Common/Src/system_stm32h7xx_dualcore_boot_cm4_cm7.o
 .debug_abbrev  0x0000000000000147      0x69a ./Core/Src/cpp_main.o
 .debug_abbrev  0x00000000000007e1      0x322 ./Core/Src/main.o
 .debug_abbrev  0x0000000000000b03      0x27e ./Core/Src/stm32h7xx_hal_msp.o
 .debug_abbrev  0x0000000000000d81       0x74 ./Core/Src/stm32h7xx_it.o
 .debug_abbrev  0x0000000000000df5       0x12 ./Core/Startup/startup_stm32h745zitx.o
 .debug_abbrev  0x0000000000000e07      0x289 ./Drivers/STM32H7xx_HAL_Driver/stm32h7xx_hal.o
 .debug_abbrev  0x0000000000001090      0x329 ./Drivers/STM32H7xx_HAL_Driver/stm32h7xx_hal_cortex.o
 .debug_abbrev  0x00000000000013b9      0x2bd ./Drivers/STM32H7xx_HAL_Driver/stm32h7xx_hal_eth.o
 .debug_abbrev  0x0000000000001676      0x1ec ./Drivers/STM32H7xx_HAL_Driver/stm32h7xx_hal_gpio.o
 .debug_abbrev  0x0000000000001862      0x1d0 ./Drivers/STM32H7xx_HAL_Driver/stm32h7xx_hal_hsem.o
 .debug_abbrev  0x0000000000001a32      0x2d2 ./Drivers/STM32H7xx_HAL_Driver/stm32h7xx_hal_pcd.o
 .debug_abbrev  0x0000000000001d04      0x24a ./Drivers/STM32H7xx_HAL_Driver/stm32h7xx_hal_pcd_ex.o
 .debug_abbrev  0x0000000000001f4e      0x2bc ./Drivers/STM32H7xx_HAL_Driver/stm32h7xx_hal_pwr_ex.o
 .debug_abbrev  0x000000000000220a      0x2b8 ./Drivers/STM32H7xx_HAL_Driver/stm32h7xx_hal_rcc.o
 .debug_abbrev  0x00000000000024c2      0x25c ./Drivers/STM32H7xx_HAL_Driver/stm32h7xx_hal_rcc_ex.o
 .debug_abbrev  0x000000000000271e      0x325 ./Drivers/STM32H7xx_HAL_Driver/stm32h7xx_hal_uart.o
 .debug_abbrev  0x0000000000002a43      0x2bd ./Drivers/STM32H7xx_HAL_Driver/stm32h7xx_hal_uart_ex.o
 .debug_abbrev  0x0000000000002d00      0x296 ./Drivers/STM32H7xx_HAL_Driver/stm32h7xx_ll_usb.o

.debug_aranges  0x0000000000000000     0x1180
 .debug_aranges
                0x0000000000000000       0x28 ./Common/Src/system_stm32h7xx_dualcore_boot_cm4_cm7.o
 .debug_aranges
                0x0000000000000028      0x150 ./Core/Src/cpp_main.o
 .debug_aranges
                0x0000000000000178       0x50 ./Core/Src/main.o
 .debug_aranges
                0x00000000000001c8       0x50 ./Core/Src/stm32h7xx_hal_msp.o
 .debug_aranges
                0x0000000000000218       0x60 ./Core/Src/stm32h7xx_it.o
 .debug_aranges
                0x0000000000000278       0x28 ./Core/Startup/startup_stm32h745zitx.o
 .debug_aranges
                0x00000000000002a0      0x200 ./Drivers/STM32H7xx_HAL_Driver/stm32h7xx_hal.o
 .debug_aranges
                0x00000000000004a0      0x120 ./Drivers/STM32H7xx_HAL_Driver/stm32h7xx_hal_cortex.o
 .debug_aranges
                0x00000000000005c0      0x1d8 ./Drivers/STM32H7xx_HAL_Driver/stm32h7xx_hal_eth.o
 .debug_aranges
                0x0000000000000798       0x58 ./Drivers/STM32H7xx_HAL_Driver/stm32h7xx_hal_gpio.o
 .debug_aranges
                0x00000000000007f0       0x70 ./Drivers/STM32H7xx_HAL_Driver/stm32h7xx_hal_hsem.o
 .debug_aranges
                0x0000000000000860      0x140 ./Drivers/STM32H7xx_HAL_Driver/stm32h7xx_hal_pcd.o
 .debug_aranges
                0x00000000000009a0       0x60 ./Drivers/STM32H7xx_HAL_Driver/stm32h7xx_hal_pcd_ex.o
 .debug_aranges
                0x0000000000000a00      0x170 ./Drivers/STM32H7xx_HAL_Driver/stm32h7xx_hal_pwr_ex.o
 .debug_aranges
                0x0000000000000b70       0x88 ./Drivers/STM32H7xx_HAL_Driver/stm32h7xx_hal_rcc.o
 .debug_aranges
                0x0000000000000bf8      0x100 ./Drivers/STM32H7xx_HAL_Driver/stm32h7xx_hal_rcc_ex.o
 .debug_aranges
                0x0000000000000cf8      0x248 ./Drivers/STM32H7xx_HAL_Driver/stm32h7xx_hal_uart.o
 .debug_aranges
                0x0000000000000f40       0xa0 ./Drivers/STM32H7xx_HAL_Driver/stm32h7xx_hal_uart_ex.o
 .debug_aranges
                0x0000000000000fe0      0x1a0 ./Drivers/STM32H7xx_HAL_Driver/stm32h7xx_ll_usb.o

.debug_ranges   0x0000000000000000     0x10a0
 .debug_ranges  0x0000000000000000       0x18 ./Common/Src/system_stm32h7xx_dualcore_boot_cm4_cm7.o
 .debug_ranges  0x0000000000000018      0x158 ./Core/Src/cpp_main.o
 .debug_ranges  0x0000000000000170       0x40 ./Core/Src/main.o
 .debug_ranges  0x00000000000001b0       0x40 ./Core/Src/stm32h7xx_hal_msp.o
 .debug_ranges  0x00000000000001f0       0x50 ./Core/Src/stm32h7xx_it.o
 .debug_ranges  0x0000000000000240       0x20 ./Core/Startup/startup_stm32h745zitx.o
 .debug_ranges  0x0000000000000260      0x1f0 ./Drivers/STM32H7xx_HAL_Driver/stm32h7xx_hal.o
 .debug_ranges  0x0000000000000450      0x110 ./Drivers/STM32H7xx_HAL_Driver/stm32h7xx_hal_cortex.o
 .debug_ranges  0x0000000000000560      0x1c8 ./Drivers/STM32H7xx_HAL_Driver/stm32h7xx_hal_eth.o
 .debug_ranges  0x0000000000000728       0x48 ./Drivers/STM32H7xx_HAL_Driver/stm32h7xx_hal_gpio.o
 .debug_ranges  0x0000000000000770       0x60 ./Drivers/STM32H7xx_HAL_Driver/stm32h7xx_hal_hsem.o
 .debug_ranges  0x00000000000007d0      0x130 ./Drivers/STM32H7xx_HAL_Driver/stm32h7xx_hal_pcd.o
 .debug_ranges  0x0000000000000900       0x50 ./Drivers/STM32H7xx_HAL_Driver/stm32h7xx_hal_pcd_ex.o
 .debug_ranges  0x0000000000000950      0x160 ./Drivers/STM32H7xx_HAL_Driver/stm32h7xx_hal_pwr_ex.o
 .debug_ranges  0x0000000000000ab0       0x78 ./Drivers/STM32H7xx_HAL_Driver/stm32h7xx_hal_rcc.o
 .debug_ranges  0x0000000000000b28       0xf0 ./Drivers/STM32H7xx_HAL_Driver/stm32h7xx_hal_rcc_ex.o
 .debug_ranges  0x0000000000000c18      0x268 ./Drivers/STM32H7xx_HAL_Driver/stm32h7xx_hal_uart.o
 .debug_ranges  0x0000000000000e80       0x90 ./Drivers/STM32H7xx_HAL_Driver/stm32h7xx_hal_uart_ex.o
 .debug_ranges  0x0000000000000f10      0x190 ./Drivers/STM32H7xx_HAL_Driver/stm32h7xx_ll_usb.o

.debug_macro    0x0000000000000000    0x3f124
 .debug_macro   0x0000000000000000      0x2cc ./Common/Src/system_stm32h7xx_dualcore_boot_cm4_cm7.o
 .debug_macro   0x00000000000002cc      0xa96 ./Common/Src/system_stm32h7xx_dualcore_boot_cm4_cm7.o
 .debug_macro   0x0000000000000d62       0x2e ./Common/Src/system_stm32h7xx_dualcore_boot_cm4_cm7.o
 .debug_macro   0x0000000000000d90       0x49 ./Common/Src/system_stm32h7xx_dualcore_boot_cm4_cm7.o
 .debug_macro   0x0000000000000dd9       0x22 ./Common/Src/system_stm32h7xx_dualcore_boot_cm4_cm7.o
 .debug_macro   0x0000000000000dfb       0x8e ./Common/Src/system_stm32h7xx_dualcore_boot_cm4_cm7.o
 .debug_macro   0x0000000000000e89       0x51 ./Common/Src/system_stm32h7xx_dualcore_boot_cm4_cm7.o
 .debug_macro   0x0000000000000eda      0x103 ./Common/Src/system_stm32h7xx_dualcore_boot_cm4_cm7.o
 .debug_macro   0x0000000000000fdd       0x6a ./Common/Src/system_stm32h7xx_dualcore_boot_cm4_cm7.o
 .debug_macro   0x0000000000001047      0x1df ./Common/Src/system_stm32h7xx_dualcore_boot_cm4_cm7.o
 .debug_macro   0x0000000000001226       0x1c ./Common/Src/system_stm32h7xx_dualcore_boot_cm4_cm7.o
 .debug_macro   0x0000000000001242       0x22 ./Common/Src/system_stm32h7xx_dualcore_boot_cm4_cm7.o
 .debug_macro   0x0000000000001264       0xfb ./Common/Src/system_stm32h7xx_dualcore_boot_cm4_cm7.o
 .debug_macro   0x000000000000135f     0x1305 ./Common/Src/system_stm32h7xx_dualcore_boot_cm4_cm7.o
 .debug_macro   0x0000000000002664      0x11f ./Common/Src/system_stm32h7xx_dualcore_boot_cm4_cm7.o
 .debug_macro   0x0000000000002783       0x27 ./Common/Src/system_stm32h7xx_dualcore_boot_cm4_cm7.o
 .debug_macro   0x00000000000027aa    0x26d42 ./Common/Src/system_stm32h7xx_dualcore_boot_cm4_cm7.o
 .debug_macro   0x00000000000294ec       0x6d ./Common/Src/system_stm32h7xx_dualcore_boot_cm4_cm7.o
 .debug_macro   0x0000000000029559      0x23e ./Common/Src/system_stm32h7xx_dualcore_boot_cm4_cm7.o
 .debug_macro   0x0000000000029797     0x3d22 ./Common/Src/system_stm32h7xx_dualcore_boot_cm4_cm7.o
 .debug_macro   0x000000000002d4b9      0x174 ./Common/Src/system_stm32h7xx_dualcore_boot_cm4_cm7.o
 .debug_macro   0x000000000002d62d       0x52 ./Common/Src/system_stm32h7xx_dualcore_boot_cm4_cm7.o
 .debug_macro   0x000000000002d67f       0x1d ./Common/Src/system_stm32h7xx_dualcore_boot_cm4_cm7.o
 .debug_macro   0x000000000002d69c       0x3c ./Common/Src/system_stm32h7xx_dualcore_boot_cm4_cm7.o
 .debug_macro   0x000000000002d6d8       0x34 ./Common/Src/system_stm32h7xx_dualcore_boot_cm4_cm7.o
 .debug_macro   0x000000000002d70c       0x16 ./Common/Src/system_stm32h7xx_dualcore_boot_cm4_cm7.o
 .debug_macro   0x000000000002d722       0x43 ./Common/Src/system_stm32h7xx_dualcore_boot_cm4_cm7.o
 .debug_macro   0x000000000002d765       0x34 ./Common/Src/system_stm32h7xx_dualcore_boot_cm4_cm7.o
 .debug_macro   0x000000000002d799       0x10 ./Common/Src/system_stm32h7xx_dualcore_boot_cm4_cm7.o
 .debug_macro   0x000000000002d7a9       0x58 ./Common/Src/system_stm32h7xx_dualcore_boot_cm4_cm7.o
 .debug_macro   0x000000000002d801       0x71 ./Common/Src/system_stm32h7xx_dualcore_boot_cm4_cm7.o
 .debug_macro   0x000000000002d872       0x1c ./Common/Src/system_stm32h7xx_dualcore_boot_cm4_cm7.o
 .debug_macro   0x000000000002d88e      0x12a ./Common/Src/system_stm32h7xx_dualcore_boot_cm4_cm7.o
 .debug_macro   0x000000000002d9b8      0x341 ./Common/Src/system_stm32h7xx_dualcore_boot_cm4_cm7.o
 .debug_macro   0x000000000002dcf9      0x19b ./Common/Src/system_stm32h7xx_dualcore_boot_cm4_cm7.o
 .debug_macro   0x000000000002de94       0x5d ./Common/Src/system_stm32h7xx_dualcore_boot_cm4_cm7.o
 .debug_macro   0x000000000002def1     0x3a9d ./Common/Src/system_stm32h7xx_dualcore_boot_cm4_cm7.o
 .debug_macro   0x000000000003198e     0x1048 ./Common/Src/system_stm32h7xx_dualcore_boot_cm4_cm7.o
 .debug_macro   0x00000000000329d6      0x14d ./Common/Src/system_stm32h7xx_dualcore_boot_cm4_cm7.o
 .debug_macro   0x0000000000032b23      0x130 ./Common/Src/system_stm32h7xx_dualcore_boot_cm4_cm7.o
 .debug_macro   0x0000000000032c53      0x3be ./Common/Src/system_stm32h7xx_dualcore_boot_cm4_cm7.o
 .debug_macro   0x0000000000033011       0xac ./Common/Src/system_stm32h7xx_dualcore_boot_cm4_cm7.o
 .debug_macro   0x00000000000330bd      0x72d ./Common/Src/system_stm32h7xx_dualcore_boot_cm4_cm7.o
 .debug_macro   0x00000000000337ea      0x228 ./Common/Src/system_stm32h7xx_dualcore_boot_cm4_cm7.o
 .debug_macro   0x0000000000033a12       0x66 ./Common/Src/system_stm32h7xx_dualcore_boot_cm4_cm7.o
 .debug_macro   0x0000000000033a78      0x3bb ./Common/Src/system_stm32h7xx_dualcore_boot_cm4_cm7.o
 .debug_macro   0x0000000000033e33      0xa95 ./Common/Src/system_stm32h7xx_dualcore_boot_cm4_cm7.o
 .debug_macro   0x00000000000348c8      0x129 ./Common/Src/system_stm32h7xx_dualcore_boot_cm4_cm7.o
 .debug_macro   0x00000000000349f1      0x407 ./Common/Src/system_stm32h7xx_dualcore_boot_cm4_cm7.o
 .debug_macro   0x0000000000034df8      0x27c ./Common/Src/system_stm32h7xx_dualcore_boot_cm4_cm7.o
 .debug_macro   0x0000000000035074      0x3ca ./Common/Src/system_stm32h7xx_dualcore_boot_cm4_cm7.o
 .debug_macro   0x000000000003543e      0x4a2 ./Common/Src/system_stm32h7xx_dualcore_boot_cm4_cm7.o
 .debug_macro   0x00000000000358e0       0x51 ./Common/Src/system_stm32h7xx_dualcore_boot_cm4_cm7.o
 .debug_macro   0x0000000000035931       0x4a ./Common/Src/system_stm32h7xx_dualcore_boot_cm4_cm7.o
 .debug_macro   0x000000000003597b      0x22c ./Common/Src/system_stm32h7xx_dualcore_boot_cm4_cm7.o
 .debug_macro   0x0000000000035ba7       0x67 ./Common/Src/system_stm32h7xx_dualcore_boot_cm4_cm7.o
 .debug_macro   0x0000000000035c0e       0xa5 ./Common/Src/system_stm32h7xx_dualcore_boot_cm4_cm7.o
 .debug_macro   0x0000000000035cb3      0x218 ./Common/Src/system_stm32h7xx_dualcore_boot_cm4_cm7.o
 .debug_macro   0x0000000000035ecb      0x2ea ./Common/Src/system_stm32h7xx_dualcore_boot_cm4_cm7.o
 .debug_macro   0x00000000000361b5       0x35 ./Common/Src/system_stm32h7xx_dualcore_boot_cm4_cm7.o
 .debug_macro   0x00000000000361ea      0x67e ./Common/Src/system_stm32h7xx_dualcore_boot_cm4_cm7.o
 .debug_macro   0x0000000000036868       0xa6 ./Common/Src/system_stm32h7xx_dualcore_boot_cm4_cm7.o
 .debug_macro   0x000000000003690e      0x248 ./Common/Src/system_stm32h7xx_dualcore_boot_cm4_cm7.o
 .debug_macro   0x0000000000036b56       0x90 ./Common/Src/system_stm32h7xx_dualcore_boot_cm4_cm7.o
 .debug_macro   0x0000000000036be6      0x798 ./Common/Src/system_stm32h7xx_dualcore_boot_cm4_cm7.o
 .debug_macro   0x000000000003737e      0xa74 ./Core/Src/cpp_main.o
 .debug_macro   0x0000000000037df2      0xc2e ./Core/Src/cpp_main.o
 .debug_macro   0x0000000000038a20       0x1c ./Core/Src/cpp_main.o
 .debug_macro   0x0000000000038a3c     0x1305 ./Core/Src/cpp_main.o
 .debug_macro   0x0000000000039d41      0x17b ./Core/Src/cpp_main.o
 .debug_macro   0x0000000000039ebc      0x18a ./Core/Src/cpp_main.o
 .debug_macro   0x000000000003a046       0x10 ./Core/Src/cpp_main.o
 .debug_macro   0x000000000003a056       0xba ./Core/Src/cpp_main.o
 .debug_macro   0x000000000003a110       0xf7 ./Core/Src/cpp_main.o
 .debug_macro   0x000000000003a207      0x34c ./Core/Src/cpp_main.o
 .debug_macro   0x000000000003a553       0x18 ./Core/Src/cpp_main.o
 .debug_macro   0x000000000003a56b       0x34 ./Core/Src/cpp_main.o
 .debug_macro   0x000000000003a59f       0x43 ./Core/Src/cpp_main.o
 .debug_macro   0x000000000003a5e2       0x16 ./Core/Src/cpp_main.o
 .debug_macro   0x000000000003a5f8      0x364 ./Core/Src/cpp_main.o
 .debug_macro   0x000000000003a95c      0x194 ./Core/Src/cpp_main.o
 .debug_macro   0x000000000003aaf0       0x10 ./Core/Src/cpp_main.o
 .debug_macro   0x000000000003ab00       0x16 ./Core/Src/cpp_main.o
 .debug_macro   0x000000000003ab16       0x35 ./Core/Src/cpp_main.o
 .debug_macro   0x000000000003ab4b       0x16 ./Core/Src/cpp_main.o
 .debug_macro   0x000000000003ab61       0x29 ./Core/Src/cpp_main.o
 .debug_macro   0x000000000003ab8a       0x10 ./Core/Src/cpp_main.o
 .debug_macro   0x000000000003ab9a      0x3d5 ./Core/Src/cpp_main.o
 .debug_macro   0x000000000003af6f       0x16 ./Core/Src/cpp_main.o
 .debug_macro   0x000000000003af85       0x1c ./Core/Src/cpp_main.o
 .debug_macro   0x000000000003afa1       0x4f ./Core/Src/cpp_main.o
 .debug_macro   0x000000000003aff0       0x94 ./Core/Src/cpp_main.o
 .debug_macro   0x000000000003b084       0x19 ./Core/Src/cpp_main.o
 .debug_macro   0x000000000003b09d       0x10 ./Core/Src/cpp_main.o
 .debug_macro   0x000000000003b0ad       0x17 ./Core/Src/cpp_main.o
 .debug_macro   0x000000000003b0c4       0x10 ./Core/Src/cpp_main.o
 .debug_macro   0x000000000003b0d4       0x28 ./Core/Src/cpp_main.o
 .debug_macro   0x000000000003b0fc       0x2e ./Core/Src/cpp_main.o
 .debug_macro   0x000000000003b12a       0x16 ./Core/Src/cpp_main.o
 .debug_macro   0x000000000003b140       0x10 ./Core/Src/cpp_main.o
 .debug_macro   0x000000000003b150       0x12 ./Core/Src/cpp_main.o
 .debug_macro   0x000000000003b162       0x19 ./Core/Src/cpp_main.o
 .debug_macro   0x000000000003b17b       0x88 ./Core/Src/cpp_main.o
 .debug_macro   0x000000000003b203       0x19 ./Core/Src/cpp_main.o
 .debug_macro   0x000000000003b21c      0x120 ./Core/Src/cpp_main.o
 .debug_macro   0x000000000003b33c       0x11 ./Core/Src/cpp_main.o
 .debug_macro   0x000000000003b34d       0x17 ./Core/Src/cpp_main.o
 .debug_macro   0x000000000003b364       0x17 ./Core/Src/cpp_main.o
 .debug_macro   0x000000000003b37b       0x17 ./Core/Src/cpp_main.o
 .debug_macro   0x000000000003b392       0x17 ./Core/Src/cpp_main.o
 .debug_macro   0x000000000003b3a9       0x17 ./Core/Src/cpp_main.o
 .debug_macro   0x000000000003b3c0       0x17 ./Core/Src/cpp_main.o
 .debug_macro   0x000000000003b3d7       0x40 ./Core/Src/cpp_main.o
 .debug_macro   0x000000000003b417       0x35 ./Core/Src/cpp_main.o
 .debug_macro   0x000000000003b44c       0xf0 ./Core/Src/cpp_main.o
 .debug_macro   0x000000000003b53c       0x11 ./Core/Src/cpp_main.o
 .debug_macro   0x000000000003b54d       0x12 ./Core/Src/cpp_main.o
 .debug_macro   0x000000000003b55f       0x22 ./Core/Src/cpp_main.o
 .debug_macro   0x000000000003b581       0x3c ./Core/Src/cpp_main.o
 .debug_macro   0x000000000003b5bd       0x10 ./Core/Src/cpp_main.o
 .debug_macro   0x000000000003b5cd       0x10 ./Core/Src/cpp_main.o
 .debug_macro   0x000000000003b5dd       0x33 ./Core/Src/cpp_main.o
 .debug_macro   0x000000000003b610      0x173 ./Core/Src/cpp_main.o
 .debug_macro   0x000000000003b783       0x10 ./Core/Src/cpp_main.o
 .debug_macro   0x000000000003b793       0x5e ./Core/Src/cpp_main.o
 .debug_macro   0x000000000003b7f1       0x16 ./Core/Src/cpp_main.o
 .debug_macro   0x000000000003b807       0x52 ./Core/Src/cpp_main.o
 .debug_macro   0x000000000003b859       0x5e ./Core/Src/cpp_main.o
 .debug_macro   0x000000000003b8b7       0x11 ./Core/Src/cpp_main.o
 .debug_macro   0x000000000003b8c8       0x2f ./Core/Src/cpp_main.o
 .debug_macro   0x000000000003b8f7       0x16 ./Core/Src/cpp_main.o
 .debug_macro   0x000000000003b90d       0x11 ./Core/Src/cpp_main.o
 .debug_macro   0x000000000003b91e       0x11 ./Core/Src/cpp_main.o
 .debug_macro   0x000000000003b92f       0x11 ./Core/Src/cpp_main.o
 .debug_macro   0x000000000003b940       0x18 ./Core/Src/cpp_main.o
 .debug_macro   0x000000000003b958       0x17 ./Core/Src/cpp_main.o
 .debug_macro   0x000000000003b96f       0x17 ./Core/Src/cpp_main.o
 .debug_macro   0x000000000003b986       0x17 ./Core/Src/cpp_main.o
 .debug_macro   0x000000000003b99d       0x1c ./Core/Src/cpp_main.o
 .debug_macro   0x000000000003b9b9       0x10 ./Core/Src/cpp_main.o
 .debug_macro   0x000000000003b9c9       0x1c ./Core/Src/cpp_main.o
 .debug_macro   0x000000000003b9e5       0x52 ./Core/Src/cpp_main.o
 .debug_macro   0x000000000003ba37       0x22 ./Core/Src/cpp_main.o
 .debug_macro   0x000000000003ba59       0x10 ./Core/Src/cpp_main.o
 .debug_macro   0x000000000003ba69       0x52 ./Core/Src/cpp_main.o
 .debug_macro   0x000000000003babb       0xd5 ./Core/Src/cpp_main.o
 .debug_macro   0x000000000003bb90       0x1c ./Core/Src/cpp_main.o
 .debug_macro   0x000000000003bbac       0x3d ./Core/Src/cpp_main.o
 .debug_macro   0x000000000003bbe9       0x16 ./Core/Src/cpp_main.o
 .debug_macro   0x000000000003bbff      0x130 ./Core/Src/cpp_main.o
 .debug_macro   0x000000000003bd2f      0x11d ./Core/Src/cpp_main.o
 .debug_macro   0x000000000003be4c       0x10 ./Core/Src/cpp_main.o
 .debug_macro   0x000000000003be5c      0x241 ./Core/Src/cpp_main.o
 .debug_macro   0x000000000003c09d       0x11 ./Core/Src/cpp_main.o
 .debug_macro   0x000000000003c0ae       0x1c ./Core/Src/cpp_main.o
 .debug_macro   0x000000000003c0ca       0x11 ./Core/Src/cpp_main.o
 .debug_macro   0x000000000003c0db       0x1f ./Core/Src/cpp_main.o
 .debug_macro   0x000000000003c0fa       0x10 ./Core/Src/cpp_main.o
 .debug_macro   0x000000000003c10a       0x11 ./Core/Src/cpp_main.o
 .debug_macro   0x000000000003c11b       0x10 ./Core/Src/cpp_main.o
 .debug_macro   0x000000000003c12b       0x11 ./Core/Src/cpp_main.o
 .debug_macro   0x000000000003c13c       0x2d ./Core/Src/cpp_main.o
 .debug_macro   0x000000000003c169       0x26 ./Core/Src/cpp_main.o
 .debug_macro   0x000000000003c18f       0x41 ./Core/Src/cpp_main.o
 .debug_macro   0x000000000003c1d0       0x10 ./Core/Src/cpp_main.o
 .debug_macro   0x000000000003c1e0      0x31b ./Core/Src/main.o
 .debug_macro   0x000000000003c4fb       0x16 ./Core/Src/main.o
 .debug_macro   0x000000000003c511       0x35 ./Core/Src/main.o
 .debug_macro   0x000000000003c546       0x20 ./Core/Src/main.o
 .debug_macro   0x000000000003c566      0x2db ./Core/Src/stm32h7xx_hal_msp.o
 .debug_macro   0x000000000003c841      0x2e5 ./Core/Src/stm32h7xx_it.o
 .debug_macro   0x000000000003cb26      0x2f6 ./Drivers/STM32H7xx_HAL_Driver/stm32h7xx_hal.o
 .debug_macro   0x000000000003ce1c      0x2cc ./Drivers/STM32H7xx_HAL_Driver/stm32h7xx_hal_cortex.o
 .debug_macro   0x000000000003d0e8      0x360 ./Drivers/STM32H7xx_HAL_Driver/stm32h7xx_hal_eth.o
 .debug_macro   0x000000000003d448      0x2e0 ./Drivers/STM32H7xx_HAL_Driver/stm32h7xx_hal_gpio.o
 .debug_macro   0x000000000003d728      0x2de ./Drivers/STM32H7xx_HAL_Driver/stm32h7xx_hal_hsem.o
 .debug_macro   0x000000000003da06      0x2d8 ./Drivers/STM32H7xx_HAL_Driver/stm32h7xx_hal_pcd.o
 .debug_macro   0x000000000003dcde      0x2cc ./Drivers/STM32H7xx_HAL_Driver/stm32h7xx_hal_pcd_ex.o
 .debug_macro   0x000000000003dfaa      0x305 ./Drivers/STM32H7xx_HAL_Driver/stm32h7xx_hal_pwr_ex.o
 .debug_macro   0x000000000003e2af      0x2f0 ./Drivers/STM32H7xx_HAL_Driver/stm32h7xx_hal_rcc.o
 .debug_macro   0x000000000003e59f      0x2ea ./Drivers/STM32H7xx_HAL_Driver/stm32h7xx_hal_rcc_ex.o
 .debug_macro   0x000000000003e889      0x2f7 ./Drivers/STM32H7xx_HAL_Driver/stm32h7xx_hal_uart.o
 .debug_macro   0x000000000003eb80      0x2d8 ./Drivers/STM32H7xx_HAL_Driver/stm32h7xx_hal_uart_ex.o
 .debug_macro   0x000000000003ee58      0x2cc ./Drivers/STM32H7xx_HAL_Driver/stm32h7xx_ll_usb.o

.debug_line     0x0000000000000000    0x1677b
 .debug_line    0x0000000000000000      0xa9c ./Common/Src/system_stm32h7xx_dualcore_boot_cm4_cm7.o
 .debug_line    0x0000000000000a9c     0x2075 ./Core/Src/cpp_main.o
 .debug_line    0x0000000000002b11      0xae1 ./Core/Src/main.o
 .debug_line    0x00000000000035f2      0x9fb ./Core/Src/stm32h7xx_hal_msp.o
 .debug_line    0x0000000000003fed      0x95c ./Core/Src/stm32h7xx_it.o
 .debug_line    0x0000000000004949       0x88 ./Core/Startup/startup_stm32h745zitx.o
 .debug_line    0x00000000000049d1      0xfdb ./Drivers/STM32H7xx_HAL_Driver/stm32h7xx_hal.o
 .debug_line    0x00000000000059ac      0xe8e ./Drivers/STM32H7xx_HAL_Driver/stm32h7xx_hal_cortex.o
 .debug_line    0x000000000000683a     0x1bd9 ./Drivers/STM32H7xx_HAL_Driver/stm32h7xx_hal_eth.o
 .debug_line    0x0000000000008413      0xd3f ./Drivers/STM32H7xx_HAL_Driver/stm32h7xx_hal_gpio.o
 .debug_line    0x0000000000009152      0xa3e ./Drivers/STM32H7xx_HAL_Driver/stm32h7xx_hal_hsem.o
 .debug_line    0x0000000000009b90     0x1656 ./Drivers/STM32H7xx_HAL_Driver/stm32h7xx_hal_pcd.o
 .debug_line    0x000000000000b1e6      0xa9e ./Drivers/STM32H7xx_HAL_Driver/stm32h7xx_hal_pcd_ex.o
 .debug_line    0x000000000000bc84     0x10a9 ./Drivers/STM32H7xx_HAL_Driver/stm32h7xx_hal_pwr_ex.o
 .debug_line    0x000000000000cd2d     0x13ea ./Drivers/STM32H7xx_HAL_Driver/stm32h7xx_hal_rcc.o
 .debug_line    0x000000000000e117     0x1bbc ./Drivers/STM32H7xx_HAL_Driver/stm32h7xx_hal_rcc_ex.o
 .debug_line    0x000000000000fcd3     0x3ed5 ./Drivers/STM32H7xx_HAL_Driver/stm32h7xx_hal_uart.o
 .debug_line    0x0000000000013ba8      0xf5a ./Drivers/STM32H7xx_HAL_Driver/stm32h7xx_hal_uart_ex.o
 .debug_line    0x0000000000014b02     0x1c79 ./Drivers/STM32H7xx_HAL_Driver/stm32h7xx_ll_usb.o

.debug_str      0x0000000000000000   0x18ba8c
 .debug_str     0x0000000000000000   0x17904f ./Common/Src/system_stm32h7xx_dualcore_boot_cm4_cm7.o
                                     0x1794d3 (size before relaxing)
 .debug_str     0x000000000017904f     0xb9fe ./Core/Src/cpp_main.o
                                     0x184a1e (size before relaxing)
 .debug_str     0x0000000000184a4d     0x16d0 ./Core/Src/main.o
                                     0x17a9f3 (size before relaxing)
 .debug_str     0x000000000018611d      0x3e7 ./Core/Src/stm32h7xx_hal_msp.o
                                     0x17a866 (size before relaxing)
 .debug_str     0x0000000000186504       0xc9 ./Core/Src/stm32h7xx_it.o
                                     0x17901e (size before relaxing)
 .debug_str     0x00000000001865cd       0x36 ./Core/Startup/startup_stm32h745zitx.o
                                         0x78 (size before relaxing)
 .debug_str     0x0000000000186603     0x11bb ./Drivers/STM32H7xx_HAL_Driver/stm32h7xx_hal.o
                                     0x17a577 (size before relaxing)
 .debug_str     0x00000000001877be      0x37e ./Drivers/STM32H7xx_HAL_Driver/stm32h7xx_hal_cortex.o
                                     0x179da6 (size before relaxing)
 .debug_str     0x0000000000187b3c     0x10e6 ./Drivers/STM32H7xx_HAL_Driver/stm32h7xx_hal_eth.o
                                     0x17ad66 (size before relaxing)
 .debug_str     0x0000000000188c22      0x151 ./Drivers/STM32H7xx_HAL_Driver/stm32h7xx_hal_gpio.o
                                     0x179478 (size before relaxing)
 .debug_str     0x0000000000188d73      0x21b ./Drivers/STM32H7xx_HAL_Driver/stm32h7xx_hal_hsem.o
                                     0x179103 (size before relaxing)
 .debug_str     0x0000000000188f8e      0x83b ./Drivers/STM32H7xx_HAL_Driver/stm32h7xx_hal_pcd.o
                                     0x179b9a (size before relaxing)
 .debug_str     0x00000000001897c9      0x1a9 ./Drivers/STM32H7xx_HAL_Driver/stm32h7xx_hal_pcd_ex.o
                                     0x179537 (size before relaxing)
 .debug_str     0x0000000000189972      0x691 ./Drivers/STM32H7xx_HAL_Driver/stm32h7xx_hal_pwr_ex.o
                                     0x179983 (size before relaxing)
 .debug_str     0x000000000018a003      0x24f ./Drivers/STM32H7xx_HAL_Driver/stm32h7xx_hal_rcc.o
                                     0x1797f9 (size before relaxing)
 .debug_str     0x000000000018a252      0x6a4 ./Drivers/STM32H7xx_HAL_Driver/stm32h7xx_hal_rcc_ex.o
                                     0x179d05 (size before relaxing)
 .debug_str     0x000000000018a8f6      0xaaf ./Drivers/STM32H7xx_HAL_Driver/stm32h7xx_hal_uart.o
                                     0x17a2ff (size before relaxing)
 .debug_str     0x000000000018b3a5      0x27c ./Drivers/STM32H7xx_HAL_Driver/stm32h7xx_hal_uart_ex.o
                                     0x1798a5 (size before relaxing)
 .debug_str     0x000000000018b621      0x46b ./Drivers/STM32H7xx_HAL_Driver/stm32h7xx_ll_usb.o
                                     0x179a21 (size before relaxing)

.comment        0x0000000000000000       0x50
 .comment       0x0000000000000000       0x50 ./Common/Src/system_stm32h7xx_dualcore_boot_cm4_cm7.o
                                         0x51 (size before relaxing)
 .comment       0x0000000000000050       0x51 ./Core/Src/cpp_main.o
 .comment       0x0000000000000050       0x51 ./Core/Src/main.o
 .comment       0x0000000000000050       0x51 ./Core/Src/stm32h7xx_hal_msp.o
 .comment       0x0000000000000050       0x51 ./Core/Src/stm32h7xx_it.o
 .comment       0x0000000000000050       0x51 ./Drivers/STM32H7xx_HAL_Driver/stm32h7xx_hal.o
 .comment       0x0000000000000050       0x51 ./Drivers/STM32H7xx_HAL_Driver/stm32h7xx_hal_cortex.o
 .comment       0x0000000000000050       0x51 ./Drivers/STM32H7xx_HAL_Driver/stm32h7xx_hal_eth.o
 .comment       0x0000000000000050       0x51 ./Drivers/STM32H7xx_HAL_Driver/stm32h7xx_hal_gpio.o
 .comment       0x0000000000000050       0x51 ./Drivers/STM32H7xx_HAL_Driver/stm32h7xx_hal_hsem.o
 .comment       0x0000000000000050       0x51 ./Drivers/STM32H7xx_HAL_Driver/stm32h7xx_hal_pcd.o
 .comment       0x0000000000000050       0x51 ./Drivers/STM32H7xx_HAL_Driver/stm32h7xx_hal_pcd_ex.o
 .comment       0x0000000000000050       0x51 ./Drivers/STM32H7xx_HAL_Driver/stm32h7xx_hal_pwr_ex.o
 .comment       0x0000000000000050       0x51 ./Drivers/STM32H7xx_HAL_Driver/stm32h7xx_hal_rcc.o
 .comment       0x0000000000000050       0x51 ./Drivers/STM32H7xx_HAL_Driver/stm32h7xx_hal_rcc_ex.o
 .comment       0x0000000000000050       0x51 ./Drivers/STM32H7xx_HAL_Driver/stm32h7xx_hal_uart.o
 .comment       0x0000000000000050       0x51 ./Drivers/STM32H7xx_HAL_Driver/stm32h7xx_hal_uart_ex.o
 .comment       0x0000000000000050       0x51 ./Drivers/STM32H7xx_HAL_Driver/stm32h7xx_ll_usb.o

.debug_frame    0x0000000000000000     0x4aac
 .debug_frame   0x0000000000000000       0x58 ./Common/Src/system_stm32h7xx_dualcore_boot_cm4_cm7.o
 .debug_frame   0x0000000000000058      0x5e8 ./Core/Src/cpp_main.o
 .debug_frame   0x0000000000000640       0xe4 ./Core/Src/main.o
 .debug_frame   0x0000000000000724      0x118 ./Core/Src/stm32h7xx_hal_msp.o
 .debug_frame   0x000000000000083c      0x104 ./Core/Src/stm32h7xx_it.o
 .debug_frame   0x0000000000000940      0x848 ./Drivers/STM32H7xx_HAL_Driver/stm32h7xx_hal.o
 .debug_frame   0x0000000000001188      0x4b8 ./Drivers/STM32H7xx_HAL_Driver/stm32h7xx_hal_cortex.o
 .debug_frame   0x0000000000001640      0x898 ./Drivers/STM32H7xx_HAL_Driver/stm32h7xx_hal_eth.o
 .debug_frame   0x0000000000001ed8      0x14c ./Drivers/STM32H7xx_HAL_Driver/stm32h7xx_hal_gpio.o
 .debug_frame   0x0000000000002024      0x1bc ./Drivers/STM32H7xx_HAL_Driver/stm32h7xx_hal_hsem.o
 .debug_frame   0x00000000000021e0      0x594 ./Drivers/STM32H7xx_HAL_Driver/stm32h7xx_hal_pcd.o
 .debug_frame   0x0000000000002774      0x174 ./Drivers/STM32H7xx_HAL_Driver/stm32h7xx_hal_pcd_ex.o
 .debug_frame   0x00000000000028e8      0x5ec ./Drivers/STM32H7xx_HAL_Driver/stm32h7xx_hal_pwr_ex.o
 .debug_frame   0x0000000000002ed4      0x1f8 ./Drivers/STM32H7xx_HAL_Driver/stm32h7xx_hal_rcc.o
 .debug_frame   0x00000000000030cc      0x41c ./Drivers/STM32H7xx_HAL_Driver/stm32h7xx_hal_rcc_ex.o
 .debug_frame   0x00000000000034e8      0xa94 ./Drivers/STM32H7xx_HAL_Driver/stm32h7xx_hal_uart.o
 .debug_frame   0x0000000000003f7c      0x29c ./Drivers/STM32H7xx_HAL_Driver/stm32h7xx_hal_uart_ex.o
 .debug_frame   0x0000000000004218      0x7c0 ./Drivers/STM32H7xx_HAL_Driver/stm32h7xx_ll_usb.o
 .debug_frame   0x00000000000049d8       0x2c c:/st/stm32cubeide_1.9.0/stm32cubeide/plugins/com.st.stm32cube.ide.mcu.externaltools.gnu-tools-for-stm32.10.3-2021.10.win32_1.0.0.202111181127/tools/bin/../lib/gcc/arm-none-eabi/10.3.1/../../../../arm-none-eabi/lib/thumb/v7e-m+dp/hard\libc_nano.a(lib_a-init.o)
 .debug_frame   0x0000000000004a04       0x28 c:/st/stm32cubeide_1.9.0/stm32cubeide/plugins/com.st.stm32cube.ide.mcu.externaltools.gnu-tools-for-stm32.10.3-2021.10.win32_1.0.0.202111181127/tools/bin/../lib/gcc/arm-none-eabi/10.3.1/../../../../arm-none-eabi/lib/thumb/v7e-m+dp/hard\libc_nano.a(lib_a-memmove.o)
 .debug_frame   0x0000000000004a2c       0x20 c:/st/stm32cubeide_1.9.0/stm32cubeide/plugins/com.st.stm32cube.ide.mcu.externaltools.gnu-tools-for-stm32.10.3-2021.10.win32_1.0.0.202111181127/tools/bin/../lib/gcc/arm-none-eabi/10.3.1/../../../../arm-none-eabi/lib/thumb/v7e-m+dp/hard\libc_nano.a(lib_a-memset.o)
 .debug_frame   0x0000000000004a4c       0x2c c:/st/stm32cubeide_1.9.0/stm32cubeide/plugins/com.st.stm32cube.ide.mcu.externaltools.gnu-tools-for-stm32.10.3-2021.10.win32_1.0.0.202111181127/tools/bin/../lib/gcc/arm-none-eabi/10.3.1/thumb/v7e-m+dp/hard\libgcc.a(_aeabi_uldivmod.o)
 .debug_frame   0x0000000000004a78       0x34 c:/st/stm32cubeide_1.9.0/stm32cubeide/plugins/com.st.stm32cube.ide.mcu.externaltools.gnu-tools-for-stm32.10.3-2021.10.win32_1.0.0.202111181127/tools/bin/../lib/gcc/arm-none-eabi/10.3.1/thumb/v7e-m+dp/hard\libgcc.a(_udivmoddi4.o)